Archive member included to satisfy reference by file (symbol)

c:/apps/gnu arm embedded toolchain/10 2021.10/bin/../lib/gcc/arm-none-eabi/10.3.1/thumb/v6-m/nofp\libgcc.a(_dvmd_tls.o)
                              CMakeFiles/main_blinky.dir/C_/repo/github/pico-sdk/src/rp2_common/pico_divider/divider.S.obj (__aeabi_idiv0)
c:/apps/gnu arm embedded toolchain/10 2021.10/bin/../lib/gcc/arm-none-eabi/10.3.1/../../../../arm-none-eabi/lib/thumb/v6-m/nofp\libg.a(lib_a-calloc.o)
                              CMakeFiles/main_blinky.dir/C_/repo/github/pico-sdk/src/rp2_common/pico_malloc/pico_malloc.c.obj (calloc)
c:/apps/gnu arm embedded toolchain/10 2021.10/bin/../lib/gcc/arm-none-eabi/10.3.1/../../../../arm-none-eabi/lib/thumb/v6-m/nofp\libg.a(lib_a-callocr.o)
                              c:/apps/gnu arm embedded toolchain/10 2021.10/bin/../lib/gcc/arm-none-eabi/10.3.1/../../../../arm-none-eabi/lib/thumb/v6-m/nofp\libg.a(lib_a-calloc.o) (_calloc_r)
c:/apps/gnu arm embedded toolchain/10 2021.10/bin/../lib/gcc/arm-none-eabi/10.3.1/../../../../arm-none-eabi/lib/thumb/v6-m/nofp\libg.a(lib_a-errno.o)
                              c:/apps/gnu arm embedded toolchain/10 2021.10/bin/../lib/gcc/arm-none-eabi/10.3.1/../../../../arm-none-eabi/lib/thumb/v6-m/nofp\libg.a(lib_a-callocr.o) (__errno)
c:/apps/gnu arm embedded toolchain/10 2021.10/bin/../lib/gcc/arm-none-eabi/10.3.1/../../../../arm-none-eabi/lib/thumb/v6-m/nofp\libg.a(lib_a-impure.o)
                              c:/apps/gnu arm embedded toolchain/10 2021.10/bin/../lib/gcc/arm-none-eabi/10.3.1/../../../../arm-none-eabi/lib/thumb/v6-m/nofp\libg.a(lib_a-calloc.o) (_impure_ptr)
c:/apps/gnu arm embedded toolchain/10 2021.10/bin/../lib/gcc/arm-none-eabi/10.3.1/../../../../arm-none-eabi/lib/thumb/v6-m/nofp\libg.a(lib_a-init.o)
                              c:/apps/gnu arm embedded toolchain/10 2021.10/bin/../lib/gcc/arm-none-eabi/10.3.1/../../../../arm-none-eabi/lib/thumb/v6-m/nofp/crt0.o (__libc_init_array)
c:/apps/gnu arm embedded toolchain/10 2021.10/bin/../lib/gcc/arm-none-eabi/10.3.1/../../../../arm-none-eabi/lib/thumb/v6-m/nofp\libg.a(lib_a-malloc.o)
                              CMakeFiles/main_blinky.dir/C_/repo/github/pico-sdk/src/rp2_common/pico_malloc/pico_malloc.c.obj (malloc)
c:/apps/gnu arm embedded toolchain/10 2021.10/bin/../lib/gcc/arm-none-eabi/10.3.1/../../../../arm-none-eabi/lib/thumb/v6-m/nofp\libg.a(lib_a-mallocr.o)
                              c:/apps/gnu arm embedded toolchain/10 2021.10/bin/../lib/gcc/arm-none-eabi/10.3.1/../../../../arm-none-eabi/lib/thumb/v6-m/nofp\libg.a(lib_a-callocr.o) (_malloc_r)
c:/apps/gnu arm embedded toolchain/10 2021.10/bin/../lib/gcc/arm-none-eabi/10.3.1/../../../../arm-none-eabi/lib/thumb/v6-m/nofp\libg.a(lib_a-mlock.o)
                              c:/apps/gnu arm embedded toolchain/10 2021.10/bin/../lib/gcc/arm-none-eabi/10.3.1/../../../../arm-none-eabi/lib/thumb/v6-m/nofp\libg.a(lib_a-mallocr.o) (__malloc_lock)
c:/apps/gnu arm embedded toolchain/10 2021.10/bin/../lib/gcc/arm-none-eabi/10.3.1/../../../../arm-none-eabi/lib/thumb/v6-m/nofp\libg.a(lib_a-sbrkr.o)
                              c:/apps/gnu arm embedded toolchain/10 2021.10/bin/../lib/gcc/arm-none-eabi/10.3.1/../../../../arm-none-eabi/lib/thumb/v6-m/nofp\libg.a(lib_a-mallocr.o) (_sbrk_r)
c:/apps/gnu arm embedded toolchain/10 2021.10/bin/../lib/gcc/arm-none-eabi/10.3.1/../../../../arm-none-eabi/lib/thumb/v6-m/nofp\libg.a(lib_a-strlen-stub.o)
                              CMakeFiles/main_blinky.dir/C_/repo/github/pico-sdk/src/rp2_common/pico_stdio/stdio.c.obj (strlen)
c:/apps/gnu arm embedded toolchain/10 2021.10/bin/../lib/gcc/arm-none-eabi/10.3.1/../../../../arm-none-eabi/lib/thumb/v6-m/nofp\libg.a(lib_a-freer.o)
                              c:/apps/gnu arm embedded toolchain/10 2021.10/bin/../lib/gcc/arm-none-eabi/10.3.1/../../../../arm-none-eabi/lib/thumb/v6-m/nofp\libg.a(lib_a-malloc.o) (_free_r)
c:/apps/gnu arm embedded toolchain/10 2021.10/bin/../lib/gcc/arm-none-eabi/10.3.1/../../../../arm-none-eabi/lib/thumb/v6-m/nofp\libg.a(lib_a-lock.o)
                              c:/apps/gnu arm embedded toolchain/10 2021.10/bin/../lib/gcc/arm-none-eabi/10.3.1/../../../../arm-none-eabi/lib/thumb/v6-m/nofp\libg.a(lib_a-mlock.o) (__retarget_lock_acquire_recursive)
c:/apps/gnu arm embedded toolchain/10 2021.10/bin/../lib/gcc/arm-none-eabi/10.3.1/../../../../arm-none-eabi/lib/thumb/v6-m/nofp\libg.a(lib_a-reent.o)
                              c:/apps/gnu arm embedded toolchain/10 2021.10/bin/../lib/gcc/arm-none-eabi/10.3.1/../../../../arm-none-eabi/lib/thumb/v6-m/nofp\libg.a(lib_a-sbrkr.o) (errno)

Discarded input sections

 .text          0x00000000        0x0 c:/apps/gnu arm embedded toolchain/10 2021.10/bin/../lib/gcc/arm-none-eabi/10.3.1/thumb/v6-m/nofp/crti.o
 .data          0x00000000        0x0 c:/apps/gnu arm embedded toolchain/10 2021.10/bin/../lib/gcc/arm-none-eabi/10.3.1/thumb/v6-m/nofp/crti.o
[...]
Memory Configuration

Name             Origin             Length             Attributes
FLASH            0x10000000         0x00200000         xr
RAM              0x20000000         0x00040000         xrw
SCRATCH_X        0x20040000         0x00001000         xrw
SCRATCH_Y        0x20041000         0x00001000         xrw
*default*        0x00000000         0xffffffff

Linker script and memory map

LOAD c:/apps/gnu arm embedded toolchain/10 2021.10/bin/../lib/gcc/arm-none-eabi/10.3.1/thumb/v6-m/nofp/crti.o
LOAD c:/apps/gnu arm embedded toolchain/10 2021.10/bin/../lib/gcc/arm-none-eabi/10.3.1/thumb/v6-m/nofp/crtbegin.o
LOAD c:/apps/gnu arm embedded toolchain/10 2021.10/bin/../lib/gcc/arm-none-eabi/10.3.1/../../../../arm-none-eabi/lib/thumb/v6-m/nofp/crt0.o

.flash_begin    0x10000000        0x0
                0x10000000                __flash_binary_start = .

.boot2          0x10000000      0x100
                0x10000000                __boot2_start__ = .
 *(.boot2)
 .boot2         0x10000000      0x100 C:\Users\BLA~1\AppData\Local\Temp\ccgdagQs.o
                0x10000100                __boot2_end__ = .
                0x00000001                ASSERT (((__boot2_end__ - __boot2_start__) == 0x100), ERROR: Pico second stage bootloader must be 256 bytes in size)

.text           0x10000100     0x60c8
                0x10000100                __logical_binary_start = .
 *(.vectors)
 .vectors       0x10000100       0xd4 CMakeFiles/main_blinky.dir/C_/repo/github/pico-sdk/src/rp2_common/pico_standard_link/crt0.S.obj
                0x10000100                __VECTOR_TABLE
                0x10000100                __vectors
                0x100001c0                isr_invalid
                0x100001c0                __default_isrs_start
                0x100001c2                isr_nmi
                0x100001c4                isr_hardfault
                0x100001c6                isr_svcall
                0x100001c8                isr_pendsv
                0x100001ca                isr_systick
                0x100001cc                isr_irq23
                0x100001cc                isr_irq18
                0x100001cc                isr_irq11
                0x100001cc                isr_irq28
                0x100001cc                isr_irq19
                0x100001cc                isr_irq0
                0x100001cc                isr_irq6
                0x100001cc                isr_irq5
                0x100001cc                isr_irq12
                0x100001cc                isr_irq22
                0x100001cc                isr_irq31
                0x100001cc                isr_irq17
                0x100001cc                isr_irq27
                0x100001cc                isr_irq30
                0x100001cc                isr_irq2
                0x100001cc                isr_irq10
                0x100001cc                isr_irq8
                0x100001cc                isr_irq24
                0x100001cc                isr_irq1
                0x100001cc                isr_irq7
                0x100001cc                isr_irq21
                0x100001cc                isr_irq20
                0x100001cc                isr_irq15
                0x100001cc                isr_irq25
                0x100001cc                isr_irq13
                0x100001cc                __unhandled_user_irq
                0x100001cc                isr_irq4
                0x100001cc                isr_irq16
                0x100001cc                isr_irq29
                0x100001cc                isr_irq26
                0x100001cc                __default_isrs_end
                0x100001cc                isr_irq3
                0x100001cc                isr_irq14
                0x100001cc                isr_irq9
                0x100001d2                unhandled_user_irq_num_in_r0
 *(.binary_info_header)
 .binary_info_header
                0x100001d4       0x14 CMakeFiles/main_blinky.dir/C_/repo/github/pico-sdk/src/rp2_common/pico_standard_link/crt0.S.obj
                0x100001e8                __binary_info_header_end = .
 *(.reset)
 .reset         0x100001e8       0xa8 CMakeFiles/main_blinky.dir/C_/repo/github/pico-sdk/src/rp2_common/pico_standard_link/crt0.S.obj
                0x100001e8                _entry_point
                0x10000266                __get_current_exception
 .reset         0x10000290       0x30 CMakeFiles/main_blinky.dir/C_/repo/github/pico-sdk/src/rp2_common/pico_standard_link/binary_info.c.obj
 *(.init)
 .init          0x100002c0        0x4 c:/apps/gnu arm embedded toolchain/10 2021.10/bin/../lib/gcc/arm-none-eabi/10.3.1/thumb/v6-m/nofp/crti.o
                0x100002c0                _init
 *(EXCLUDE_FILE(*libm.a: *libc.a:*lib_a-mem*.o *libgcc.a:) .text*)
 .text          0x100002c4       0x48 c:/apps/gnu arm embedded toolchain/10 2021.10/bin/../lib/gcc/arm-none-eabi/10.3.1/thumb/v6-m/nofp/crtbegin.o
 .text.prvSetupHardware
                0x1000030c       0x1a CMakeFiles/main_blinky.dir/main.c.obj
 .text.vLaunch  0x10000326        0x8 CMakeFiles/main_blinky.dir/main.c.obj
                0x10000326                vLaunch
 *fill*         0x1000032e        0x2 
 .text.main     0x10000330       0x20 CMakeFiles/main_blinky.dir/main.c.obj
                0x10000330                main
 .text.vApplicationMallocFailedHook
                0x10000350       0x1c CMakeFiles/main_blinky.dir/main.c.obj
                0x10000350                vApplicationMallocFailedHook
 .text.vApplicationStackOverflowHook
                0x1000036c       0x1c CMakeFiles/main_blinky.dir/main.c.obj
                0x1000036c                vApplicationStackOverflowHook
 .text.vApplicationTickHook
                0x10000388        0x2 CMakeFiles/main_blinky.dir/main.c.obj
                0x10000388                vApplicationTickHook
 *fill*         0x1000038a        0x2 
 .text.prvQueueSendTask
                0x1000038c       0x2c CMakeFiles/main_blinky.dir/main_blinky.c.obj
 .text.prvQueueReceiveTask
                0x100003b8       0x2c CMakeFiles/main_blinky.dir/main_blinky.c.obj
 .text.main_blinky
                0x100003e4       0x64 CMakeFiles/main_blinky.dir/main_blinky.c.obj
                0x100003e4                main_blinky
 .text.gpio_set_function
                0x10000448       0x30 CMakeFiles/main_blinky.dir/C_/repo/github/pico-sdk/src/rp2_common/hardware_gpio/gpio.c.obj
                0x10000448                gpio_set_function
 .text.gpio_init
                0x10000478       0x16 CMakeFiles/main_blinky.dir/C_/repo/github/pico-sdk/src/rp2_common/hardware_gpio/gpio.c.obj
                0x10000478                gpio_init
 *fill*         0x1000048e        0x2 
 .text.hw_claim_lock
                0x10000490       0x18 CMakeFiles/main_blinky.dir/C_/repo/github/pico-sdk/src/rp2_common/hardware_claim/claim.c.obj
                0x10000490                hw_claim_lock
 .text.hw_claim_unlock
                0x100004a8       0x14 CMakeFiles/main_blinky.dir/C_/repo/github/pico-sdk/src/rp2_common/hardware_claim/claim.c.obj
                0x100004a8                hw_claim_unlock
 .text.hw_claim_or_assert
                0x100004bc       0x32 CMakeFiles/main_blinky.dir/C_/repo/github/pico-sdk/src/rp2_common/hardware_claim/claim.c.obj
                0x100004bc                hw_claim_or_assert
 *fill*         0x100004ee        0x2 
 .text.running_on_fpga
                0x100004f0       0x14 CMakeFiles/main_blinky.dir/C_/repo/github/pico-sdk/src/rp2_common/pico_platform/platform.c.obj
                0x100004f0                running_on_fpga
 .text.spin_locks_reset
                0x10000504       0x20 CMakeFiles/main_blinky.dir/C_/repo/github/pico-sdk/src/rp2_common/hardware_sync/sync.c.obj
                0x10000504                spin_locks_reset
 .text.next_striped_spin_lock_num
                0x10000524       0x1c CMakeFiles/main_blinky.dir/C_/repo/github/pico-sdk/src/rp2_common/hardware_sync/sync.c.obj
                0x10000524                next_striped_spin_lock_num
 .text.uart_set_baudrate
                0x10000540       0x5c CMakeFiles/main_blinky.dir/C_/repo/github/pico-sdk/src/rp2_common/hardware_uart/uart.c.obj
                0x10000540                uart_set_baudrate
 .text.uart_set_translate_crlf
                0x1000059c       0x28 CMakeFiles/main_blinky.dir/C_/repo/github/pico-sdk/src/rp2_common/hardware_uart/uart.c.obj
                0x1000059c                uart_set_translate_crlf
 .text.uart_init
                0x100005c4       0x80 CMakeFiles/main_blinky.dir/C_/repo/github/pico-sdk/src/rp2_common/hardware_uart/uart.c.obj
                0x100005c4                uart_init
 .text.alarm_pool_post_alloc_init
                0x10000644       0x40 CMakeFiles/main_blinky.dir/C_/repo/github/pico-sdk/src/common/pico_time/time.c.obj
 .text.timer_pool_entry_comparator
                0x10000684       0x7c CMakeFiles/main_blinky.dir/C_/repo/github/pico-sdk/src/common/pico_time/time.c.obj
                0x10000684                timer_pool_entry_comparator
 .text.ph_add_child_node
                0x10000700       0xa4 CMakeFiles/main_blinky.dir/C_/repo/github/pico-sdk/src/common/pico_time/time.c.obj
 .text.ph_merge_nodes
                0x100007a4       0x3e CMakeFiles/main_blinky.dir/C_/repo/github/pico-sdk/src/common/pico_time/time.c.obj
 *fill*         0x100007e2        0x2 
 .text.add_alarm_under_lock
                0x100007e4      0x174 CMakeFiles/main_blinky.dir/C_/repo/github/pico-sdk/src/common/pico_time/time.c.obj
 .text.alarm_pool_alarm_callback
                0x10000958      0x328 CMakeFiles/main_blinky.dir/C_/repo/github/pico-sdk/src/common/pico_time/time.c.obj
 .text.alarm_pool_init_default
                0x10000c80       0x38 CMakeFiles/main_blinky.dir/C_/repo/github/pico-sdk/src/common/pico_time/time.c.obj
                0x10000c80                alarm_pool_init_default
 .text.hardware_alarm_irq_handler
                0x10000cb8       0x8c CMakeFiles/main_blinky.dir/C_/repo/github/pico-sdk/src/rp2_common/hardware_timer/timer.c.obj
 .text.hardware_alarm_claim
                0x10000d44       0x18 CMakeFiles/main_blinky.dir/C_/repo/github/pico-sdk/src/rp2_common/hardware_timer/timer.c.obj
                0x10000d44                hardware_alarm_claim
 .text.time_us_64
                0x10000d5c       0x18 CMakeFiles/main_blinky.dir/C_/repo/github/pico-sdk/src/rp2_common/hardware_timer/timer.c.obj
                0x10000d5c                time_us_64
 .text.hardware_alarm_set_callback
                0x10000d74       0x90 CMakeFiles/main_blinky.dir/C_/repo/github/pico-sdk/src/rp2_common/hardware_timer/timer.c.obj
                0x10000d74                hardware_alarm_set_callback
 .text.hardware_alarm_set_target
                0x10000e04       0xe8 CMakeFiles/main_blinky.dir/C_/repo/github/pico-sdk/src/rp2_common/hardware_timer/timer.c.obj
                0x10000e04                hardware_alarm_set_target
 .text.hardware_alarm_cancel
                0x10000eec       0x40 CMakeFiles/main_blinky.dir/C_/repo/github/pico-sdk/src/rp2_common/hardware_timer/timer.c.obj
                0x10000eec                hardware_alarm_cancel
 .text.lock_init
                0x10000f2c       0x10 CMakeFiles/main_blinky.dir/C_/repo/github/pico-sdk/src/common/pico_sync/lock_core.c.obj
                0x10000f2c                lock_init
 .text.mutex_init
                0x10000f3c       0x1c CMakeFiles/main_blinky.dir/C_/repo/github/pico-sdk/src/common/pico_sync/mutex.c.obj
                0x10000f3c                mutex_init
 .text.recursive_mutex_init
                0x10000f58       0x20 CMakeFiles/main_blinky.dir/C_/repo/github/pico-sdk/src/common/pico_sync/mutex.c.obj
                0x10000f58                recursive_mutex_init
 .text.ph_add_child_node
                0x10000f78       0xa4 CMakeFiles/main_blinky.dir/C_/repo/github/pico-sdk/src/common/pico_util/pheap.c.obj
 .text.ph_merge_nodes
                0x1000101c       0x3e CMakeFiles/main_blinky.dir/C_/repo/github/pico-sdk/src/common/pico_util/pheap.c.obj
 *fill*         0x1000105a        0x2 
 .text.ph_clear
                0x1000105c       0x70 CMakeFiles/main_blinky.dir/C_/repo/github/pico-sdk/src/common/pico_util/pheap.c.obj
                0x1000105c                ph_clear
 .text.ph_post_alloc_init
                0x100010cc        0xe CMakeFiles/main_blinky.dir/C_/repo/github/pico-sdk/src/common/pico_util/pheap.c.obj
                0x100010cc                ph_post_alloc_init
 *fill*         0x100010da        0x2 
 .text.ph_merge_two_pass
                0x100010dc       0xa8 CMakeFiles/main_blinky.dir/C_/repo/github/pico-sdk/src/common/pico_util/pheap.c.obj
                0x100010dc                ph_merge_two_pass
 .text.ph_remove_any_head
                0x10001184      0x108 CMakeFiles/main_blinky.dir/C_/repo/github/pico-sdk/src/common/pico_util/pheap.c.obj
 .text.ph_remove_head
                0x1000128c       0x14 CMakeFiles/main_blinky.dir/C_/repo/github/pico-sdk/src/common/pico_util/pheap.c.obj
                0x1000128c                ph_remove_head
 .text.ph_remove_and_free_node
                0x100012a0       0xf8 CMakeFiles/main_blinky.dir/C_/repo/github/pico-sdk/src/common/pico_util/pheap.c.obj
                0x100012a0                ph_remove_and_free_node
 .text._exit    0x10001398        0x4 CMakeFiles/main_blinky.dir/C_/repo/github/pico-sdk/src/rp2_common/pico_runtime/runtime.c.obj
                0x10001398                _exit
 .text.exit     0x1000139c        0x6 CMakeFiles/main_blinky.dir/C_/repo/github/pico-sdk/src/rp2_common/pico_runtime/runtime.c.obj
                0x1000139c                exit
 *fill*         0x100013a2        0x2 
 .text.__assert_func
                0x100013a4       0x3c CMakeFiles/main_blinky.dir/C_/repo/github/pico-sdk/src/rp2_common/pico_runtime/runtime.c.obj
                0x100013a4                __assert_func
 .text.runtime_init
                0x100013e0       0xf8 CMakeFiles/main_blinky.dir/C_/repo/github/pico-sdk/src/rp2_common/pico_runtime/runtime.c.obj
                0x100013e0                runtime_init
 .text.panic    0x100014d8       0x30 CMakeFiles/main_blinky.dir/C_/repo/github/pico-sdk/src/rp2_common/pico_runtime/runtime.c.obj
                0x100014d8                panic
 .text.panic_unsupported
                0x10001508        0xc CMakeFiles/main_blinky.dir/C_/repo/github/pico-sdk/src/rp2_common/pico_runtime/runtime.c.obj
                0x10001508                panic_unsupported
 .text.clock_configure
                0x10001514      0x104 CMakeFiles/main_blinky.dir/C_/repo/github/pico-sdk/src/rp2_common/hardware_clocks/clocks.c.obj
                0x10001514                clock_configure
 .text.clocks_init
                0x10001618      0x100 CMakeFiles/main_blinky.dir/C_/repo/github/pico-sdk/src/rp2_common/hardware_clocks/clocks.c.obj
                0x10001618                clocks_init
 .text.clock_get_hz
                0x10001718        0xc CMakeFiles/main_blinky.dir/C_/repo/github/pico-sdk/src/rp2_common/hardware_clocks/clocks.c.obj
                0x10001718                clock_get_hz
 .text.set_raw_irq_handler_and_unlock
                0x10001724       0x28 CMakeFiles/main_blinky.dir/C_/repo/github/pico-sdk/src/rp2_common/hardware_irq/irq.c.obj
 .text.make_branch
                0x1000174c       0x48 CMakeFiles/main_blinky.dir/C_/repo/github/pico-sdk/src/rp2_common/hardware_irq/irq.c.obj
 .text.insert_branch_and_link
                0x10001794       0x40 CMakeFiles/main_blinky.dir/C_/repo/github/pico-sdk/src/rp2_common/hardware_irq/irq.c.obj
 .text.irq_is_enabled
                0x100017d4       0x18 CMakeFiles/main_blinky.dir/C_/repo/github/pico-sdk/src/rp2_common/hardware_irq/irq.c.obj
                0x100017d4                irq_is_enabled
 .text.irq_set_mask_enabled
                0x100017ec       0x20 CMakeFiles/main_blinky.dir/C_/repo/github/pico-sdk/src/rp2_common/hardware_irq/irq.c.obj
                0x100017ec                irq_set_mask_enabled
 .text.irq_set_enabled
                0x1000180c        0xe CMakeFiles/main_blinky.dir/C_/repo/github/pico-sdk/src/rp2_common/hardware_irq/irq.c.obj
                0x1000180c                irq_set_enabled
 *fill*         0x1000181a        0x2 
 .text.irq_get_vtable_handler
                0x1000181c       0x10 CMakeFiles/main_blinky.dir/C_/repo/github/pico-sdk/src/rp2_common/hardware_irq/irq.c.obj
                0x1000181c                irq_get_vtable_handler
 .text.irq_set_exclusive_handler
                0x1000182c       0x54 CMakeFiles/main_blinky.dir/C_/repo/github/pico-sdk/src/rp2_common/hardware_irq/irq.c.obj
                0x1000182c                irq_set_exclusive_handler
 .text.irq_remove_handler
                0x10001880      0x1a8 CMakeFiles/main_blinky.dir/C_/repo/github/pico-sdk/src/rp2_common/hardware_irq/irq.c.obj
                0x10001880                irq_remove_handler
 .text.irq_add_tail_to_free_list
                0x10001a28       0xf0 CMakeFiles/main_blinky.dir/C_/repo/github/pico-sdk/src/rp2_common/hardware_irq/irq.c.obj
                0x10001a28                irq_add_tail_to_free_list
 .text.irq_init_priorities
                0x10001b18       0x1c CMakeFiles/main_blinky.dir/C_/repo/github/pico-sdk/src/rp2_common/hardware_irq/irq.c.obj
                0x10001b18                irq_init_priorities
 .text.pll_init
                0x10001b34      0x120 CMakeFiles/main_blinky.dir/C_/repo/github/pico-sdk/src/rp2_common/hardware_pll/pll.c.obj
                0x10001b34                pll_init
 .text.watchdog_start_tick
                0x10001c54       0x10 CMakeFiles/main_blinky.dir/C_/repo/github/pico-sdk/src/rp2_common/hardware_watchdog/watchdog.c.obj
                0x10001c54                watchdog_start_tick
 .text.xosc_init
                0x10001c64       0x28 CMakeFiles/main_blinky.dir/C_/repo/github/pico-sdk/src/rp2_common/hardware_xosc/xosc.c.obj
                0x10001c64                xosc_init
 .text._out_null
                0x10001c8c        0x2 CMakeFiles/main_blinky.dir/C_/repo/github/pico-sdk/src/rp2_common/pico_printf/printf.c.obj
 .text._out_fct
                0x10001c8e        0xe CMakeFiles/main_blinky.dir/C_/repo/github/pico-sdk/src/rp2_common/pico_printf/printf.c.obj
 .text._atoi    0x10001c9c       0x24 CMakeFiles/main_blinky.dir/C_/repo/github/pico-sdk/src/rp2_common/pico_printf/printf.c.obj
 .text._out_rev
                0x10001cc0       0xae CMakeFiles/main_blinky.dir/C_/repo/github/pico-sdk/src/rp2_common/pico_printf/printf.c.obj
 .text._ntoa_format
                0x10001d6e      0x112 CMakeFiles/main_blinky.dir/C_/repo/github/pico-sdk/src/rp2_common/pico_printf/printf.c.obj
 .text._ntoa_long
                0x10001e80       0xbc CMakeFiles/main_blinky.dir/C_/repo/github/pico-sdk/src/rp2_common/pico_printf/printf.c.obj
 .text._ntoa_long_long
                0x10001f3c       0xe2 CMakeFiles/main_blinky.dir/C_/repo/github/pico-sdk/src/rp2_common/pico_printf/printf.c.obj
 *fill*         0x1000201e        0x2 
 .text._etoa    0x10002020      0x414 CMakeFiles/main_blinky.dir/C_/repo/github/pico-sdk/src/rp2_common/pico_printf/printf.c.obj
 .text._ftoa    0x10002434      0x354 CMakeFiles/main_blinky.dir/C_/repo/github/pico-sdk/src/rp2_common/pico_printf/printf.c.obj
 .text._vsnprintf
                0x10002788      0x624 CMakeFiles/main_blinky.dir/C_/repo/github/pico-sdk/src/rp2_common/pico_printf/printf.c.obj
 .text.vfctprintf
                0x10002dac       0x20 CMakeFiles/main_blinky.dir/C_/repo/github/pico-sdk/src/rp2_common/pico_printf/printf.c.obj
                0x10002dac                vfctprintf
 .text          0x10002dcc       0x10 CMakeFiles/main_blinky.dir/C_/repo/github/pico-sdk/src/rp2_common/pico_bit_ops/bit_ops_aeabi.S.obj
 .text.rom_func_lookup
                0x10002ddc       0x10 CMakeFiles/main_blinky.dir/C_/repo/github/pico-sdk/src/rp2_common/pico_bootrom/bootrom.c.obj
                0x10002ddc                rom_func_lookup
 .text.rom_data_lookup
                0x10002dec       0x10 CMakeFiles/main_blinky.dir/C_/repo/github/pico-sdk/src/rp2_common/pico_bootrom/bootrom.c.obj
                0x10002dec                rom_data_lookup
 .text.rom_funcs_lookup
                0x10002dfc       0x36 CMakeFiles/main_blinky.dir/C_/repo/github/pico-sdk/src/rp2_common/pico_bootrom/bootrom.c.obj
                0x10002dfc                rom_funcs_lookup
 *fill*         0x10002e32        0x2 
 .text.__wrap___aeabi_idiv
                0x10002e34       0x50 CMakeFiles/main_blinky.dir/C_/repo/github/pico-sdk/src/rp2_common/pico_divider/divider.S.obj
                0x10002e34                __wrap___aeabi_idivmod
                0x10002e34                divmod_s32s32
                0x10002e34                div_s32s32
                0x10002e34                __wrap___aeabi_idiv
                0x10002e3c                divmod_s32s32_unsafe
                0x10002e68                divmod_s32s32_savestate
 .text.__wrap___aeabi_uidiv
                0x10002e84       0x4c CMakeFiles/main_blinky.dir/C_/repo/github/pico-sdk/src/rp2_common/pico_divider/divider.S.obj
                0x10002e84                __wrap___aeabi_uidiv
                0x10002e84                __wrap___aeabi_uidivmod
                0x10002e84                div_u32u32
                0x10002e84                divmod_u32u32
                0x10002e8c                divmod_u32u32_unsafe
                0x10002eb4                divmod_u32u32_savestate
 .text.__wrap___aeabi_ldiv
                0x10002ed0      0x434 CMakeFiles/main_blinky.dir/C_/repo/github/pico-sdk/src/rp2_common/pico_divider/divider.S.obj
                0x10002ed0                div_s64s64
                0x10002ed0                divmod_s64s64
                0x10002ed0                __wrap___aeabi_ldivmod
                0x10002f08                divmod_u64u64
                0x10002f08                div_u64u64
                0x10002f08                __wrap___aeabi_uldivmod
                0x10002f18                divmod_u64u64_savestate
                0x10002f40                divmod_s64s64_unsafe
                0x10002fc8                divmod_u64u64_unsafe
 .text.__wrap___aeabi_darithmetic
                0x10003304       0x80 CMakeFiles/main_blinky.dir/C_/repo/github/pico-sdk/src/rp2_common/pico_double/double_aeabi.S.obj
                0x10003304                __wrap___aeabi_drsub
                0x1000330a                __wrap___aeabi_dsub
                0x1000331c                __wrap___aeabi_dadd
                0x1000332e                __wrap___aeabi_ddiv
                0x1000336a                __wrap___aeabi_dmul
 .text.__wrap___aeabi_cdcmple
                0x10003384       0x6c CMakeFiles/main_blinky.dir/C_/repo/github/pico-sdk/src/rp2_common/pico_double/double_aeabi.S.obj
                0x10003384                __wrap___aeabi_cdrcmple
                0x10003394                __wrap___aeabi_cdcmpeq
                0x10003394                __wrap___aeabi_cdcmple
 .text.__wrap___aeabi_dcmplt
                0x100033f0        0xc CMakeFiles/main_blinky.dir/C_/repo/github/pico-sdk/src/rp2_common/pico_double/double_aeabi.S.obj
                0x100033f0                __wrap___aeabi_dcmplt
 .text.__wrap___aeabi_dcmple
                0x100033fc       0x10 CMakeFiles/main_blinky.dir/C_/repo/github/pico-sdk/src/rp2_common/pico_double/double_aeabi.S.obj
                0x100033fc                __wrap___aeabi_dcmple
 .text.__wrap___aeabi_dcmpge
                0x1000340c       0x10 CMakeFiles/main_blinky.dir/C_/repo/github/pico-sdk/src/rp2_common/pico_double/double_aeabi.S.obj
                0x1000340c                __wrap___aeabi_dcmpge
 .text.__wrap___aeabi_dcmpgt
                0x1000341c        0xa CMakeFiles/main_blinky.dir/C_/repo/github/pico-sdk/src/rp2_common/pico_double/double_aeabi.S.obj
                0x1000341c                __wrap___aeabi_dcmpgt
 .text.__wrap___aeabi_dcmpun
                0x10003426       0x1c CMakeFiles/main_blinky.dir/C_/repo/github/pico-sdk/src/rp2_common/pico_double/double_aeabi.S.obj
                0x10003426                __wrap___aeabi_dcmpun
 *fill*         0x10003442        0x2 
 .text.__wrap___aeabi_i2d
                0x10003444       0x38 CMakeFiles/main_blinky.dir/C_/repo/github/pico-sdk/src/rp2_common/pico_double/double_aeabi.S.obj
                0x10003444                __wrap___aeabi_ui2d
                0x1000344c                __wrap___aeabi_i2d
 .text.__wrap___aeabi_d2iz
                0x1000347c       0x48 CMakeFiles/main_blinky.dir/C_/repo/github/pico-sdk/src/rp2_common/pico_double/double_aeabi.S.obj
                0x1000347c                double2int_z
                0x1000347c                __wrap___aeabi_d2iz
 .text.__wrap___aeabi_d2uiz
                0x100034c4       0x18 CMakeFiles/main_blinky.dir/C_/repo/github/pico-sdk/src/rp2_common/pico_double/double_aeabi.S.obj
                0x100034c4                __wrap___aeabi_d2uiz
                0x100034c4                double2uint
 .text.__aeabi_double_init
                0x100034dc       0xc8 CMakeFiles/main_blinky.dir/C_/repo/github/pico-sdk/src/rp2_common/pico_double/double_init_rom.c.obj
                0x100034dc                __aeabi_double_init
 .text.double_table_shim_on_use_helper
                0x100035a4       0x34 CMakeFiles/main_blinky.dir/C_/repo/github/pico-sdk/src/rp2_common/pico_double/double_v1_rom_shim.S.obj
                0x100035a4                double_table_shim_on_use_helper
 .text.__wrap___aeabi_dsub
                0x100035d8       0x10 CMakeFiles/main_blinky.dir/C_/repo/github/pico-sdk/src/rp2_common/pico_double/double_v1_rom_shim.S.obj
                0x100035d8                drsub_shim
                0x100035de                dsub_shim
 .text.dadd_shim
                0x100035e8      0x15c CMakeFiles/main_blinky.dir/C_/repo/github/pico-sdk/src/rp2_common/pico_double/double_v1_rom_shim.S.obj
                0x100035e8                dadd_shim
 .text.dmul_shim
                0x10003744      0x15c CMakeFiles/main_blinky.dir/C_/repo/github/pico-sdk/src/rp2_common/pico_double/double_v1_rom_shim.S.obj
                0x10003744                dmul_shim
 .text.ddiv_shim
                0x100038a0      0x1b0 CMakeFiles/main_blinky.dir/C_/repo/github/pico-sdk/src/rp2_common/pico_double/double_v1_rom_shim.S.obj
                0x100038a0                ddiv_shim
 .text.double2uint_shim
                0x10003a50        0xe CMakeFiles/main_blinky.dir/C_/repo/github/pico-sdk/src/rp2_common/pico_double/double_v1_rom_shim.S.obj
                0x10003a50                double2uint_shim
                0x10003a52                double2ufix_shim
 *fill*         0x10003a5e        0x2 
 .text.double2uint64_shim
                0x10003a60       0x70 CMakeFiles/main_blinky.dir/C_/repo/github/pico-sdk/src/rp2_common/pico_double/double_v1_rom_shim.S.obj
                0x10003a60                double2uint64_shim
                0x10003a62                double2ufix64_shim
                0x10003a82                d2fix_a
 .text.dunpacks
                0x10003ad0       0x3c CMakeFiles/main_blinky.dir/C_/repo/github/pico-sdk/src/rp2_common/pico_double/double_v1_rom_shim.S.obj
                0x10003ad0                dunpacks
 .text.__aeabi_float_init
                0x10003b0c       0xfc CMakeFiles/main_blinky.dir/C_/repo/github/pico-sdk/src/rp2_common/pico_float/float_init_rom.c.obj
                0x10003b0c                __aeabi_float_init
 .text.float_table_shim_on_use_helper
                0x10003c08       0x34 CMakeFiles/main_blinky.dir/C_/repo/github/pico-sdk/src/rp2_common/pico_float/float_v1_rom_shim.S.obj
                0x10003c08                float_table_shim_on_use_helper
 .text          0x10003c3c       0x10 CMakeFiles/main_blinky.dir/C_/repo/github/pico-sdk/src/rp2_common/pico_mem_ops/mem_ops_aeabi.S.obj
                0x10003c3c                __aeabi_mem_init
 .text.memset   0x10003c4c        0xc CMakeFiles/main_blinky.dir/C_/repo/github/pico-sdk/src/rp2_common/pico_mem_ops/mem_ops_aeabi.S.obj
                0x10003c4c                __wrap_memset
 .text.memcpy   0x10003c58        0xc CMakeFiles/main_blinky.dir/C_/repo/github/pico-sdk/src/rp2_common/pico_mem_ops/mem_ops_aeabi.S.obj
                0x10003c58                __wrap_memcpy
                0x10003c58                __wrap___aeabi_memcpy
 .text.stdio_out_chars_no_crlf
                0x10003c64        0xe CMakeFiles/main_blinky.dir/C_/repo/github/pico-sdk/src/rp2_common/pico_stdio/stdio.c.obj
 *fill*         0x10003c72        0x2 
 .text.stdio_out_chars_crlf
                0x10003c74       0x80 CMakeFiles/main_blinky.dir/C_/repo/github/pico-sdk/src/rp2_common/pico_stdio/stdio.c.obj
 .text.stdio_stack_buffer_flush
                0x10003cf4       0x44 CMakeFiles/main_blinky.dir/C_/repo/github/pico-sdk/src/rp2_common/pico_stdio/stdio.c.obj
 .text.stdio_buffered_printer
                0x10003d38       0x20 CMakeFiles/main_blinky.dir/C_/repo/github/pico-sdk/src/rp2_common/pico_stdio/stdio.c.obj
 .text.stdout_serialize_begin
                0x10003d58       0x2c CMakeFiles/main_blinky.dir/C_/repo/github/pico-sdk/src/rp2_common/pico_stdio/stdio.c.obj
                0x10003d58                stdout_serialize_begin
 .text.stdout_serialize_end
                0x10003d84       0x10 CMakeFiles/main_blinky.dir/C_/repo/github/pico-sdk/src/rp2_common/pico_stdio/stdio.c.obj
                0x10003d84                stdout_serialize_end
 .text.stdio_put_string
                0x10003d94       0x98 CMakeFiles/main_blinky.dir/C_/repo/github/pico-sdk/src/rp2_common/pico_stdio/stdio.c.obj
 .text.stdio_set_driver_enabled
                0x10003e2c       0x2c CMakeFiles/main_blinky.dir/C_/repo/github/pico-sdk/src/rp2_common/pico_stdio/stdio.c.obj
                0x10003e2c                stdio_set_driver_enabled
 .text.stdio_flush
                0x10003e58       0x20 CMakeFiles/main_blinky.dir/C_/repo/github/pico-sdk/src/rp2_common/pico_stdio/stdio.c.obj
                0x10003e58                stdio_flush
 .text.__wrap_puts
                0x10003e78       0x1e CMakeFiles/main_blinky.dir/C_/repo/github/pico-sdk/src/rp2_common/pico_stdio/stdio.c.obj
                0x10003e78                __wrap_puts
 *fill*         0x10003e96        0x2 
 .text.__wrap_vprintf
                0x10003e98       0x44 CMakeFiles/main_blinky.dir/C_/repo/github/pico-sdk/src/rp2_common/pico_stdio/stdio.c.obj
                0x10003e98                __wrap_vprintf
 .text.__wrap_printf
                0x10003edc       0x18 CMakeFiles/main_blinky.dir/C_/repo/github/pico-sdk/src/rp2_common/pico_stdio/stdio.c.obj
                0x10003edc                __wrap_printf
 .text.stdio_init_all
                0x10003ef4        0x8 CMakeFiles/main_blinky.dir/C_/repo/github/pico-sdk/src/rp2_common/pico_stdio/stdio.c.obj
                0x10003ef4                stdio_init_all
 .text.stdio_uart_out_chars
                0x10003efc       0x74 CMakeFiles/main_blinky.dir/C_/repo/github/pico-sdk/src/rp2_common/pico_stdio_uart/stdio_uart.c.obj
 .text.stdio_uart_in_chars
                0x10003f70       0x58 CMakeFiles/main_blinky.dir/C_/repo/github/pico-sdk/src/rp2_common/pico_stdio_uart/stdio_uart.c.obj
                0x10003f70                stdio_uart_in_chars
 .text.stdio_uart_init_full
                0x10003fc8       0x3c CMakeFiles/main_blinky.dir/C_/repo/github/pico-sdk/src/rp2_common/pico_stdio_uart/stdio_uart.c.obj
                0x10003fc8                stdio_uart_init_full
 .text.stdio_uart_init
                0x10004004       0x28 CMakeFiles/main_blinky.dir/C_/repo/github/pico-sdk/src/rp2_common/pico_stdio_uart/stdio_uart.c.obj
                0x10004004                stdio_uart_init
 .text.vPortSVCHandler
                0x1000402c        0x2 CMakeFiles/main_blinky.dir/C_/repo/github/TDG-Keyboard/FreeRTOS/portable/ThirdParty/GCC/RP2040/port.c.obj
                0x1000402c                vPortSVCHandler
 *fill*         0x1000402e        0x2 
 .text.vPortStartFirstTask
                0x10004030       0x28 CMakeFiles/main_blinky.dir/C_/repo/github/TDG-Keyboard/FreeRTOS/portable/ThirdParty/GCC/RP2040/port.c.obj
 .text.xPortPendSVHandler
                0x10004058       0x60 CMakeFiles/main_blinky.dir/C_/repo/github/TDG-Keyboard/FreeRTOS/portable/ThirdParty/GCC/RP2040/port.c.obj
                0x10004058                xPortPendSVHandler
 .text.prvTaskExitError
                0x100040b8        0x6 CMakeFiles/main_blinky.dir/C_/repo/github/TDG-Keyboard/FreeRTOS/portable/ThirdParty/GCC/RP2040/port.c.obj
 *fill*         0x100040be        0x2 
 .text.pxPortInitialiseStack
                0x100040c0       0x20 CMakeFiles/main_blinky.dir/C_/repo/github/TDG-Keyboard/FreeRTOS/portable/ThirdParty/GCC/RP2040/port.c.obj
                0x100040c0                pxPortInitialiseStack
 .text.vPortYield
                0x100040e0       0x40 CMakeFiles/main_blinky.dir/C_/repo/github/TDG-Keyboard/FreeRTOS/portable/ThirdParty/GCC/RP2040/port.c.obj
                0x100040e0                vPortYield
 .text.vPortEnterCritical
                0x10004120       0x18 CMakeFiles/main_blinky.dir/C_/repo/github/TDG-Keyboard/FreeRTOS/portable/ThirdParty/GCC/RP2040/port.c.obj
                0x10004120                vPortEnterCritical
 .text.vPortEnableInterrupts
                0x10004138       0x28 CMakeFiles/main_blinky.dir/C_/repo/github/TDG-Keyboard/FreeRTOS/portable/ThirdParty/GCC/RP2040/port.c.obj
                0x10004138                vPortEnableInterrupts
 .text.vPortExitCritical
                0x10004160       0x3c CMakeFiles/main_blinky.dir/C_/repo/github/TDG-Keyboard/FreeRTOS/portable/ThirdParty/GCC/RP2040/port.c.obj
                0x10004160                vPortExitCritical
 .text.ulSetInterruptMaskFromISR
                0x1000419c        0x8 CMakeFiles/main_blinky.dir/C_/repo/github/TDG-Keyboard/FreeRTOS/portable/ThirdParty/GCC/RP2040/port.c.obj
                0x1000419c                ulSetInterruptMaskFromISR
 .text.vClearInterruptMaskFromISR
                0x100041a4        0x6 CMakeFiles/main_blinky.dir/C_/repo/github/TDG-Keyboard/FreeRTOS/portable/ThirdParty/GCC/RP2040/port.c.obj
                0x100041a4                vClearInterruptMaskFromISR
 *fill*         0x100041aa        0x2 
 .text.xPortSysTickHandler
                0x100041ac       0x24 CMakeFiles/main_blinky.dir/C_/repo/github/TDG-Keyboard/FreeRTOS/portable/ThirdParty/GCC/RP2040/port.c.obj
                0x100041ac                xPortSysTickHandler
 .text.vPortSetupTimerInterrupt
                0x100041d0       0x34 CMakeFiles/main_blinky.dir/C_/repo/github/TDG-Keyboard/FreeRTOS/portable/ThirdParty/GCC/RP2040/port.c.obj
                0x100041d0                vPortSetupTimerInterrupt
 .text.xPortStartScheduler
                0x10004204       0x60 CMakeFiles/main_blinky.dir/C_/repo/github/TDG-Keyboard/FreeRTOS/portable/ThirdParty/GCC/RP2040/port.c.obj
                0x10004204                xPortStartScheduler
 .text.ulPortLockGetCurrentOwnerId
                0x10004264       0x1c CMakeFiles/main_blinky.dir/C_/repo/github/TDG-Keyboard/FreeRTOS/portable/ThirdParty/GCC/RP2040/port.c.obj
                0x10004264                ulPortLockGetCurrentOwnerId
 .text.vPortLockInternalSpinUnlockWithWait
                0x10004280       0xb4 CMakeFiles/main_blinky.dir/C_/repo/github/TDG-Keyboard/FreeRTOS/portable/ThirdParty/GCC/RP2040/port.c.obj
                0x10004280                vPortLockInternalSpinUnlockWithWait
 .text.vPortLockInternalSpinUnlockWithNotify
                0x10004334       0x64 CMakeFiles/main_blinky.dir/C_/repo/github/TDG-Keyboard/FreeRTOS/portable/ThirdParty/GCC/RP2040/port.c.obj
                0x10004334                vPortLockInternalSpinUnlockWithNotify
 .text.prvRuntimeInitializer
                0x10004398       0x10 CMakeFiles/main_blinky.dir/C_/repo/github/TDG-Keyboard/FreeRTOS/portable/ThirdParty/GCC/RP2040/port.c.obj
 .text.prvTestWaitCondition
                0x100043a8       0x1e CMakeFiles/main_blinky.dir/C_/repo/github/TDG-Keyboard/FreeRTOS/event_groups.c.obj
 .text.xEventGroupCreate
                0x100043c6       0x18 CMakeFiles/main_blinky.dir/C_/repo/github/TDG-Keyboard/FreeRTOS/event_groups.c.obj
                0x100043c6                xEventGroupCreate
 *fill*         0x100043de        0x2 
 .text.xEventGroupWaitBits
                0x100043e0      0x124 CMakeFiles/main_blinky.dir/C_/repo/github/TDG-Keyboard/FreeRTOS/event_groups.c.obj
                0x100043e0                xEventGroupWaitBits
 .text.xEventGroupSetBits
                0x10004504       0x98 CMakeFiles/main_blinky.dir/C_/repo/github/TDG-Keyboard/FreeRTOS/event_groups.c.obj
                0x10004504                xEventGroupSetBits
 .text.vEventGroupSetBitsCallback
                0x1000459c        0x8 CMakeFiles/main_blinky.dir/C_/repo/github/TDG-Keyboard/FreeRTOS/event_groups.c.obj
                0x1000459c                vEventGroupSetBitsCallback
 .text.xEventGroupSetBitsFromISR
                0x100045a4       0x14 CMakeFiles/main_blinky.dir/C_/repo/github/TDG-Keyboard/FreeRTOS/event_groups.c.obj
                0x100045a4                xEventGroupSetBitsFromISR
 .text.vListInitialise
                0x100045b8       0x16 CMakeFiles/main_blinky.dir/C_/repo/github/TDG-Keyboard/FreeRTOS/list.c.obj
                0x100045b8                vListInitialise
 .text.vListInitialiseItem
                0x100045ce        0x6 CMakeFiles/main_blinky.dir/C_/repo/github/TDG-Keyboard/FreeRTOS/list.c.obj
                0x100045ce                vListInitialiseItem
 .text.vListInsert
                0x100045d4       0x2e CMakeFiles/main_blinky.dir/C_/repo/github/TDG-Keyboard/FreeRTOS/list.c.obj
                0x100045d4                vListInsert
 .text.uxListRemove
                0x10004602       0x26 CMakeFiles/main_blinky.dir/C_/repo/github/TDG-Keyboard/FreeRTOS/list.c.obj
                0x10004602                uxListRemove
 .text.prvIsQueueFull
                0x10004628       0x1e CMakeFiles/main_blinky.dir/C_/repo/github/TDG-Keyboard/FreeRTOS/queue.c.obj
 .text.prvIsQueueEmpty
                0x10004646       0x1c CMakeFiles/main_blinky.dir/C_/repo/github/TDG-Keyboard/FreeRTOS/queue.c.obj
 .text.prvCopyDataToQueue
                0x10004662       0x82 CMakeFiles/main_blinky.dir/C_/repo/github/TDG-Keyboard/FreeRTOS/queue.c.obj
 .text.prvNotifyQueueSetContainer
                0x100046e4       0xa0 CMakeFiles/main_blinky.dir/C_/repo/github/TDG-Keyboard/FreeRTOS/queue.c.obj
 .text.prvCopyDataFromQueue
                0x10004784       0x24 CMakeFiles/main_blinky.dir/C_/repo/github/TDG-Keyboard/FreeRTOS/queue.c.obj
 .text.prvUnlockQueue
                0x100047a8       0x88 CMakeFiles/main_blinky.dir/C_/repo/github/TDG-Keyboard/FreeRTOS/queue.c.obj
 .text.xQueueGenericReset
                0x10004830       0xd8 CMakeFiles/main_blinky.dir/C_/repo/github/TDG-Keyboard/FreeRTOS/queue.c.obj
                0x10004830                xQueueGenericReset
 .text.prvInitialiseNewQueue
                0x10004908       0x26 CMakeFiles/main_blinky.dir/C_/repo/github/TDG-Keyboard/FreeRTOS/queue.c.obj
 *fill*         0x1000492e        0x2 
 .text.xQueueGenericCreate
                0x10004930       0x8c CMakeFiles/main_blinky.dir/C_/repo/github/TDG-Keyboard/FreeRTOS/queue.c.obj
                0x10004930                xQueueGenericCreate
 .text.xQueueGenericSend
                0x100049bc      0x190 CMakeFiles/main_blinky.dir/C_/repo/github/TDG-Keyboard/FreeRTOS/queue.c.obj
                0x100049bc                xQueueGenericSend
 .text.xQueueGenericSendFromISR
                0x10004b4c      0x130 CMakeFiles/main_blinky.dir/C_/repo/github/TDG-Keyboard/FreeRTOS/queue.c.obj
                0x10004b4c                xQueueGenericSendFromISR
 .text.xQueueReceive
                0x10004c7c      0x150 CMakeFiles/main_blinky.dir/C_/repo/github/TDG-Keyboard/FreeRTOS/queue.c.obj
                0x10004c7c                xQueueReceive
 .text.vQueueAddToRegistry
                0x10004dcc       0x64 CMakeFiles/main_blinky.dir/C_/repo/github/TDG-Keyboard/FreeRTOS/queue.c.obj
                0x10004dcc                vQueueAddToRegistry
 .text.vQueueWaitForMessageRestricted
                0x10004e30       0x50 CMakeFiles/main_blinky.dir/C_/repo/github/TDG-Keyboard/FreeRTOS/queue.c.obj
                0x10004e30                vQueueWaitForMessageRestricted
 .text.prvResetNextTaskUnblockTime
                0x10004e80       0x2c CMakeFiles/main_blinky.dir/C_/repo/github/TDG-Keyboard/FreeRTOS/tasks.c.obj
 .text.prvDeleteTCB
                0x10004eac       0x12 CMakeFiles/main_blinky.dir/C_/repo/github/TDG-Keyboard/FreeRTOS/tasks.c.obj
 *fill*         0x10004ebe        0x2 
 .text.prvInitialiseNewTask
                0x10004ec0       0xe4 CMakeFiles/main_blinky.dir/C_/repo/github/TDG-Keyboard/FreeRTOS/tasks.c.obj
 .text.prvInitialiseTaskLists
                0x10004fa4       0x68 CMakeFiles/main_blinky.dir/C_/repo/github/TDG-Keyboard/FreeRTOS/tasks.c.obj
 .text.prvAddNewTaskToReadyList
                0x1000500c       0xc4 CMakeFiles/main_blinky.dir/C_/repo/github/TDG-Keyboard/FreeRTOS/tasks.c.obj
 .text.prvCheckTasksWaitingTermination
                0x100050d0       0x44 CMakeFiles/main_blinky.dir/C_/repo/github/TDG-Keyboard/FreeRTOS/tasks.c.obj
 .text.prvIdleTask
                0x10005114       0x18 CMakeFiles/main_blinky.dir/C_/repo/github/TDG-Keyboard/FreeRTOS/tasks.c.obj
 .text.prvAddCurrentTaskToDelayedList
                0x1000512c       0x9c CMakeFiles/main_blinky.dir/C_/repo/github/TDG-Keyboard/FreeRTOS/tasks.c.obj
 .text.xTaskCreate
                0x100051c8       0x60 CMakeFiles/main_blinky.dir/C_/repo/github/TDG-Keyboard/FreeRTOS/tasks.c.obj
                0x100051c8                xTaskCreate
 .text.vTaskStartScheduler
                0x10005228       0x84 CMakeFiles/main_blinky.dir/C_/repo/github/TDG-Keyboard/FreeRTOS/tasks.c.obj
                0x10005228                vTaskStartScheduler
 .text.vTaskSuspendAll
                0x100052ac       0x10 CMakeFiles/main_blinky.dir/C_/repo/github/TDG-Keyboard/FreeRTOS/tasks.c.obj
                0x100052ac                vTaskSuspendAll
 .text.xTaskGetTickCount
                0x100052bc        0xc CMakeFiles/main_blinky.dir/C_/repo/github/TDG-Keyboard/FreeRTOS/tasks.c.obj
                0x100052bc                xTaskGetTickCount
 .text.xTaskIncrementTick
                0x100052c8      0x198 CMakeFiles/main_blinky.dir/C_/repo/github/TDG-Keyboard/FreeRTOS/tasks.c.obj
                0x100052c8                xTaskIncrementTick
 .text.xTaskResumeAll
                0x10005460      0x15c CMakeFiles/main_blinky.dir/C_/repo/github/TDG-Keyboard/FreeRTOS/tasks.c.obj
                0x10005460                xTaskResumeAll
 .text.xTaskDelayUntil
                0x100055bc       0xb8 CMakeFiles/main_blinky.dir/C_/repo/github/TDG-Keyboard/FreeRTOS/tasks.c.obj
                0x100055bc                xTaskDelayUntil
 .text.vTaskSwitchContext
                0x10005674       0xd4 CMakeFiles/main_blinky.dir/C_/repo/github/TDG-Keyboard/FreeRTOS/tasks.c.obj
                0x10005674                vTaskSwitchContext
 .text.vTaskPlaceOnEventList
                0x10005748       0x3c CMakeFiles/main_blinky.dir/C_/repo/github/TDG-Keyboard/FreeRTOS/tasks.c.obj
                0x10005748                vTaskPlaceOnEventList
 .text.vTaskPlaceOnUnorderedEventList
                0x10005784       0x80 CMakeFiles/main_blinky.dir/C_/repo/github/TDG-Keyboard/FreeRTOS/tasks.c.obj
                0x10005784                vTaskPlaceOnUnorderedEventList
 .text.vTaskPlaceOnEventListRestricted
                0x10005804       0x60 CMakeFiles/main_blinky.dir/C_/repo/github/TDG-Keyboard/FreeRTOS/tasks.c.obj
                0x10005804                vTaskPlaceOnEventListRestricted
 .text.xTaskRemoveFromEventList
                0x10005864      0x100 CMakeFiles/main_blinky.dir/C_/repo/github/TDG-Keyboard/FreeRTOS/tasks.c.obj
                0x10005864                xTaskRemoveFromEventList
 .text.vTaskRemoveFromUnorderedEventList
                0x10005964       0xf8 CMakeFiles/main_blinky.dir/C_/repo/github/TDG-Keyboard/FreeRTOS/tasks.c.obj
                0x10005964                vTaskRemoveFromUnorderedEventList
 .text.vTaskInternalSetTimeOutState
                0x10005a5c       0x18 CMakeFiles/main_blinky.dir/C_/repo/github/TDG-Keyboard/FreeRTOS/tasks.c.obj
                0x10005a5c                vTaskInternalSetTimeOutState
 .text.xTaskCheckForTimeOut
                0x10005a74       0xb4 CMakeFiles/main_blinky.dir/C_/repo/github/TDG-Keyboard/FreeRTOS/tasks.c.obj
                0x10005a74                xTaskCheckForTimeOut
 .text.vTaskMissedYield
                0x10005b28        0xc CMakeFiles/main_blinky.dir/C_/repo/github/TDG-Keyboard/FreeRTOS/tasks.c.obj
                0x10005b28                vTaskMissedYield
 .text.xTaskGetCurrentTaskHandle
                0x10005b34        0xc CMakeFiles/main_blinky.dir/C_/repo/github/TDG-Keyboard/FreeRTOS/tasks.c.obj
                0x10005b34                xTaskGetCurrentTaskHandle
 .text.xTaskGetSchedulerState
                0x10005b40       0x24 CMakeFiles/main_blinky.dir/C_/repo/github/TDG-Keyboard/FreeRTOS/tasks.c.obj
                0x10005b40                xTaskGetSchedulerState
 .text.xTaskPriorityDisinherit
                0x10005b64       0xc0 CMakeFiles/main_blinky.dir/C_/repo/github/TDG-Keyboard/FreeRTOS/tasks.c.obj
                0x10005b64                xTaskPriorityDisinherit
 .text.uxTaskResetEventItemValue
                0x10005c24       0x18 CMakeFiles/main_blinky.dir/C_/repo/github/TDG-Keyboard/FreeRTOS/tasks.c.obj
                0x10005c24                uxTaskResetEventItemValue
 .text.prvGetNextExpireTime
                0x10005c3c       0x24 CMakeFiles/main_blinky.dir/C_/repo/github/TDG-Keyboard/FreeRTOS/timers.c.obj
 .text.prvInsertTimerInActiveList
                0x10005c60       0x48 CMakeFiles/main_blinky.dir/C_/repo/github/TDG-Keyboard/FreeRTOS/timers.c.obj
 .text.prvReloadTimer
                0x10005ca8       0x2a CMakeFiles/main_blinky.dir/C_/repo/github/TDG-Keyboard/FreeRTOS/timers.c.obj
 *fill*         0x10005cd2        0x2 
 .text.prvProcessExpiredTimer
                0x10005cd4       0x3c CMakeFiles/main_blinky.dir/C_/repo/github/TDG-Keyboard/FreeRTOS/timers.c.obj
 .text.prvSwitchTimerLists
                0x10005d10       0x30 CMakeFiles/main_blinky.dir/C_/repo/github/TDG-Keyboard/FreeRTOS/timers.c.obj
 .text.prvSampleTimeNow
                0x10005d40       0x2c CMakeFiles/main_blinky.dir/C_/repo/github/TDG-Keyboard/FreeRTOS/timers.c.obj
 .text.prvProcessTimerOrBlockTask
                0x10005d6c       0x70 CMakeFiles/main_blinky.dir/C_/repo/github/TDG-Keyboard/FreeRTOS/timers.c.obj
 .text.prvProcessReceivedCommands
                0x10005ddc      0x108 CMakeFiles/main_blinky.dir/C_/repo/github/TDG-Keyboard/FreeRTOS/timers.c.obj
 .text.prvTimerTask
                0x10005ee4       0x16 CMakeFiles/main_blinky.dir/C_/repo/github/TDG-Keyboard/FreeRTOS/timers.c.obj
 *fill*         0x10005efa        0x2 
 .text.prvCheckForValidListAndQueue
                0x10005efc       0x60 CMakeFiles/main_blinky.dir/C_/repo/github/TDG-Keyboard/FreeRTOS/timers.c.obj
 .text.xTimerCreateTimerTask
                0x10005f5c       0x58 CMakeFiles/main_blinky.dir/C_/repo/github/TDG-Keyboard/FreeRTOS/timers.c.obj
                0x10005f5c                xTimerCreateTimerTask
 .text.xTimerPendFunctionCallFromISR
                0x10005fb4       0x28 CMakeFiles/main_blinky.dir/C_/repo/github/TDG-Keyboard/FreeRTOS/timers.c.obj
                0x10005fb4                xTimerPendFunctionCallFromISR
 .text.exception_is_compile_time_default
                0x10005fdc       0x20 CMakeFiles/main_blinky.dir/C_/repo/github/pico-sdk/src/rp2_common/hardware_exception/exception.c.obj
 .text.set_raw_exception_handler_and_restore_interrupts
                0x10005ffc       0x18 CMakeFiles/main_blinky.dir/C_/repo/github/pico-sdk/src/rp2_common/hardware_exception/exception.c.obj
 .text.exception_get_vtable_handler
                0x10006014       0x10 CMakeFiles/main_blinky.dir/C_/repo/github/pico-sdk/src/rp2_common/hardware_exception/exception.c.obj
                0x10006014                exception_get_vtable_handler
 .text.exception_set_exclusive_handler
                0x10006024       0x44 CMakeFiles/main_blinky.dir/C_/repo/github/pico-sdk/src/rp2_common/hardware_exception/exception.c.obj
                0x10006024                exception_set_exclusive_handler
 .text.pvPortMalloc
                0x10006068       0x8c CMakeFiles/main_blinky.dir/C_/repo/github/TDG-Keyboard/FreeRTOS/portable/MemMang/heap_1.c.obj
                0x10006068                pvPortMalloc
 .text.vPortFree
                0x100060f4       0x20 CMakeFiles/main_blinky.dir/C_/repo/github/TDG-Keyboard/FreeRTOS/portable/MemMang/heap_1.c.obj
                0x100060f4                vPortFree
 .text.strlen   0x10006114       0x5c c:/apps/gnu arm embedded toolchain/10 2021.10/bin/../lib/gcc/arm-none-eabi/10.3.1/../../../../arm-none-eabi/lib/thumb/v6-m/nofp\libg.a(lib_a-strlen-stub.o)
                0x10006114                strlen
 *(.fini)
 .fini          0x10006170        0x4 c:/apps/gnu arm embedded toolchain/10 2021.10/bin/../lib/gcc/arm-none-eabi/10.3.1/thumb/v6-m/nofp/crti.o
                0x10006170                _fini
 *fill*         0x10006174        0x4 
 .fini.__stub   0x10006178       0x50 linker stubs
 *crtbegin.o(.ctors)
 *crtbegin?.o(.ctors)
 *(EXCLUDE_FILE(*crtend.o *crtend?.o) .ctors)
 *(SORT_BY_NAME(.ctors.*))
 *(.ctors)
 *crtbegin.o(.dtors)
 *crtbegin?.o(.dtors)
 *(EXCLUDE_FILE(*crtend.o *crtend?.o) .dtors)
 *(SORT_BY_NAME(.dtors.*))
 *(.dtors)
 *(.eh_frame*)
 .eh_frame      0x100061c8        0x0 c:/apps/gnu arm embedded toolchain/10 2021.10/bin/../lib/gcc/arm-none-eabi/10.3.1/thumb/v6-m/nofp/crtbegin.o
                0x100061c8                . = ALIGN (0x4)

.glue_7         0x100061c8        0x0
 .glue_7        0x100061c8        0x0 linker stubs

.glue_7t        0x100061c8        0x0
 .glue_7t       0x100061c8        0x0 linker stubs

.vfp11_veneer   0x100061c8        0x0
 .vfp11_veneer  0x100061c8        0x0 linker stubs

.v4_bx          0x100061c8        0x0
 .v4_bx         0x100061c8        0x0 linker stubs

.iplt           0x100061c8        0x0
 .iplt          0x100061c8        0x0 c:/apps/gnu arm embedded toolchain/10 2021.10/bin/../lib/gcc/arm-none-eabi/10.3.1/thumb/v6-m/nofp/crtbegin.o

.rodata         0x100061c8     0x1890
 *(EXCLUDE_FILE(*libm.a: *libc.a:*lib_a-mem*.o *libgcc.a:) .rodata*)
 .rodata.main.str1.4
                0x100061c8       0x1b CMakeFiles/main_blinky.dir/main.c.obj
 *fill*         0x100061e3        0x1 
 .rodata.vApplicationMallocFailedHook.str1.4
                0x100061e4       0x47 CMakeFiles/main_blinky.dir/main.c.obj
 *fill*         0x1000622b        0x1 
 .rodata.__func__.0
                0x1000622c       0x1e CMakeFiles/main_blinky.dir/main.c.obj
 *fill*         0x1000624a        0x2 
 .rodata.__func__.1
                0x1000624c       0x1d CMakeFiles/main_blinky.dir/main.c.obj
 *fill*         0x10006269        0x3 
 .rodata.main_blinky.str1.4
                0x1000626c       0x1f CMakeFiles/main_blinky.dir/main_blinky.c.obj
 *fill*         0x1000628b        0x1 
 .rodata.repeating_timer_callback.str1.4
                0x1000628c       0x48 CMakeFiles/main_blinky.dir/C_/repo/github/pico-sdk/src/common/pico_time/time.c.obj
 .rodata.alarm_pool_dump_key.str1.4
                0x100062d4       0x33 CMakeFiles/main_blinky.dir/C_/repo/github/pico-sdk/src/common/pico_time/time.c.obj
 *fill*         0x10006307        0x1 
 .rodata.ph_add_child_node.str1.4
                0x10006308       0x92 CMakeFiles/main_blinky.dir/C_/repo/github/pico-sdk/src/common/pico_time/time.c.obj
 *fill*         0x1000639a        0x2 
 .rodata.add_alarm_under_lock.str1.4
                0x1000639c       0x28 CMakeFiles/main_blinky.dir/C_/repo/github/pico-sdk/src/common/pico_time/time.c.obj
                                 0x2b (size before relaxing)
 .rodata.alarm_pool_alarm_callback.str1.4
                0x100063c4       0xe2 CMakeFiles/main_blinky.dir/C_/repo/github/pico-sdk/src/common/pico_time/time.c.obj
 *fill*         0x100064a6        0x2 
 .rodata.__func__.10
                0x100064a8       0x15 CMakeFiles/main_blinky.dir/C_/repo/github/pico-sdk/src/common/pico_time/time.c.obj
 *fill*         0x100064bd        0x3 
 .rodata.__func__.11
                0x100064c0       0x1a CMakeFiles/main_blinky.dir/C_/repo/github/pico-sdk/src/common/pico_time/time.c.obj
 *fill*         0x100064da        0x2 
 .rodata.__func__.12
                0x100064dc        0xa CMakeFiles/main_blinky.dir/C_/repo/github/pico-sdk/src/common/pico_time/time.c.obj
 *fill*         0x100064e6        0x2 
 .rodata.__func__.4
                0x100064e8       0x12 CMakeFiles/main_blinky.dir/C_/repo/github/pico-sdk/src/common/pico_time/time.c.obj
 *fill*         0x100064fa        0x2 
 .rodata.__func__.5
                0x100064fc        0xd CMakeFiles/main_blinky.dir/C_/repo/github/pico-sdk/src/common/pico_time/time.c.obj
 *fill*         0x10006509        0x3 
 .rodata.__func__.6
                0x1000650c       0x12 CMakeFiles/main_blinky.dir/C_/repo/github/pico-sdk/src/common/pico_time/time.c.obj
 *fill*         0x1000651e        0x2 
 .rodata.__func__.7
                0x10006520        0xf CMakeFiles/main_blinky.dir/C_/repo/github/pico-sdk/src/common/pico_time/time.c.obj
 *fill*         0x1000652f        0x1 
 .rodata.__func__.8
                0x10006530        0xc CMakeFiles/main_blinky.dir/C_/repo/github/pico-sdk/src/common/pico_time/time.c.obj
 .rodata.__func__.9
                0x1000653c       0x15 CMakeFiles/main_blinky.dir/C_/repo/github/pico-sdk/src/common/pico_time/time.c.obj
 *fill*         0x10006551        0x3 
 .rodata.hardware_alarm_claim.str1.4
                0x10006554       0x22 CMakeFiles/main_blinky.dir/C_/repo/github/pico-sdk/src/rp2_common/hardware_timer/timer.c.obj
 *fill*         0x10006576        0x2 
 .rodata.hardware_alarm_set_target.str1.4
                0x10006578       0x62 CMakeFiles/main_blinky.dir/C_/repo/github/pico-sdk/src/rp2_common/hardware_timer/timer.c.obj
 *fill*         0x100065da        0x2 
 .rodata.__func__.0
                0x100065dc       0x1a CMakeFiles/main_blinky.dir/C_/repo/github/pico-sdk/src/rp2_common/hardware_timer/timer.c.obj
 *fill*         0x100065f6        0x2 
 .rodata.str1.4
                0x100065f8       0x89 CMakeFiles/main_blinky.dir/C_/repo/github/pico-sdk/src/common/pico_sync/mutex.c.obj
                                 0xe9 (size before relaxing)
 *fill*         0x10006681        0x3 
 .rodata.__func__.1
                0x10006684        0xb CMakeFiles/main_blinky.dir/C_/repo/github/pico-sdk/src/common/pico_sync/mutex.c.obj
 .rodata.ph_add_child_node.str1.4
                0x1000668f       0x92 CMakeFiles/main_blinky.dir/C_/repo/github/pico-sdk/src/common/pico_util/pheap.c.obj
 *fill*         0x1000668f        0x1 
 .rodata.ph_remove_any_head.str1.4
                0x10006690       0x8c CMakeFiles/main_blinky.dir/C_/repo/github/pico-sdk/src/common/pico_util/pheap.c.obj
 .rodata.ph_remove_and_free_node.str1.4
                0x1000671c       0x26 CMakeFiles/main_blinky.dir/C_/repo/github/pico-sdk/src/common/pico_util/pheap.c.obj
 *fill*         0x10006742        0x2 
 .rodata.__func__.0
                0x10006744       0x18 CMakeFiles/main_blinky.dir/C_/repo/github/pico-sdk/src/common/pico_util/pheap.c.obj
 .rodata.__func__.1
                0x1000675c       0x13 CMakeFiles/main_blinky.dir/C_/repo/github/pico-sdk/src/common/pico_util/pheap.c.obj
 *fill*         0x1000676f        0x1 
 .rodata.__func__.2
                0x10006770       0x12 CMakeFiles/main_blinky.dir/C_/repo/github/pico-sdk/src/common/pico_util/pheap.c.obj
 *fill*         0x10006782        0x2 
 .rodata.__func__.3
                0x10006784        0xc CMakeFiles/main_blinky.dir/C_/repo/github/pico-sdk/src/common/pico_util/pheap.c.obj
 .rodata.__assert_func.str1.4
                0x10006790       0x3f CMakeFiles/main_blinky.dir/C_/repo/github/pico-sdk/src/rp2_common/pico_runtime/runtime.c.obj
                                 0x43 (size before relaxing)
 *fill*         0x100067cf        0x1 
 .rodata.runtime_init.str1.4
                0x100067d0       0x5e CMakeFiles/main_blinky.dir/C_/repo/github/pico-sdk/src/rp2_common/pico_runtime/runtime.c.obj
 *fill*         0x1000682e        0x2 
 .rodata.panic.str1.4
                0x10006830       0x12 CMakeFiles/main_blinky.dir/C_/repo/github/pico-sdk/src/rp2_common/pico_runtime/runtime.c.obj
 *fill*         0x10006842        0x2 
 .rodata.panic_unsupported.str1.4
                0x10006844        0xe CMakeFiles/main_blinky.dir/C_/repo/github/pico-sdk/src/rp2_common/pico_runtime/runtime.c.obj
 *fill*         0x10006852        0x2 
 .rodata.__func__.1
                0x10006854        0xd CMakeFiles/main_blinky.dir/C_/repo/github/pico-sdk/src/rp2_common/pico_runtime/runtime.c.obj
 *fill*         0x10006861        0x3 
 .rodata.clock_configure.str1.4
                0x10006864       0x54 CMakeFiles/main_blinky.dir/C_/repo/github/pico-sdk/src/rp2_common/hardware_clocks/clocks.c.obj
 .rodata.__func__.1
                0x100068b8       0x10 CMakeFiles/main_blinky.dir/C_/repo/github/pico-sdk/src/rp2_common/hardware_clocks/clocks.c.obj
 .rodata.make_branch.str1.4
                0x100068c8       0x6a CMakeFiles/main_blinky.dir/C_/repo/github/pico-sdk/src/rp2_common/hardware_irq/irq.c.obj
 *fill*         0x10006932        0x2 
 .rodata.insert_branch_and_link.str1.4
                0x10006934       0x10 CMakeFiles/main_blinky.dir/C_/repo/github/pico-sdk/src/rp2_common/hardware_irq/irq.c.obj
 .rodata.irq_set_exclusive_handler.str1.4
                0x10006944       0x36 CMakeFiles/main_blinky.dir/C_/repo/github/pico-sdk/src/rp2_common/hardware_irq/irq.c.obj
 *fill*         0x1000697a        0x2 
 .rodata.irq_add_shared_handler.str1.4
                0x1000697c       0xd9 CMakeFiles/main_blinky.dir/C_/repo/github/pico-sdk/src/rp2_common/hardware_irq/irq.c.obj
 *fill*         0x10006a55        0x3 
 .rodata.irq_remove_handler.str1.4
                0x10006a58       0x2a CMakeFiles/main_blinky.dir/C_/repo/github/pico-sdk/src/rp2_common/hardware_irq/irq.c.obj
 *fill*         0x10006a82        0x2 
 .rodata.irq_add_tail_to_free_list.str1.4
                0x10006a84       0x32 CMakeFiles/main_blinky.dir/C_/repo/github/pico-sdk/src/rp2_common/hardware_irq/irq.c.obj
                                 0x3a (size before relaxing)
 *fill*         0x10006ab6        0x2 
 .rodata.__func__.0
                0x10006ab8       0x1a CMakeFiles/main_blinky.dir/C_/repo/github/pico-sdk/src/rp2_common/hardware_irq/irq.c.obj
 *fill*         0x10006ad2        0x2 
 .rodata.__func__.1
                0x10006ad4       0x17 CMakeFiles/main_blinky.dir/C_/repo/github/pico-sdk/src/rp2_common/hardware_irq/irq.c.obj
 *fill*         0x10006aeb        0x1 
 .rodata.__func__.2
                0x10006aec       0x13 CMakeFiles/main_blinky.dir/C_/repo/github/pico-sdk/src/rp2_common/hardware_irq/irq.c.obj
 *fill*         0x10006aff        0x1 
 .rodata.__func__.3
                0x10006b00        0xc CMakeFiles/main_blinky.dir/C_/repo/github/pico-sdk/src/rp2_common/hardware_irq/irq.c.obj
 .rodata.__func__.4
                0x10006b0c        0xf CMakeFiles/main_blinky.dir/C_/repo/github/pico-sdk/src/rp2_common/hardware_irq/irq.c.obj
 *fill*         0x10006b1b        0x1 
 .rodata.__func__.6
                0x10006b1c       0x1a CMakeFiles/main_blinky.dir/C_/repo/github/pico-sdk/src/rp2_common/hardware_irq/irq.c.obj
 *fill*         0x10006b36        0x2 
 .rodata.pll_init.str1.4
                0x10006b38       0xd7 CMakeFiles/main_blinky.dir/C_/repo/github/pico-sdk/src/rp2_common/hardware_pll/pll.c.obj
 *fill*         0x10006c0f        0x1 
 .rodata.__func__.0
                0x10006c10        0x9 CMakeFiles/main_blinky.dir/C_/repo/github/pico-sdk/src/rp2_common/hardware_pll/pll.c.obj
 *fill*         0x10006c19        0x3 
 .rodata._ftoa.str1.4
                0x10006c1c       0x15 CMakeFiles/main_blinky.dir/C_/repo/github/pico-sdk/src/rp2_common/pico_printf/printf.c.obj
 *fill*         0x10006c31        0x3 
 .rodata._vsnprintf
                0x10006c34      0x1e0 CMakeFiles/main_blinky.dir/C_/repo/github/pico-sdk/src/rp2_common/pico_printf/printf.c.obj
 *fill*         0x10006e14        0x4 
 .rodata.pow10.0
                0x10006e18       0x50 CMakeFiles/main_blinky.dir/C_/repo/github/pico-sdk/src/rp2_common/pico_printf/printf.c.obj
 .rodata.__aeabi_double_init.str1.4
                0x10006e68       0xa5 CMakeFiles/main_blinky.dir/C_/repo/github/pico-sdk/src/rp2_common/pico_double/double_init_rom.c.obj
 *fill*         0x10006f0d        0x3 
 .rodata.__func__.0
                0x10006f10       0x14 CMakeFiles/main_blinky.dir/C_/repo/github/pico-sdk/src/rp2_common/pico_double/double_init_rom.c.obj
 .rodata.__aeabi_float_init.str1.4
                0x10006f24       0x77 CMakeFiles/main_blinky.dir/C_/repo/github/pico-sdk/src/rp2_common/pico_float/float_init_rom.c.obj
                                 0x7b (size before relaxing)
 *fill*         0x10006f9b        0x1 
 .rodata.__func__.0
                0x10006f9c       0x13 CMakeFiles/main_blinky.dir/C_/repo/github/pico-sdk/src/rp2_common/pico_float/float_init_rom.c.obj
 *fill*         0x10006faf        0x1 
 .rodata.str1.4
                0x10006fb0       0x40 CMakeFiles/main_blinky.dir/C_/repo/github/pico-sdk/src/rp2_common/pico_standard_link/binary_info.c.obj
 .rodata.__bi_44
                0x10006ff0        0xc CMakeFiles/main_blinky.dir/C_/repo/github/pico-sdk/src/rp2_common/pico_standard_link/binary_info.c.obj
 .rodata.__bi_75
                0x10006ffc        0xc CMakeFiles/main_blinky.dir/C_/repo/github/pico-sdk/src/rp2_common/pico_standard_link/binary_info.c.obj
 .rodata.__bi_81
                0x10007008        0xc CMakeFiles/main_blinky.dir/C_/repo/github/pico-sdk/src/rp2_common/pico_standard_link/binary_info.c.obj
 .rodata.crlf_str.3
                0x10007014        0x2 CMakeFiles/main_blinky.dir/C_/repo/github/pico-sdk/src/rp2_common/pico_stdio/stdio.c.obj
 *fill*         0x10007016        0x2 
 .rodata.str1.4
                0x10007018       0x2c CMakeFiles/main_blinky.dir/C_/repo/github/pico-sdk/src/rp2_common/pico_stdio_uart/stdio_uart.c.obj
 .rodata.__bi_28.4
                0x10007044        0xc CMakeFiles/main_blinky.dir/C_/repo/github/pico-sdk/src/rp2_common/pico_stdio_uart/stdio_uart.c.obj
 .rodata.__bi_29.5
                0x10007050        0x8 CMakeFiles/main_blinky.dir/C_/repo/github/pico-sdk/src/rp2_common/pico_stdio_uart/stdio_uart.c.obj
 .rodata.vPortYield.str1.4
                0x10007058       0x6b CMakeFiles/main_blinky.dir/C_/repo/github/TDG-Keyboard/FreeRTOS/portable/ThirdParty/GCC/RP2040/port.c.obj
 *fill*         0x100070c3        0x1 
 .rodata.vPortExitCritical.str1.4
                0x100070c4       0x12 CMakeFiles/main_blinky.dir/C_/repo/github/TDG-Keyboard/FreeRTOS/portable/ThirdParty/GCC/RP2040/port.c.obj
 *fill*         0x100070d6        0x2 
 .rodata.vPortLockInternalSpinUnlockWithWait.str1.4
                0x100070d8       0x72 CMakeFiles/main_blinky.dir/C_/repo/github/TDG-Keyboard/FreeRTOS/portable/ThirdParty/GCC/RP2040/port.c.obj
 *fill*         0x1000714a        0x2 
 .rodata.__func__.2
                0x1000714c       0x24 CMakeFiles/main_blinky.dir/C_/repo/github/TDG-Keyboard/FreeRTOS/portable/ThirdParty/GCC/RP2040/port.c.obj
 .rodata.__func__.3
                0x10007170       0x12 CMakeFiles/main_blinky.dir/C_/repo/github/TDG-Keyboard/FreeRTOS/portable/ThirdParty/GCC/RP2040/port.c.obj
 *fill*         0x10007182        0x2 
 .rodata.__func__.4
                0x10007184        0xb CMakeFiles/main_blinky.dir/C_/repo/github/TDG-Keyboard/FreeRTOS/portable/ThirdParty/GCC/RP2040/port.c.obj
 *fill*         0x1000718f        0x1 
 .rodata.xEventGroupWaitBits.str1.4
                0x10007190       0xd3 CMakeFiles/main_blinky.dir/C_/repo/github/TDG-Keyboard/FreeRTOS/event_groups.c.obj
 *fill*         0x10007263        0x1 
 .rodata.xEventGroupSetBits.str1.4
                0x10007264       0x24 CMakeFiles/main_blinky.dir/C_/repo/github/TDG-Keyboard/FreeRTOS/event_groups.c.obj
 .rodata.__func__.1
                0x10007288       0x13 CMakeFiles/main_blinky.dir/C_/repo/github/TDG-Keyboard/FreeRTOS/event_groups.c.obj
 *fill*         0x1000729b        0x1 
 .rodata.__func__.3
                0x1000729c       0x14 CMakeFiles/main_blinky.dir/C_/repo/github/TDG-Keyboard/FreeRTOS/event_groups.c.obj
 .rodata.prvNotifyQueueSetContainer.str1.4
                0x100072b0       0xaa CMakeFiles/main_blinky.dir/C_/repo/github/TDG-Keyboard/FreeRTOS/queue.c.obj
 *fill*         0x1000735a        0x2 
 .rodata.xQueueGenericReset.str1.4
                0x1000735c       0x2c CMakeFiles/main_blinky.dir/C_/repo/github/TDG-Keyboard/FreeRTOS/queue.c.obj
 .rodata.xQueueGenericCreate.str1.4
                0x10007388        0xb CMakeFiles/main_blinky.dir/C_/repo/github/TDG-Keyboard/FreeRTOS/queue.c.obj
 *fill*         0x10007393        0x1 
 .rodata.xQueueGenericSend.str1.4
                0x10007394       0xa5 CMakeFiles/main_blinky.dir/C_/repo/github/TDG-Keyboard/FreeRTOS/queue.c.obj
                                 0xfb (size before relaxing)
 *fill*         0x10007439        0x3 
 .rodata.xQueueReceive.str1.4
                0x1000743c       0x66 CMakeFiles/main_blinky.dir/C_/repo/github/TDG-Keyboard/FreeRTOS/queue.c.obj
 *fill*         0x100074a2        0x2 
 .rodata.uxQueueMessagesWaiting.str1.4
                0x100074a4        0x7 CMakeFiles/main_blinky.dir/C_/repo/github/TDG-Keyboard/FreeRTOS/queue.c.obj
 *fill*         0x100074ab        0x1 
 .rodata.__func__.13
                0x100074ac        0xe CMakeFiles/main_blinky.dir/C_/repo/github/TDG-Keyboard/FreeRTOS/queue.c.obj
 *fill*         0x100074ba        0x2 
 .rodata.__func__.15
                0x100074bc       0x19 CMakeFiles/main_blinky.dir/C_/repo/github/TDG-Keyboard/FreeRTOS/queue.c.obj
 *fill*         0x100074d5        0x3 
 .rodata.__func__.16
                0x100074d8       0x1b CMakeFiles/main_blinky.dir/C_/repo/github/TDG-Keyboard/FreeRTOS/queue.c.obj
 *fill*         0x100074f3        0x1 
 .rodata.__func__.17
                0x100074f4       0x12 CMakeFiles/main_blinky.dir/C_/repo/github/TDG-Keyboard/FreeRTOS/queue.c.obj
 *fill*         0x10007506        0x2 
 .rodata.__func__.2
                0x10007508       0x14 CMakeFiles/main_blinky.dir/C_/repo/github/TDG-Keyboard/FreeRTOS/queue.c.obj
 .rodata.__func__.23
                0x1000751c       0x14 CMakeFiles/main_blinky.dir/C_/repo/github/TDG-Keyboard/FreeRTOS/queue.c.obj
 .rodata.__func__.24
                0x10007530       0x13 CMakeFiles/main_blinky.dir/C_/repo/github/TDG-Keyboard/FreeRTOS/queue.c.obj
 *fill*         0x10007543        0x1 
 .rodata.prvTaskIsTaskSuspended.str1.4
                0x10007544       0x35 CMakeFiles/main_blinky.dir/C_/repo/github/TDG-Keyboard/FreeRTOS/tasks.c.obj
 *fill*         0x10007579        0x3 
 .rodata.prvInitialiseNewTask.str1.4
                0x1000757c       0x10 CMakeFiles/main_blinky.dir/C_/repo/github/TDG-Keyboard/FreeRTOS/tasks.c.obj
 .rodata.vTaskDelete.str1.4
                0x1000758c       0x1a CMakeFiles/main_blinky.dir/C_/repo/github/TDG-Keyboard/FreeRTOS/tasks.c.obj
 *fill*         0x100075a6        0x2 
 .rodata.vTaskStartScheduler.str1.4
                0x100075a8       0x1a CMakeFiles/main_blinky.dir/C_/repo/github/TDG-Keyboard/FreeRTOS/tasks.c.obj
 *fill*         0x100075c2        0x2 
 .rodata.xTaskIncrementTick.str1.4
                0x100075c4       0x76 CMakeFiles/main_blinky.dir/C_/repo/github/TDG-Keyboard/FreeRTOS/tasks.c.obj
 *fill*         0x1000763a        0x2 
 .rodata.xTaskResumeAll.str1.4
                0x1000763c       0x15 CMakeFiles/main_blinky.dir/C_/repo/github/TDG-Keyboard/FreeRTOS/tasks.c.obj
 *fill*         0x10007651        0x3 
 .rodata.xTaskDelayUntil.str1.4
                0x10007654       0x2c CMakeFiles/main_blinky.dir/C_/repo/github/TDG-Keyboard/FreeRTOS/tasks.c.obj
 .rodata.vTaskSwitchContext.str1.4
                0x10007680        0xe CMakeFiles/main_blinky.dir/C_/repo/github/TDG-Keyboard/FreeRTOS/tasks.c.obj
 *fill*         0x1000768e        0x2 
 .rodata.vTaskPlaceOnEventList.str1.4
                0x10007690        0xc CMakeFiles/main_blinky.dir/C_/repo/github/TDG-Keyboard/FreeRTOS/tasks.c.obj
 .rodata.vTaskPlaceOnUnorderedEventList.str1.4
                0x1000769c       0x1a CMakeFiles/main_blinky.dir/C_/repo/github/TDG-Keyboard/FreeRTOS/tasks.c.obj
 *fill*         0x100076b6        0x2 
 .rodata.xTaskRemoveFromEventList.str1.4
                0x100076b8        0xf CMakeFiles/main_blinky.dir/C_/repo/github/TDG-Keyboard/FreeRTOS/tasks.c.obj
 *fill*         0x100076c7        0x1 
 .rodata.vTaskRemoveFromUnorderedEventList.str1.4
                0x100076c8       0x2d CMakeFiles/main_blinky.dir/C_/repo/github/TDG-Keyboard/FreeRTOS/tasks.c.obj
 *fill*         0x100076f5        0x3 
 .rodata.vTaskSetTimeOutState.str1.4
                0x100076f8        0xa CMakeFiles/main_blinky.dir/C_/repo/github/TDG-Keyboard/FreeRTOS/tasks.c.obj
 *fill*         0x10007702        0x2 
 .rodata.xTaskCheckForTimeOut.str1.4
                0x10007704        0xe CMakeFiles/main_blinky.dir/C_/repo/github/TDG-Keyboard/FreeRTOS/tasks.c.obj
 *fill*         0x10007712        0x2 
 .rodata.xTaskPriorityDisinherit.str1.4
                0x10007714       0x2d CMakeFiles/main_blinky.dir/C_/repo/github/TDG-Keyboard/FreeRTOS/tasks.c.obj
 *fill*         0x10007741        0x3 
 .rodata.__func__.11
                0x10007744       0x22 CMakeFiles/main_blinky.dir/C_/repo/github/TDG-Keyboard/FreeRTOS/tasks.c.obj
 *fill*         0x10007766        0x2 
 .rodata.__func__.12
                0x10007768       0x19 CMakeFiles/main_blinky.dir/C_/repo/github/TDG-Keyboard/FreeRTOS/tasks.c.obj
 *fill*         0x10007781        0x3 
 .rodata.__func__.13
                0x10007784       0x20 CMakeFiles/main_blinky.dir/C_/repo/github/TDG-Keyboard/FreeRTOS/tasks.c.obj
 .rodata.__func__.14
                0x100077a4       0x1f CMakeFiles/main_blinky.dir/C_/repo/github/TDG-Keyboard/FreeRTOS/tasks.c.obj
 *fill*         0x100077c3        0x1 
 .rodata.__func__.15
                0x100077c4       0x16 CMakeFiles/main_blinky.dir/C_/repo/github/TDG-Keyboard/FreeRTOS/tasks.c.obj
 *fill*         0x100077da        0x2 
 .rodata.__func__.16
                0x100077dc       0x13 CMakeFiles/main_blinky.dir/C_/repo/github/TDG-Keyboard/FreeRTOS/tasks.c.obj
 *fill*         0x100077ef        0x1 
 .rodata.__func__.17
                0x100077f0       0x13 CMakeFiles/main_blinky.dir/C_/repo/github/TDG-Keyboard/FreeRTOS/tasks.c.obj
 *fill*         0x10007803        0x1 
 .rodata.__func__.23
                0x10007804        0xf CMakeFiles/main_blinky.dir/C_/repo/github/TDG-Keyboard/FreeRTOS/tasks.c.obj
 *fill*         0x10007813        0x1 
 .rodata.__func__.24
                0x10007814       0x14 CMakeFiles/main_blinky.dir/C_/repo/github/TDG-Keyboard/FreeRTOS/tasks.c.obj
 .rodata.__func__.32
                0x10007828       0x10 CMakeFiles/main_blinky.dir/C_/repo/github/TDG-Keyboard/FreeRTOS/tasks.c.obj
 .rodata.__func__.34
                0x10007838       0x15 CMakeFiles/main_blinky.dir/C_/repo/github/TDG-Keyboard/FreeRTOS/tasks.c.obj
 *fill*         0x1000784d        0x3 
 .rodata.__func__.7
                0x10007850       0x18 CMakeFiles/main_blinky.dir/C_/repo/github/TDG-Keyboard/FreeRTOS/tasks.c.obj
 .rodata.__func__.9
                0x10007868       0x15 CMakeFiles/main_blinky.dir/C_/repo/github/TDG-Keyboard/FreeRTOS/tasks.c.obj
 *fill*         0x1000787d        0x3 
 .rodata.prvProcessReceivedCommands.str1.4
                0x10007880       0x56 CMakeFiles/main_blinky.dir/C_/repo/github/TDG-Keyboard/FreeRTOS/timers.c.obj
 *fill*         0x100078d6        0x2 
 .rodata.prvProcessReceivedCommands
                0x100078d8       0x28 CMakeFiles/main_blinky.dir/C_/repo/github/TDG-Keyboard/FreeRTOS/timers.c.obj
 .rodata.prvCheckForValidListAndQueue.str1.4
                0x10007900        0x5 CMakeFiles/main_blinky.dir/C_/repo/github/TDG-Keyboard/FreeRTOS/timers.c.obj
 *fill*         0x10007905        0x3 
 .rodata.xTimerCreateTimerTask.str1.4
                0x10007908       0x10 CMakeFiles/main_blinky.dir/C_/repo/github/TDG-Keyboard/FreeRTOS/timers.c.obj
 .rodata.__func__.12
                0x10007918       0x1b CMakeFiles/main_blinky.dir/C_/repo/github/TDG-Keyboard/FreeRTOS/timers.c.obj
 *fill*         0x10007933        0x1 
 .rodata.__func__.14
                0x10007934       0x16 CMakeFiles/main_blinky.dir/C_/repo/github/TDG-Keyboard/FreeRTOS/timers.c.obj
 *fill*         0x1000794a        0x2 
 .rodata.exception_set_exclusive_handler.str1.4
                0x1000794c       0x8a CMakeFiles/main_blinky.dir/C_/repo/github/pico-sdk/src/rp2_common/hardware_exception/exception.c.obj
 *fill*         0x100079d6        0x2 
 .rodata.__func__.1
                0x100079d8       0x20 CMakeFiles/main_blinky.dir/C_/repo/github/pico-sdk/src/rp2_common/hardware_exception/exception.c.obj
 .rodata.vPortFree.str1.4
                0x100079f8       0x53 CMakeFiles/main_blinky.dir/C_/repo/github/TDG-Keyboard/FreeRTOS/portable/MemMang/heap_1.c.obj
 *fill*         0x10007a4b        0x1 
 .rodata.__func__.0
                0x10007a4c        0xa CMakeFiles/main_blinky.dir/C_/repo/github/TDG-Keyboard/FreeRTOS/portable/MemMang/heap_1.c.obj
                0x10007a58                . = ALIGN (0x4)
 *fill*         0x10007a56        0x2 
 *(SORT_BY_ALIGNMENT(SORT_BY_NAME(.flashdata*)))
                0x10007a58                . = ALIGN (0x4)

.rel.dyn        0x10007a58        0x0
 .rel.iplt      0x10007a58        0x0 c:/apps/gnu arm embedded toolchain/10 2021.10/bin/../lib/gcc/arm-none-eabi/10.3.1/thumb/v6-m/nofp/crtbegin.o

.ARM.extab
 *(.ARM.extab* .gnu.linkonce.armextab.*)
                0x10007a58                __exidx_start = .

.ARM.exidx
 *(.ARM.exidx* .gnu.linkonce.armexidx.*)
                0x10007a58                __exidx_end = .
                0x10007a58                . = ALIGN (0x4)
                0x10007a58                __binary_info_start = .

.binary_info    0x10007a58       0x24
 *(.binary_info.keep.*)
 .binary_info.keep.__bi_ptr22
                0x10007a58        0x4 CMakeFiles/main_blinky.dir/C_/repo/github/pico-sdk/src/rp2_common/pico_standard_link/binary_info.c.obj
 .binary_info.keep.__bi_ptr30
                0x10007a5c        0x4 CMakeFiles/main_blinky.dir/C_/repo/github/pico-sdk/src/rp2_common/pico_standard_link/binary_info.c.obj
 .binary_info.keep.__bi_ptr38
                0x10007a60        0x4 CMakeFiles/main_blinky.dir/C_/repo/github/pico-sdk/src/rp2_common/pico_standard_link/binary_info.c.obj
 .binary_info.keep.__bi_ptr44
                0x10007a64        0x4 CMakeFiles/main_blinky.dir/C_/repo/github/pico-sdk/src/rp2_common/pico_standard_link/binary_info.c.obj
 .binary_info.keep.__bi_ptr50
                0x10007a68        0x4 CMakeFiles/main_blinky.dir/C_/repo/github/pico-sdk/src/rp2_common/pico_standard_link/binary_info.c.obj
 .binary_info.keep.__bi_ptr75
                0x10007a6c        0x4 CMakeFiles/main_blinky.dir/C_/repo/github/pico-sdk/src/rp2_common/pico_standard_link/binary_info.c.obj
 .binary_info.keep.__bi_ptr81
                0x10007a70        0x4 CMakeFiles/main_blinky.dir/C_/repo/github/pico-sdk/src/rp2_common/pico_standard_link/binary_info.c.obj
 *(.binary_info.*)
 .binary_info.__bi_ptr28
                0x10007a74        0x4 CMakeFiles/main_blinky.dir/C_/repo/github/pico-sdk/src/rp2_common/pico_stdio_uart/stdio_uart.c.obj
 .binary_info.__bi_ptr29
                0x10007a78        0x4 CMakeFiles/main_blinky.dir/C_/repo/github/pico-sdk/src/rp2_common/pico_stdio_uart/stdio_uart.c.obj
                0x10007a7c                __binary_info_end = .
                0x10007a7c                . = ALIGN (0x4)
                0x10007a7c                __etext = .

.ram_vector_table
                0x20000000       0xc0
 *(.ram_vector_table)
 .ram_vector_table
                0x20000000       0xc0 CMakeFiles/main_blinky.dir/C_/repo/github/pico-sdk/src/rp2_common/pico_runtime/runtime.c.obj
                0x20000000                ram_vector_table

.data           0x200000c0      0x1dc load address 0x10007a7c
                0x200000c0                __data_start__ = .
 *(vtable)
 *(.time_critical*)
 .time_critical.mutex_enter_blocking
                0x200000c0       0x3c CMakeFiles/main_blinky.dir/C_/repo/github/pico-sdk/src/common/pico_sync/mutex.c.obj
                0x200000c0                mutex_enter_blocking
 .time_critical.mutex_try_enter
                0x200000fc       0x42 CMakeFiles/main_blinky.dir/C_/repo/github/pico-sdk/src/common/pico_sync/mutex.c.obj
                0x200000fc                mutex_try_enter
 *fill*         0x2000013e        0x2 
 .time_critical.mutex_exit
                0x20000140       0x40 CMakeFiles/main_blinky.dir/C_/repo/github/pico-sdk/src/common/pico_sync/mutex.c.obj
                0x20000140                mutex_exit
 *(.text*)
 .text          0x20000180        0x4 c:/apps/gnu arm embedded toolchain/10 2021.10/bin/../lib/gcc/arm-none-eabi/10.3.1/thumb/v6-m/nofp\libgcc.a(_dvmd_tls.o)
                0x20000180                __aeabi_idiv0
                0x20000180                __aeabi_ldiv0
 *fill*         0x20000184        0x4 
 .text.__stub   0x20000188       0x40 linker stubs
                0x200001c8                . = ALIGN (0x4)
 *(.rodata*)
                0x200001c8                . = ALIGN (0x4)
 *(.data*)
 .data.striped_spin_lock_num
                0x200001c8        0x1 CMakeFiles/main_blinky.dir/C_/repo/github/pico-sdk/src/rp2_common/hardware_sync/sync.c.obj
 *fill*         0x200001c9        0x3 
 .data.default_alarm_pool
                0x200001cc       0x18 CMakeFiles/main_blinky.dir/C_/repo/github/pico-sdk/src/common/pico_time/time.c.obj
 .data.default_alarm_pool_heap
                0x200001e4       0x10 CMakeFiles/main_blinky.dir/C_/repo/github/pico-sdk/src/common/pico_time/time.c.obj
 .data          0x200001f4       0x48 CMakeFiles/main_blinky.dir/C_/repo/github/pico-sdk/src/rp2_common/hardware_irq/irq_handler_chain.S.obj
                0x200001f4                irq_handler_chain_slots
                0x20000224                irq_handler_chain_first_slot
                0x2000022e                irq_handler_chain_remove_tail
 *fill*         0x2000023c        0x4 
 .data.aeabi_bits_funcs
                0x20000240       0x10 CMakeFiles/main_blinky.dir/C_/repo/github/pico-sdk/src/rp2_common/pico_bit_ops/bit_ops_aeabi.S.obj
                0x20000240                aeabi_bits_funcs
                0x20000250                aeabi_bits_funcs_end
 .data.aeabi_mem_funcs
                0x20000250       0x10 CMakeFiles/main_blinky.dir/C_/repo/github/pico-sdk/src/rp2_common/pico_mem_ops/mem_ops_aeabi.S.obj
                0x20000250                aeabi_mem_funcs
                0x20000260                aeabi_mem_funcs_end
 .data.stdio_uart
                0x20000260       0x14 CMakeFiles/main_blinky.dir/C_/repo/github/pico-sdk/src/rp2_common/pico_stdio_uart/stdio_uart.c.obj
                0x20000260                stdio_uart
 .data.uxCriticalNesting
                0x20000274        0x4 CMakeFiles/main_blinky.dir/C_/repo/github/TDG-Keyboard/FreeRTOS/portable/ThirdParty/GCC/RP2040/port.c.obj
 .data.uxTopUsedPriority
                0x20000278        0x4 CMakeFiles/main_blinky.dir/C_/repo/github/TDG-Keyboard/FreeRTOS/tasks.c.obj
                0x20000278                uxTopUsedPriority
                0x2000027c                . = ALIGN (0x4)
 *(.after_data.*)
                0x2000027c                . = ALIGN (0x4)
                0x2000027c                PROVIDE (__mutex_array_start = .)
 *(SORT_BY_NAME(.mutex_array.*))
 *(.mutex_array)
 .mutex_array   0x2000027c        0x8 CMakeFiles/main_blinky.dir/C_/repo/github/pico-sdk/src/rp2_common/pico_stdio/stdio.c.obj
                0x20000284                PROVIDE (__mutex_array_end = .)
                0x20000284                . = ALIGN (0x4)
                0x20000284                PROVIDE (__preinit_array_start = .)
 *(SORT_BY_NAME(.preinit_array.*))
 .preinit_array.00001
                0x20000284        0x4 CMakeFiles/main_blinky.dir/C_/repo/github/pico-sdk/src/rp2_common/pico_mem_ops/mem_ops_aeabi.S.obj
 .preinit_array.00010
                0x20000288        0x4 CMakeFiles/main_blinky.dir/C_/repo/github/pico-sdk/src/rp2_common/pico_bit_ops/bit_ops_aeabi.S.obj
 .preinit_array.00020
                0x2000028c        0x4 CMakeFiles/main_blinky.dir/C_/repo/github/pico-sdk/src/rp2_common/pico_double/double_aeabi.S.obj
 .preinit_array.00020
                0x20000290        0x4 CMakeFiles/main_blinky.dir/C_/repo/github/pico-sdk/src/rp2_common/pico_float/float_aeabi.S.obj
 *(.preinit_array)
                0x20000294                PROVIDE (__preinit_array_end = .)
                0x20000294                . = ALIGN (0x4)
                0x20000294                PROVIDE (__init_array_start = .)
 *(SORT_BY_NAME(.init_array.*))
 *(.init_array)
 .init_array    0x20000294        0x4 c:/apps/gnu arm embedded toolchain/10 2021.10/bin/../lib/gcc/arm-none-eabi/10.3.1/thumb/v6-m/nofp/crtbegin.o
 .init_array    0x20000298        0x4 CMakeFiles/main_blinky.dir/C_/repo/github/TDG-Keyboard/FreeRTOS/portable/ThirdParty/GCC/RP2040/port.c.obj
                0x2000029c                PROVIDE (__init_array_end = .)
                0x2000029c                . = ALIGN (0x4)
                [!provide]                PROVIDE (__fini_array_start = .)
 *(SORT_BY_NAME(.fini_array.*))
 *(.fini_array)
                [!provide]                PROVIDE (__fini_array_end = .)
 *(.jcr)
                0x2000029c                . = ALIGN (0x4)
                0x2000029c                __data_end__ = .

.igot.plt       0x2000029c        0x0 load address 0x10007c58
 .igot.plt      0x2000029c        0x0 c:/apps/gnu arm embedded toolchain/10 2021.10/bin/../lib/gcc/arm-none-eabi/10.3.1/thumb/v6-m/nofp/crtbegin.o

.uninitialized_data
                0x2000029c        0x0 load address 0x10007c58
                0x2000029c                . = ALIGN (0x4)
 *(.uninitialized_data*)

.scratch_x      0x20040000        0x0 load address 0x10007c58
                0x20040000                __scratch_x_start__ = .
 *(.scratch_x.*)
                0x20040000                . = ALIGN (0x4)
                0x20040000                __scratch_x_end__ = .
                0x10007c58                __scratch_x_source__ = LOADADDR (.scratch_x)

.scratch_y      0x20041000        0x0 load address 0x10007c58
                0x20041000                __scratch_y_start__ = .
 *(.scratch_y.*)
                0x20041000                . = ALIGN (0x4)
                0x20041000                __scratch_y_end__ = .
                0x10007c58                __scratch_y_source__ = LOADADDR (.scratch_y)

.bss            0x200002a0    0x20784
                0x200002a0                . = ALIGN (0x4)
                0x200002a0                __bss_start__ = .
 *(SORT_BY_ALIGNMENT(SORT_BY_NAME(.bss*)))
 .bss.default_alarm_pool_entries
                0x200002a0      0x100 CMakeFiles/main_blinky.dir/C_/repo/github/pico-sdk/src/common/pico_time/time.c.obj
 .bss           0x200003a0       0x1c c:/apps/gnu arm embedded toolchain/10 2021.10/bin/../lib/gcc/arm-none-eabi/10.3.1/thumb/v6-m/nofp/crtbegin.o
 .bss.alarm_callbacks
                0x200003bc       0x10 CMakeFiles/main_blinky.dir/C_/repo/github/pico-sdk/src/rp2_common/hardware_timer/timer.c.obj
 .bss.configured_freq
                0x200003cc       0x28 CMakeFiles/main_blinky.dir/C_/repo/github/pico-sdk/src/rp2_common/hardware_clocks/clocks.c.obj
 .bss.default_alarm_pool_entry_ids_high
                0x200003f4       0x10 CMakeFiles/main_blinky.dir/C_/repo/github/pico-sdk/src/common/pico_time/time.c.obj
 .bss.default_alarm_pool_heap_nodes
                0x20000404       0x30 CMakeFiles/main_blinky.dir/C_/repo/github/pico-sdk/src/common/pico_time/time.c.obj
 .bss.drivers   0x20000434        0x4 CMakeFiles/main_blinky.dir/C_/repo/github/pico-sdk/src/rp2_common/pico_stdio/stdio.c.obj
 .bss.filter    0x20000438        0x4 CMakeFiles/main_blinky.dir/C_/repo/github/pico-sdk/src/rp2_common/pico_stdio/stdio.c.obj
 .bss.pools     0x2000043c       0x10 CMakeFiles/main_blinky.dir/C_/repo/github/pico-sdk/src/common/pico_time/time.c.obj
 .bss.pucAlignedHeap.1
                0x2000044c        0x4 CMakeFiles/main_blinky.dir/C_/repo/github/TDG-Keyboard/FreeRTOS/portable/MemMang/heap_1.c.obj
 .bss.pxCurrentTCB
                0x20000450        0x4 CMakeFiles/main_blinky.dir/C_/repo/github/TDG-Keyboard/FreeRTOS/tasks.c.obj
                0x20000450                pxCurrentTCB
 .bss.pxCurrentTimerList
                0x20000454        0x4 CMakeFiles/main_blinky.dir/C_/repo/github/TDG-Keyboard/FreeRTOS/timers.c.obj
 .bss.pxDelayedTaskList
                0x20000458        0x4 CMakeFiles/main_blinky.dir/C_/repo/github/TDG-Keyboard/FreeRTOS/tasks.c.obj
 .bss.pxOverflowDelayedTaskList
                0x2000045c        0x4 CMakeFiles/main_blinky.dir/C_/repo/github/TDG-Keyboard/FreeRTOS/tasks.c.obj
 .bss.pxOverflowTimerList
                0x20000460        0x4 CMakeFiles/main_blinky.dir/C_/repo/github/TDG-Keyboard/FreeRTOS/timers.c.obj
 .bss.pxReadyTasksLists
                0x20000464      0x280 CMakeFiles/main_blinky.dir/C_/repo/github/TDG-Keyboard/FreeRTOS/tasks.c.obj
 .bss.pxYieldSpinLock
                0x200006e4        0x4 CMakeFiles/main_blinky.dir/C_/repo/github/TDG-Keyboard/FreeRTOS/portable/ThirdParty/GCC/RP2040/port.c.obj
 .bss.sd_table  0x200006e8      0x100 CMakeFiles/main_blinky.dir/C_/repo/github/pico-sdk/src/rp2_common/pico_double/double_init_rom.c.obj
                0x200006e8                sd_table
 .bss.sf_clz_func
                0x200007e8        0x4 CMakeFiles/main_blinky.dir/C_/repo/github/pico-sdk/src/rp2_common/pico_double/double_init_rom.c.obj
                0x200007e8                sf_clz_func
 .bss.sf_table  0x200007ec      0x100 CMakeFiles/main_blinky.dir/C_/repo/github/pico-sdk/src/rp2_common/pico_float/float_init_rom.c.obj
                0x200007ec                sf_table
 .bss.sleep_notifier
                0x200008ec        0x4 CMakeFiles/main_blinky.dir/C_/repo/github/pico-sdk/src/common/pico_time/time.c.obj
 .bss.target_hi
                0x200008f0       0x10 CMakeFiles/main_blinky.dir/C_/repo/github/pico-sdk/src/rp2_common/hardware_timer/timer.c.obj
 .bss.uart_char_to_line_feed
                0x20000900        0x4 CMakeFiles/main_blinky.dir/C_/repo/github/pico-sdk/src/rp2_common/hardware_uart/uart.c.obj
                0x20000900                uart_char_to_line_feed
 .bss.uart_instance
                0x20000904        0x4 CMakeFiles/main_blinky.dir/C_/repo/github/pico-sdk/src/rp2_common/pico_stdio_uart/stdio_uart.c.obj
 .bss.ucHeap    0x20000908    0x20000 CMakeFiles/main_blinky.dir/C_/repo/github/TDG-Keyboard/FreeRTOS/portable/MemMang/heap_1.c.obj
 .bss.ulYieldSpinLockSaveValue
                0x20020908        0x4 CMakeFiles/main_blinky.dir/C_/repo/github/TDG-Keyboard/FreeRTOS/portable/ThirdParty/GCC/RP2040/port.c.obj
 .bss.uxCurrentNumberOfTasks
                0x2002090c        0x4 CMakeFiles/main_blinky.dir/C_/repo/github/TDG-Keyboard/FreeRTOS/tasks.c.obj
 .bss.uxDeletedTasksWaitingCleanUp
                0x20020910        0x4 CMakeFiles/main_blinky.dir/C_/repo/github/TDG-Keyboard/FreeRTOS/tasks.c.obj
 .bss.uxSchedulerSuspended
                0x20020914        0x4 CMakeFiles/main_blinky.dir/C_/repo/github/TDG-Keyboard/FreeRTOS/tasks.c.obj
 .bss.uxTaskNumber
                0x20020918        0x4 CMakeFiles/main_blinky.dir/C_/repo/github/TDG-Keyboard/FreeRTOS/tasks.c.obj
 .bss.uxTopReadyPriority
                0x2002091c        0x4 CMakeFiles/main_blinky.dir/C_/repo/github/TDG-Keyboard/FreeRTOS/tasks.c.obj
 .bss.xActiveTimerList1
                0x20020920       0x14 CMakeFiles/main_blinky.dir/C_/repo/github/TDG-Keyboard/FreeRTOS/timers.c.obj
 .bss.xActiveTimerList2
                0x20020934       0x14 CMakeFiles/main_blinky.dir/C_/repo/github/TDG-Keyboard/FreeRTOS/timers.c.obj
 .bss.xDelayedTaskList1
                0x20020948       0x14 CMakeFiles/main_blinky.dir/C_/repo/github/TDG-Keyboard/FreeRTOS/tasks.c.obj
 .bss.xDelayedTaskList2
                0x2002095c       0x14 CMakeFiles/main_blinky.dir/C_/repo/github/TDG-Keyboard/FreeRTOS/tasks.c.obj
 .bss.xEventGroup
                0x20020970        0x4 CMakeFiles/main_blinky.dir/C_/repo/github/TDG-Keyboard/FreeRTOS/portable/ThirdParty/GCC/RP2040/port.c.obj
 .bss.xIdleTaskHandle
                0x20020974        0x4 CMakeFiles/main_blinky.dir/C_/repo/github/TDG-Keyboard/FreeRTOS/tasks.c.obj
 .bss.xLastTime.13
                0x20020978        0x4 CMakeFiles/main_blinky.dir/C_/repo/github/TDG-Keyboard/FreeRTOS/timers.c.obj
 .bss.xNextFreeByte
                0x2002097c        0x4 CMakeFiles/main_blinky.dir/C_/repo/github/TDG-Keyboard/FreeRTOS/portable/MemMang/heap_1.c.obj
 .bss.xNextTaskUnblockTime
                0x20020980        0x4 CMakeFiles/main_blinky.dir/C_/repo/github/TDG-Keyboard/FreeRTOS/tasks.c.obj
 .bss.xNumOfOverflows
                0x20020984        0x4 CMakeFiles/main_blinky.dir/C_/repo/github/TDG-Keyboard/FreeRTOS/tasks.c.obj
 .bss.xPendedTicks
                0x20020988        0x4 CMakeFiles/main_blinky.dir/C_/repo/github/TDG-Keyboard/FreeRTOS/tasks.c.obj
 .bss.xPendingReadyList
                0x2002098c       0x14 CMakeFiles/main_blinky.dir/C_/repo/github/TDG-Keyboard/FreeRTOS/tasks.c.obj
 .bss.xQueue    0x200209a0        0x4 CMakeFiles/main_blinky.dir/main_blinky.c.obj
 .bss.xQueueRegistry
                0x200209a4       0x40 CMakeFiles/main_blinky.dir/C_/repo/github/TDG-Keyboard/FreeRTOS/queue.c.obj
                0x200209a4                xQueueRegistry
 .bss.xSchedulerRunning
                0x200209e4        0x4 CMakeFiles/main_blinky.dir/C_/repo/github/TDG-Keyboard/FreeRTOS/tasks.c.obj
 .bss.xSuspendedTaskList
                0x200209e8       0x14 CMakeFiles/main_blinky.dir/C_/repo/github/TDG-Keyboard/FreeRTOS/tasks.c.obj
 .bss.xTasksWaitingTermination
                0x200209fc       0x14 CMakeFiles/main_blinky.dir/C_/repo/github/TDG-Keyboard/FreeRTOS/tasks.c.obj
 .bss.xTickCount
                0x20020a10        0x4 CMakeFiles/main_blinky.dir/C_/repo/github/TDG-Keyboard/FreeRTOS/tasks.c.obj
 .bss.xTimerQueue
                0x20020a14        0x4 CMakeFiles/main_blinky.dir/C_/repo/github/TDG-Keyboard/FreeRTOS/timers.c.obj
 .bss.xTimerTaskHandle
                0x20020a18        0x4 CMakeFiles/main_blinky.dir/C_/repo/github/TDG-Keyboard/FreeRTOS/timers.c.obj
 .bss.xYieldPending
                0x20020a1c        0x4 CMakeFiles/main_blinky.dir/C_/repo/github/TDG-Keyboard/FreeRTOS/tasks.c.obj
 .bss.claimed   0x20020a20        0x1 CMakeFiles/main_blinky.dir/C_/repo/github/pico-sdk/src/rp2_common/hardware_timer/timer.c.obj
 .bss.irq_hander_chain_free_slot_head
                0x20020a21        0x1 CMakeFiles/main_blinky.dir/C_/repo/github/pico-sdk/src/rp2_common/hardware_irq/irq.c.obj
 .bss.timer_callbacks_pending
                0x20020a22        0x1 CMakeFiles/main_blinky.dir/C_/repo/github/pico-sdk/src/rp2_common/hardware_timer/timer.c.obj
 *(COMMON)
                0x20020a24                . = ALIGN (0x4)
 *fill*         0x20020a23        0x1 
                0x20020a24                __bss_end__ = .

.heap           0x20020a24      0x800
                0x20020a24                __end__ = .
                0x20020a24                end = __end__
 *(.heap*)
 .heap          0x20020a24      0x800 CMakeFiles/main_blinky.dir/C_/repo/github/pico-sdk/src/rp2_common/pico_standard_link/crt0.S.obj
                0x20021224                __HeapLimit = .

.stack1_dummy   0x20040000        0x0
 *(.stack1*)

.stack_dummy    0x20041000      0x800
 *(.stack*)
 .stack         0x20041000      0x800 CMakeFiles/main_blinky.dir/C_/repo/github/pico-sdk/src/rp2_common/pico_standard_link/crt0.S.obj

.flash_end      0x10007c58        0x0
                0x10007c58                __flash_binary_end = .
                0x20040000                __StackLimit = (ORIGIN (RAM) + LENGTH (RAM))
                0x20041000                __StackOneTop = (ORIGIN (SCRATCH_X) + LENGTH (SCRATCH_X))
                0x20042000                __StackTop = (ORIGIN (SCRATCH_Y) + LENGTH (SCRATCH_Y))
                0x20041000                __StackOneBottom = (__StackOneTop - SIZEOF (.stack1_dummy))
                0x20041800                __StackBottom = (__StackTop - SIZEOF (.stack_dummy))
                0x20042000                PROVIDE (__stack = __StackTop)
                0x00000001                ASSERT ((__StackLimit >= __HeapLimit), region RAM overflowed)
                0x00000001                ASSERT (((__binary_info_header_end - __logical_binary_start) <= 0x100), Binary info must be in first 256 bytes of the binary)
LOAD CMakeFiles/main_blinky.dir/main.c.obj
LOAD CMakeFiles/main_blinky.dir/main_blinky.c.obj
LOAD CMakeFiles/main_blinky.dir/C_/repo/github/pico-sdk/src/rp2_common/pico_stdlib/stdlib.c.obj
LOAD CMakeFiles/main_blinky.dir/C_/repo/github/pico-sdk/src/rp2_common/hardware_gpio/gpio.c.obj
LOAD CMakeFiles/main_blinky.dir/C_/repo/github/pico-sdk/src/rp2_common/hardware_claim/claim.c.obj
LOAD CMakeFiles/main_blinky.dir/C_/repo/github/pico-sdk/src/rp2_common/pico_platform/platform.c.obj
LOAD CMakeFiles/main_blinky.dir/C_/repo/github/pico-sdk/src/rp2_common/hardware_sync/sync.c.obj
LOAD CMakeFiles/main_blinky.dir/C_/repo/github/pico-sdk/src/rp2_common/hardware_uart/uart.c.obj
LOAD CMakeFiles/main_blinky.dir/C_/repo/github/pico-sdk/src/rp2_common/hardware_divider/divider.S.obj
LOAD CMakeFiles/main_blinky.dir/C_/repo/github/pico-sdk/src/common/pico_time/time.c.obj
LOAD CMakeFiles/main_blinky.dir/C_/repo/github/pico-sdk/src/common/pico_time/timeout_helper.c.obj
LOAD CMakeFiles/main_blinky.dir/C_/repo/github/pico-sdk/src/rp2_common/hardware_timer/timer.c.obj
LOAD CMakeFiles/main_blinky.dir/C_/repo/github/pico-sdk/src/common/pico_sync/sem.c.obj
LOAD CMakeFiles/main_blinky.dir/C_/repo/github/pico-sdk/src/common/pico_sync/lock_core.c.obj
LOAD CMakeFiles/main_blinky.dir/C_/repo/github/pico-sdk/src/common/pico_sync/mutex.c.obj
LOAD CMakeFiles/main_blinky.dir/C_/repo/github/pico-sdk/src/common/pico_sync/critical_section.c.obj
LOAD CMakeFiles/main_blinky.dir/C_/repo/github/pico-sdk/src/common/pico_util/datetime.c.obj