Archive member included to satisfy reference by file (symbol)

c:/apps/gnu arm embedded toolchain/10 2021.10/bin/../lib/gcc/arm-none-eabi/10.3.1/thumb/v6-m/nofp\libgcc.a(_dvmd_tls.o)
                              CMakeFiles/main_full.dir/C_/repo/github/pico-sdk/src/rp2_common/pico_divider/divider.S.obj (__aeabi_idiv0)
c:/apps/gnu arm embedded toolchain/10 2021.10/bin/../lib/gcc/arm-none-eabi/10.3.1/../../../../arm-none-eabi/lib/thumb/v6-m/nofp\libg.a(lib_a-calloc.o)
                              CMakeFiles/main_full.dir/C_/repo/github/pico-sdk/src/rp2_common/pico_malloc/pico_malloc.c.obj (calloc)
c:/apps/gnu arm embedded toolchain/10 2021.10/bin/../lib/gcc/arm-none-eabi/10.3.1/../../../../arm-none-eabi/lib/thumb/v6-m/nofp\libg.a(lib_a-callocr.o)
                              c:/apps/gnu arm embedded toolchain/10 2021.10/bin/../lib/gcc/arm-none-eabi/10.3.1/../../../../arm-none-eabi/lib/thumb/v6-m/nofp\libg.a(lib_a-calloc.o) (_calloc_r)
c:/apps/gnu arm embedded toolchain/10 2021.10/bin/../lib/gcc/arm-none-eabi/10.3.1/../../../../arm-none-eabi/lib/thumb/v6-m/nofp\libg.a(lib_a-errno.o)
                              c:/apps/gnu arm embedded toolchain/10 2021.10/bin/../lib/gcc/arm-none-eabi/10.3.1/../../../../arm-none-eabi/lib/thumb/v6-m/nofp\libg.a(lib_a-callocr.o) (__errno)
c:/apps/gnu arm embedded toolchain/10 2021.10/bin/../lib/gcc/arm-none-eabi/10.3.1/../../../../arm-none-eabi/lib/thumb/v6-m/nofp\libg.a(lib_a-impure.o)
                              c:/apps/gnu arm embedded toolchain/10 2021.10/bin/../lib/gcc/arm-none-eabi/10.3.1/../../../../arm-none-eabi/lib/thumb/v6-m/nofp\libg.a(lib_a-calloc.o) (_impure_ptr)
c:/apps/gnu arm embedded toolchain/10 2021.10/bin/../lib/gcc/arm-none-eabi/10.3.1/../../../../arm-none-eabi/lib/thumb/v6-m/nofp\libg.a(lib_a-init.o)
                              c:/apps/gnu arm embedded toolchain/10 2021.10/bin/../lib/gcc/arm-none-eabi/10.3.1/../../../../arm-none-eabi/lib/thumb/v6-m/nofp/crt0.o (__libc_init_array)
c:/apps/gnu arm embedded toolchain/10 2021.10/bin/../lib/gcc/arm-none-eabi/10.3.1/../../../../arm-none-eabi/lib/thumb/v6-m/nofp\libg.a(lib_a-malloc.o)
                              CMakeFiles/main_full.dir/C_/repo/github/pico-sdk/src/rp2_common/pico_malloc/pico_malloc.c.obj (malloc)
c:/apps/gnu arm embedded toolchain/10 2021.10/bin/../lib/gcc/arm-none-eabi/10.3.1/../../../../arm-none-eabi/lib/thumb/v6-m/nofp\libg.a(lib_a-mallocr.o)
                              c:/apps/gnu arm embedded toolchain/10 2021.10/bin/../lib/gcc/arm-none-eabi/10.3.1/../../../../arm-none-eabi/lib/thumb/v6-m/nofp\libg.a(lib_a-callocr.o) (_malloc_r)
c:/apps/gnu arm embedded toolchain/10 2021.10/bin/../lib/gcc/arm-none-eabi/10.3.1/../../../../arm-none-eabi/lib/thumb/v6-m/nofp\libg.a(lib_a-mlock.o)
                              c:/apps/gnu arm embedded toolchain/10 2021.10/bin/../lib/gcc/arm-none-eabi/10.3.1/../../../../arm-none-eabi/lib/thumb/v6-m/nofp\libg.a(lib_a-mallocr.o) (__malloc_lock)
c:/apps/gnu arm embedded toolchain/10 2021.10/bin/../lib/gcc/arm-none-eabi/10.3.1/../../../../arm-none-eabi/lib/thumb/v6-m/nofp\libg.a(lib_a-sbrkr.o)
                              c:/apps/gnu arm embedded toolchain/10 2021.10/bin/../lib/gcc/arm-none-eabi/10.3.1/../../../../arm-none-eabi/lib/thumb/v6-m/nofp\libg.a(lib_a-mallocr.o) (_sbrk_r)
c:/apps/gnu arm embedded toolchain/10 2021.10/bin/../lib/gcc/arm-none-eabi/10.3.1/../../../../arm-none-eabi/lib/thumb/v6-m/nofp\libg.a(lib_a-strcmp.o)
                              CMakeFiles/main_full.dir/C_/repo/github/TDG-Keyboard/Common/Minimal/TimerDemo.c.obj (strcmp)
c:/apps/gnu arm embedded toolchain/10 2021.10/bin/../lib/gcc/arm-none-eabi/10.3.1/../../../../arm-none-eabi/lib/thumb/v6-m/nofp\libg.a(lib_a-strlen-stub.o)
                              CMakeFiles/main_full.dir/C_/repo/github/pico-sdk/src/rp2_common/pico_stdio/stdio.c.obj (strlen)
c:/apps/gnu arm embedded toolchain/10 2021.10/bin/../lib/gcc/arm-none-eabi/10.3.1/../../../../arm-none-eabi/lib/thumb/v6-m/nofp\libg.a(lib_a-freer.o)
                              c:/apps/gnu arm embedded toolchain/10 2021.10/bin/../lib/gcc/arm-none-eabi/10.3.1/../../../../arm-none-eabi/lib/thumb/v6-m/nofp\libg.a(lib_a-malloc.o) (_free_r)
c:/apps/gnu arm embedded toolchain/10 2021.10/bin/../lib/gcc/arm-none-eabi/10.3.1/../../../../arm-none-eabi/lib/thumb/v6-m/nofp\libg.a(lib_a-lock.o)
                              c:/apps/gnu arm embedded toolchain/10 2021.10/bin/../lib/gcc/arm-none-eabi/10.3.1/../../../../arm-none-eabi/lib/thumb/v6-m/nofp\libg.a(lib_a-mlock.o) (__retarget_lock_acquire_recursive)
c:/apps/gnu arm embedded toolchain/10 2021.10/bin/../lib/gcc/arm-none-eabi/10.3.1/../../../../arm-none-eabi/lib/thumb/v6-m/nofp\libg.a(lib_a-reent.o)
                              c:/apps/gnu arm embedded toolchain/10 2021.10/bin/../lib/gcc/arm-none-eabi/10.3.1/../../../../arm-none-eabi/lib/thumb/v6-m/nofp\libg.a(lib_a-sbrkr.o) (errno)

Discarded input sections

[...]
Memory Configuration

Name             Origin             Length             Attributes
FLASH            0x10000000         0x00200000         xr
RAM              0x20000000         0x00040000         xrw
SCRATCH_X        0x20040000         0x00001000         xrw
SCRATCH_Y        0x20041000         0x00001000         xrw
*default*        0x00000000         0xffffffff

Linker script and memory map

LOAD c:/apps/gnu arm embedded toolchain/10 2021.10/bin/../lib/gcc/arm-none-eabi/10.3.1/thumb/v6-m/nofp/crti.o
LOAD c:/apps/gnu arm embedded toolchain/10 2021.10/bin/../lib/gcc/arm-none-eabi/10.3.1/thumb/v6-m/nofp/crtbegin.o
LOAD c:/apps/gnu arm embedded toolchain/10 2021.10/bin/../lib/gcc/arm-none-eabi/10.3.1/../../../../arm-none-eabi/lib/thumb/v6-m/nofp/crt0.o

.flash_begin    0x10000000        0x0
                0x10000000                __flash_binary_start = .

.boot2          0x10000000      0x100
                0x10000000                __boot2_start__ = .
 *(.boot2)
 .boot2         0x10000000      0x100 C:\Users\BLA~1\AppData\Local\Temp\ccKxFIay.o
                0x10000100                __boot2_end__ = .
                0x00000001                ASSERT (((__boot2_end__ - __boot2_start__) == 0x100), ERROR: Pico second stage bootloader must be 256 bytes in size)

.text           0x10000100     0xd220
                0x10000100                __logical_binary_start = .
 *(.vectors)
 .vectors       0x10000100       0xd4 CMakeFiles/main_full.dir/C_/repo/github/pico-sdk/src/rp2_common/pico_standard_link/crt0.S.obj
                0x10000100                __VECTOR_TABLE
                0x10000100                __vectors
                0x100001c0                isr_invalid
                0x100001c0                __default_isrs_start
                0x100001c2                isr_nmi
                0x100001c4                isr_hardfault
                0x100001c6                isr_svcall
                0x100001c8                isr_pendsv
                0x100001ca                isr_systick
                0x100001cc                isr_irq23
                0x100001cc                isr_irq18
                0x100001cc                isr_irq11
                0x100001cc                isr_irq28
                0x100001cc                isr_irq19
                0x100001cc                isr_irq0
                0x100001cc                isr_irq6
                0x100001cc                isr_irq5
                0x100001cc                isr_irq12
                0x100001cc                isr_irq22
                0x100001cc                isr_irq31
                0x100001cc                isr_irq17
                0x100001cc                isr_irq27
                0x100001cc                isr_irq30
                0x100001cc                isr_irq2
                0x100001cc                isr_irq10
                0x100001cc                isr_irq8
                0x100001cc                isr_irq24
                0x100001cc                isr_irq1
                0x100001cc                isr_irq7
                0x100001cc                isr_irq21
                0x100001cc                isr_irq20
                0x100001cc                isr_irq15
                0x100001cc                isr_irq25
                0x100001cc                isr_irq13
                0x100001cc                __unhandled_user_irq
                0x100001cc                isr_irq4
                0x100001cc                isr_irq16
                0x100001cc                isr_irq29
                0x100001cc                isr_irq26
                0x100001cc                __default_isrs_end
                0x100001cc                isr_irq3
                0x100001cc                isr_irq14
                0x100001cc                isr_irq9
                0x100001d2                unhandled_user_irq_num_in_r0
 *(.binary_info_header)
 .binary_info_header
                0x100001d4       0x14 CMakeFiles/main_full.dir/C_/repo/github/pico-sdk/src/rp2_common/pico_standard_link/crt0.S.obj
                0x100001e8                __binary_info_header_end = .
 *(.reset)
 .reset         0x100001e8       0xa8 CMakeFiles/main_full.dir/C_/repo/github/pico-sdk/src/rp2_common/pico_standard_link/crt0.S.obj
                0x100001e8                _entry_point
                0x10000266                __get_current_exception
 .reset         0x10000290       0x30 CMakeFiles/main_full.dir/C_/repo/github/pico-sdk/src/rp2_common/pico_standard_link/binary_info.c.obj
 *(.init)
 .init          0x100002c0        0x4 c:/apps/gnu arm embedded toolchain/10 2021.10/bin/../lib/gcc/arm-none-eabi/10.3.1/thumb/v6-m/nofp/crti.o
                0x100002c0                _init
 *(EXCLUDE_FILE(*libm.a: *libc.a:*lib_a-mem*.o *libgcc.a:) .text*)
 .text          0x100002c4       0x48 c:/apps/gnu arm embedded toolchain/10 2021.10/bin/../lib/gcc/arm-none-eabi/10.3.1/thumb/v6-m/nofp/crtbegin.o
 .text.prvSetupHardware
                0x1000030c       0x1a CMakeFiles/main_full.dir/main.c.obj
 .text.vLaunch  0x10000326        0x8 CMakeFiles/main_full.dir/main.c.obj
                0x10000326                vLaunch
 *fill*         0x1000032e        0x2 
 .text.main     0x10000330       0x20 CMakeFiles/main_full.dir/main.c.obj
                0x10000330                main
 .text.vApplicationMallocFailedHook
                0x10000350       0x1c CMakeFiles/main_full.dir/main.c.obj
                0x10000350                vApplicationMallocFailedHook
 .text.vApplicationStackOverflowHook
                0x1000036c       0x1c CMakeFiles/main_full.dir/main.c.obj
                0x1000036c                vApplicationStackOverflowHook
 .text.vApplicationTickHook
                0x10000388       0x18 CMakeFiles/main_full.dir/main.c.obj
                0x10000388                vApplicationTickHook
 .text.prvCheckTask
                0x100003a0      0x154 CMakeFiles/main_full.dir/main_full.c.obj
 .text.prvRegTestTaskEntry2
                0x100004f4       0x1c CMakeFiles/main_full.dir/main_full.c.obj
 .text.prvRegTestTaskEntry1
                0x10000510       0x1c CMakeFiles/main_full.dir/main_full.c.obj
 .text.main_full
                0x1000052c      0x148 CMakeFiles/main_full.dir/main_full.c.obj
                0x1000052c                main_full
 .text.prvAlarm0Callback
                0x10000674       0x8c CMakeFiles/main_full.dir/IntQueueTimer.c.obj
                0x10000674                prvAlarm0Callback
 .text.prvAlarm1Callback
                0x10000700       0x8c CMakeFiles/main_full.dir/IntQueueTimer.c.obj
                0x10000700                prvAlarm1Callback
 .text.vInitialiseTimerForIntQueueTest
                0x1000078c       0xd4 CMakeFiles/main_full.dir/IntQueueTimer.c.obj
                0x1000078c                vInitialiseTimerForIntQueueTest
 .text          0x10000860       0xf4 CMakeFiles/main_full.dir/RegTest.s.obj
                0x10000860                vRegTest1Implementation
                0x100008d6                vRegTest2Implementation
 .text.vSecondaryBlockTimeTestTask
                0x10000954       0xb4 CMakeFiles/main_full.dir/C_/repo/github/TDG-Keyboard/Common/Minimal/blocktim.c.obj
 .text.prvBasicDelayTests
                0x10000a08       0xe8 CMakeFiles/main_full.dir/C_/repo/github/TDG-Keyboard/Common/Minimal/blocktim.c.obj
 .text.vPrimaryBlockTimeTestTask
                0x10000af0      0x280 CMakeFiles/main_full.dir/C_/repo/github/TDG-Keyboard/Common/Minimal/blocktim.c.obj
 .text.vCreateBlockTimeTasks
                0x10000d70       0x68 CMakeFiles/main_full.dir/C_/repo/github/TDG-Keyboard/Common/Minimal/blocktim.c.obj
                0x10000d70                vCreateBlockTimeTasks
 .text.xAreBlockTimeTestTasksStillRunning
                0x10000dd8       0x54 CMakeFiles/main_full.dir/C_/repo/github/TDG-Keyboard/Common/Minimal/blocktim.c.obj
                0x10000dd8                xAreBlockTimeTestTasksStillRunning
 .text.prvIncrementSemaphoreCount
                0x10000e2c       0x80 CMakeFiles/main_full.dir/C_/repo/github/TDG-Keyboard/Common/Minimal/countsem.c.obj
 .text.prvDecrementSemaphoreCount
                0x10000eac       0x9c CMakeFiles/main_full.dir/C_/repo/github/TDG-Keyboard/Common/Minimal/countsem.c.obj
 .text.prvCountingSemaphoreTask
                0x10000f48       0x44 CMakeFiles/main_full.dir/C_/repo/github/TDG-Keyboard/Common/Minimal/countsem.c.obj
 .text.vStartCountingSemaphoreTasks
                0x10000f8c       0x8c CMakeFiles/main_full.dir/C_/repo/github/TDG-Keyboard/Common/Minimal/countsem.c.obj
                0x10000f8c                vStartCountingSemaphoreTasks
 .text.xAreCountingSemaphoreTasksStillRunning
                0x10001018       0x50 CMakeFiles/main_full.dir/C_/repo/github/TDG-Keyboard/Common/Minimal/countsem.c.obj
                0x10001018                xAreCountingSemaphoreTasksStillRunning
 .text.prvRecursiveMutexPollingTask
                0x10001068      0x13c CMakeFiles/main_full.dir/C_/repo/github/TDG-Keyboard/Common/Minimal/recmutex.c.obj
 .text.prvRecursiveMutexBlockingTask
                0x100011a4       0x84 CMakeFiles/main_full.dir/C_/repo/github/TDG-Keyboard/Common/Minimal/recmutex.c.obj
 .text.prvRecursiveMutexControllingTask
                0x10001228       0x9c CMakeFiles/main_full.dir/C_/repo/github/TDG-Keyboard/Common/Minimal/recmutex.c.obj
 .text.vStartRecursiveMutexTasks
                0x100012c4       0x80 CMakeFiles/main_full.dir/C_/repo/github/TDG-Keyboard/Common/Minimal/recmutex.c.obj
                0x100012c4                vStartRecursiveMutexTasks
 .text.xAreRecursiveMutexTasksStillRunning
                0x10001344       0x80 CMakeFiles/main_full.dir/C_/repo/github/TDG-Keyboard/Common/Minimal/recmutex.c.obj
                0x10001344                xAreRecursiveMutexTasksStillRunning
 .text.prvQueueOverwriteTask
                0x100013c4       0xbc CMakeFiles/main_full.dir/C_/repo/github/TDG-Keyboard/Common/Minimal/QueueOverwrite.c.obj
 .text.vStartQueueOverwriteTask
                0x10001480       0x38 CMakeFiles/main_full.dir/C_/repo/github/TDG-Keyboard/Common/Minimal/QueueOverwrite.c.obj
                0x10001480                vStartQueueOverwriteTask
 .text.xIsQueueOverwriteTaskStillRunning
                0x100014b8       0x28 CMakeFiles/main_full.dir/C_/repo/github/TDG-Keyboard/Common/Minimal/QueueOverwrite.c.obj
                0x100014b8                xIsQueueOverwriteTaskStillRunning
 .text.vQueueOverwritePeriodicISRDemo
                0x100014e0       0xa4 CMakeFiles/main_full.dir/C_/repo/github/TDG-Keyboard/Common/Minimal/QueueOverwrite.c.obj
                0x100014e0                vQueueOverwritePeriodicISRDemo
 .text.prvSelectiveBitsTestSlaveFunction
                0x10001584       0x40 CMakeFiles/main_full.dir/C_/repo/github/TDG-Keyboard/Common/Minimal/EventGroupsDemo.c.obj
 .text.prvSyncTask
                0x100015c4       0xc4 CMakeFiles/main_full.dir/C_/repo/github/TDG-Keyboard/Common/Minimal/EventGroupsDemo.c.obj
 .text.prvSelectiveBitsTestMasterFunction
                0x10001688       0xd0 CMakeFiles/main_full.dir/C_/repo/github/TDG-Keyboard/Common/Minimal/EventGroupsDemo.c.obj
 .text.prvBitCombinationTestMasterFunction
                0x10001758      0x10c CMakeFiles/main_full.dir/C_/repo/github/TDG-Keyboard/Common/Minimal/EventGroupsDemo.c.obj
 .text.prvTestSlaveTask
                0x10001864      0x134 CMakeFiles/main_full.dir/C_/repo/github/TDG-Keyboard/Common/Minimal/EventGroupsDemo.c.obj
 .text.prvPerformTaskSyncTests
                0x10001998      0x1e0 CMakeFiles/main_full.dir/C_/repo/github/TDG-Keyboard/Common/Minimal/EventGroupsDemo.c.obj
 .text.prvTestMasterTask
                0x10001b78       0xbc CMakeFiles/main_full.dir/C_/repo/github/TDG-Keyboard/Common/Minimal/EventGroupsDemo.c.obj
 .text.vStartEventGroupTasks
                0x10001c34       0xc4 CMakeFiles/main_full.dir/C_/repo/github/TDG-Keyboard/Common/Minimal/EventGroupsDemo.c.obj
                0x10001c34                vStartEventGroupTasks
 .text.vPeriodicEventGroupsProcessing
                0x10001cf8       0xb0 CMakeFiles/main_full.dir/C_/repo/github/TDG-Keyboard/Common/Minimal/EventGroupsDemo.c.obj
                0x10001cf8                vPeriodicEventGroupsProcessing
 .text.xAreEventGroupTasksStillRunning
                0x10001da8       0x64 CMakeFiles/main_full.dir/C_/repo/github/TDG-Keyboard/Common/Minimal/EventGroupsDemo.c.obj
                0x10001da8                xAreEventGroupTasksStillRunning
 .text.vInterruptCountingSemaphoreTask
                0x10001e0c       0xbc CMakeFiles/main_full.dir/C_/repo/github/TDG-Keyboard/Common/Minimal/IntSemTest.c.obj
 .text.prvTakeAndGiveInTheSameOrder
                0x10001ec8      0x14c CMakeFiles/main_full.dir/C_/repo/github/TDG-Keyboard/Common/Minimal/IntSemTest.c.obj
 .text.prvTakeAndGiveInTheOppositeOrder
                0x10002014      0x138 CMakeFiles/main_full.dir/C_/repo/github/TDG-Keyboard/Common/Minimal/IntSemTest.c.obj
 .text.vInterruptMutexMasterTask
                0x1000214c       0x2c CMakeFiles/main_full.dir/C_/repo/github/TDG-Keyboard/Common/Minimal/IntSemTest.c.obj
 .text.vInterruptMutexSlaveTask
                0x10002178       0x44 CMakeFiles/main_full.dir/C_/repo/github/TDG-Keyboard/Common/Minimal/IntSemTest.c.obj
 .text.vStartInterruptSemaphoreTasks
                0x100021bc       0xd0 CMakeFiles/main_full.dir/C_/repo/github/TDG-Keyboard/Common/Minimal/IntSemTest.c.obj
                0x100021bc                vStartInterruptSemaphoreTasks
 .text.vInterruptSemaphorePeriodicTest
                0x1000228c       0x98 CMakeFiles/main_full.dir/C_/repo/github/TDG-Keyboard/Common/Minimal/IntSemTest.c.obj
                0x1000228c                vInterruptSemaphorePeriodicTest
 .text.xAreInterruptSemaphoreTasksStillRunning
                0x10002324       0x5c CMakeFiles/main_full.dir/C_/repo/github/TDG-Keyboard/Common/Minimal/IntSemTest.c.obj
                0x10002324                xAreInterruptSemaphoreTasksStillRunning
 .text.prvQueueAccessLogError
                0x10002380       0x14 CMakeFiles/main_full.dir/C_/repo/github/TDG-Keyboard/Common/Minimal/IntQueue.c.obj
 .text.prvRecordValue_NormallyFull
                0x10002394       0x24 CMakeFiles/main_full.dir/C_/repo/github/TDG-Keyboard/Common/Minimal/IntQueue.c.obj
 .text.prvRecordValue_NormallyEmpty
                0x100023b8       0x24 CMakeFiles/main_full.dir/C_/repo/github/TDG-Keyboard/Common/Minimal/IntQueue.c.obj
 .text.prvLowerPriorityNormallyFullTask
                0x100023dc       0x8c CMakeFiles/main_full.dir/C_/repo/github/TDG-Keyboard/Common/Minimal/IntQueue.c.obj
 .text.prvLowerPriorityNormallyEmptyTask
                0x10002468       0x98 CMakeFiles/main_full.dir/C_/repo/github/TDG-Keyboard/Common/Minimal/IntQueue.c.obj
 .text.prv2ndHigherPriorityNormallyFullTask
                0x10002500       0x84 CMakeFiles/main_full.dir/C_/repo/github/TDG-Keyboard/Common/Minimal/IntQueue.c.obj
 .text.prv1stHigherPriorityNormallyFullTask
                0x10002584      0x108 CMakeFiles/main_full.dir/C_/repo/github/TDG-Keyboard/Common/Minimal/IntQueue.c.obj
 .text.prvHigherPriorityNormallyEmptyTask
                0x1000268c      0x118 CMakeFiles/main_full.dir/C_/repo/github/TDG-Keyboard/Common/Minimal/IntQueue.c.obj
 .text.vStartInterruptQueueTasks
                0x100027a4       0xf4 CMakeFiles/main_full.dir/C_/repo/github/TDG-Keyboard/Common/Minimal/IntQueue.c.obj
                0x100027a4                vStartInterruptQueueTasks
 .text.xFirstTimerHandler
                0x10002898      0x128 CMakeFiles/main_full.dir/C_/repo/github/TDG-Keyboard/Common/Minimal/IntQueue.c.obj
                0x10002898                xFirstTimerHandler
 .text.xSecondTimerHandler
                0x100029c0      0x1b4 CMakeFiles/main_full.dir/C_/repo/github/TDG-Keyboard/Common/Minimal/IntQueue.c.obj
                0x100029c0                xSecondTimerHandler
 .text.xAreIntQueueTasksStillRunning
                0x10002b74       0xa4 CMakeFiles/main_full.dir/C_/repo/github/TDG-Keyboard/Common/Minimal/IntQueue.c.obj
                0x10002b74                xAreIntQueueTasksStillRunning
 .text.prvRand  0x10002c18       0x1c CMakeFiles/main_full.dir/C_/repo/github/TDG-Keyboard/Common/Minimal/TaskNotify.c.obj
 .text.prvNotifyingTimer
                0x10002c34       0x34 CMakeFiles/main_full.dir/C_/repo/github/TDG-Keyboard/Common/Minimal/TaskNotify.c.obj
 .text.prvSingleTaskTests
                0x10002c68      0x7f0 CMakeFiles/main_full.dir/C_/repo/github/TDG-Keyboard/Common/Minimal/TaskNotify.c.obj
 .text.prvNotifiedTask
                0x10003458      0x104 CMakeFiles/main_full.dir/C_/repo/github/TDG-Keyboard/Common/Minimal/TaskNotify.c.obj
 .text.prvSuspendedTaskTimerTestCallback
                0x1000355c       0x94 CMakeFiles/main_full.dir/C_/repo/github/TDG-Keyboard/Common/Minimal/TaskNotify.c.obj
 .text.vStartTaskNotifyTask
                0x100035f0       0x38 CMakeFiles/main_full.dir/C_/repo/github/TDG-Keyboard/Common/Minimal/TaskNotify.c.obj
                0x100035f0                vStartTaskNotifyTask
 .text.xNotifyTaskFromISR
                0x10003628       0xd4 CMakeFiles/main_full.dir/C_/repo/github/TDG-Keyboard/Common/Minimal/TaskNotify.c.obj
                0x10003628                xNotifyTaskFromISR
 .text.xAreTaskNotificationTasksStillRunning
                0x100036fc       0x50 CMakeFiles/main_full.dir/C_/repo/github/TDG-Keyboard/Common/Minimal/TaskNotify.c.obj
                0x100036fc                xAreTaskNotificationTasksStillRunning
 .text.prvISRAutoReloadTimerCallback
                0x1000374c       0x10 CMakeFiles/main_full.dir/C_/repo/github/TDG-Keyboard/Common/Minimal/TimerDemo.c.obj
 .text.prvISROneShotTimerCallback
                0x1000375c       0x10 CMakeFiles/main_full.dir/C_/repo/github/TDG-Keyboard/Common/Minimal/TimerDemo.c.obj
 .text.prvOneShotTimerCallback
                0x1000376c       0x50 CMakeFiles/main_full.dir/C_/repo/github/TDG-Keyboard/Common/Minimal/TimerDemo.c.obj
 .text.prvTest2_CheckTaskAndTimersInitialState
                0x100037bc       0x74 CMakeFiles/main_full.dir/C_/repo/github/TDG-Keyboard/Common/Minimal/TimerDemo.c.obj
 .text.prvTest3_CheckAutoReloadExpireRates
                0x10003830       0xa4 CMakeFiles/main_full.dir/C_/repo/github/TDG-Keyboard/Common/Minimal/TimerDemo.c.obj
 .text.prvAutoReloadTimerCallback
                0x100038d4       0x70 CMakeFiles/main_full.dir/C_/repo/github/TDG-Keyboard/Common/Minimal/TimerDemo.c.obj
 .text.prvTest4_CheckAutoReloadTimersCanBeStopped
                0x10003944      0x118 CMakeFiles/main_full.dir/C_/repo/github/TDG-Keyboard/Common/Minimal/TimerDemo.c.obj
 .text.prvTest5_CheckBasicOneShotTimerBehaviour
                0x10003a5c      0x124 CMakeFiles/main_full.dir/C_/repo/github/TDG-Keyboard/Common/Minimal/TimerDemo.c.obj
 .text.prvTest6_CheckAutoReloadResetBehaviour
                0x10003b80      0x28c CMakeFiles/main_full.dir/C_/repo/github/TDG-Keyboard/Common/Minimal/TimerDemo.c.obj
 .text.prvResetStartConditionsForNextIteration
                0x10003e0c       0xa4 CMakeFiles/main_full.dir/C_/repo/github/TDG-Keyboard/Common/Minimal/TimerDemo.c.obj
 .text.prvTest7_CheckBacklogBehaviour
                0x10003eb0       0xf4 CMakeFiles/main_full.dir/C_/repo/github/TDG-Keyboard/Common/Minimal/TimerDemo.c.obj
 .text.prvTimerTestTask
                0x10003fa4       0xcc CMakeFiles/main_full.dir/C_/repo/github/TDG-Keyboard/Common/Minimal/TimerDemo.c.obj
 .text.prvTest1_CreateTimersWithoutSchedulerRunning
                0x10004070      0x1a4 CMakeFiles/main_full.dir/C_/repo/github/TDG-Keyboard/Common/Minimal/TimerDemo.c.obj
 .text.vStartTimerDemoTask
                0x10004214       0x60 CMakeFiles/main_full.dir/C_/repo/github/TDG-Keyboard/Common/Minimal/TimerDemo.c.obj
                0x10004214                vStartTimerDemoTask
 .text.xAreTimerDemoTasksStillRunning
                0x10004274       0x74 CMakeFiles/main_full.dir/C_/repo/github/TDG-Keyboard/Common/Minimal/TimerDemo.c.obj
                0x10004274                xAreTimerDemoTasksStillRunning
 .text.vTimerPeriodicISRTests
                0x100042e8      0x594 CMakeFiles/main_full.dir/C_/repo/github/TDG-Keyboard/Common/Minimal/TimerDemo.c.obj
                0x100042e8                vTimerPeriodicISRTests
 .text.prvMediumPriorityMutexTask
                0x1000487c       0x18 CMakeFiles/main_full.dir/C_/repo/github/TDG-Keyboard/Common/Minimal/GenQTest.c.obj
 .text.prvHighPriorityMutexTask
                0x10004894       0x50 CMakeFiles/main_full.dir/C_/repo/github/TDG-Keyboard/Common/Minimal/GenQTest.c.obj
 .text.prvTakeTwoMutexesReturnInSameOrder
                0x100048e4      0x10c CMakeFiles/main_full.dir/C_/repo/github/TDG-Keyboard/Common/Minimal/GenQTest.c.obj
 .text.prvTakeTwoMutexesReturnInDifferentOrder
                0x100049f0      0x12c CMakeFiles/main_full.dir/C_/repo/github/TDG-Keyboard/Common/Minimal/GenQTest.c.obj
 .text.prvHighPriorityTimeout
                0x10004b1c      0x218 CMakeFiles/main_full.dir/C_/repo/github/TDG-Keyboard/Common/Minimal/GenQTest.c.obj
 .text.prvLowPriorityMutexTask
                0x10004d34       0x54 CMakeFiles/main_full.dir/C_/repo/github/TDG-Keyboard/Common/Minimal/GenQTest.c.obj
 .text.prvSendFrontAndBackTest
                0x10004d88      0x2a4 CMakeFiles/main_full.dir/C_/repo/github/TDG-Keyboard/Common/Minimal/GenQTest.c.obj
 .text.vStartGenericQueueTasks
                0x1000502c       0xcc CMakeFiles/main_full.dir/C_/repo/github/TDG-Keyboard/Common/Minimal/GenQTest.c.obj
                0x1000502c                vStartGenericQueueTasks
 .text.xAreGenericQueueTasksStillRunning
                0x100050f8       0x58 CMakeFiles/main_full.dir/C_/repo/github/TDG-Keyboard/Common/Minimal/GenQTest.c.obj
                0x100050f8                xAreGenericQueueTasksStillRunning
 .text.vCreateTasks
                0x10005150       0x7c CMakeFiles/main_full.dir/C_/repo/github/TDG-Keyboard/Common/Minimal/death.c.obj
 .text.vSuicidalTask
                0x100051cc       0x3a CMakeFiles/main_full.dir/C_/repo/github/TDG-Keyboard/Common/Minimal/death.c.obj
 *fill*         0x10005206        0x2 
 .text.vCreateSuicidalTasks
                0x10005208       0x24 CMakeFiles/main_full.dir/C_/repo/github/TDG-Keyboard/Common/Minimal/death.c.obj
                0x10005208                vCreateSuicidalTasks
 .text.xIsCreateTaskStillRunning
                0x1000522c       0x54 CMakeFiles/main_full.dir/C_/repo/github/TDG-Keyboard/Common/Minimal/death.c.obj
                0x1000522c                xIsCreateTaskStillRunning
 .text.prvSemaphoreTest
                0x10005280       0xb4 CMakeFiles/main_full.dir/C_/repo/github/TDG-Keyboard/Common/Minimal/semtest.c.obj
 .text.vStartSemaphoreTasks
                0x10005334       0xfc CMakeFiles/main_full.dir/C_/repo/github/TDG-Keyboard/Common/Minimal/semtest.c.obj
                0x10005334                vStartSemaphoreTasks
 .text.xAreSemaphoreTasksStillRunning
                0x10005430       0x38 CMakeFiles/main_full.dir/C_/repo/github/TDG-Keyboard/Common/Minimal/semtest.c.obj
                0x10005430                xAreSemaphoreTasksStillRunning
 .text.vBlockingQueueProducer
                0x10005468       0x40 CMakeFiles/main_full.dir/C_/repo/github/TDG-Keyboard/Common/Minimal/BlockQ.c.obj
 .text.vBlockingQueueConsumer
                0x100054a8       0x40 CMakeFiles/main_full.dir/C_/repo/github/TDG-Keyboard/Common/Minimal/BlockQ.c.obj
 .text.vStartBlockingQueueTasks
                0x100054e8      0x154 CMakeFiles/main_full.dir/C_/repo/github/TDG-Keyboard/Common/Minimal/BlockQ.c.obj
                0x100054e8                vStartBlockingQueueTasks
 .text.xAreBlockingQueuesStillRunning
                0x1000563c       0x5c CMakeFiles/main_full.dir/C_/repo/github/TDG-Keyboard/Common/Minimal/BlockQ.c.obj
                0x1000563c                xAreBlockingQueuesStillRunning
 .text.vCompetingMathTask1
                0x10005698       0xb8 CMakeFiles/main_full.dir/C_/repo/github/TDG-Keyboard/Common/Minimal/flop.c.obj
 .text.vCompetingMathTask2
                0x10005750       0xb8 CMakeFiles/main_full.dir/C_/repo/github/TDG-Keyboard/Common/Minimal/flop.c.obj
 .text.vCompetingMathTask4
                0x10005808       0xb4 CMakeFiles/main_full.dir/C_/repo/github/TDG-Keyboard/Common/Minimal/flop.c.obj
 .text.vCompetingMathTask3
                0x100058bc       0xb0 CMakeFiles/main_full.dir/C_/repo/github/TDG-Keyboard/Common/Minimal/flop.c.obj
 .text.vStartMathTasks
                0x1000596c       0x78 CMakeFiles/main_full.dir/C_/repo/github/TDG-Keyboard/Common/Minimal/flop.c.obj
                0x1000596c                vStartMathTasks
 .text.xAreMathsTaskStillRunning
                0x100059e4       0x28 CMakeFiles/main_full.dir/C_/repo/github/TDG-Keyboard/Common/Minimal/flop.c.obj
                0x100059e4                xAreMathsTaskStillRunning
 .text.gpio_set_function
                0x10005a0c       0x30 CMakeFiles/main_full.dir/C_/repo/github/pico-sdk/src/rp2_common/hardware_gpio/gpio.c.obj
                0x10005a0c                gpio_set_function
 .text.gpio_init
                0x10005a3c       0x16 CMakeFiles/main_full.dir/C_/repo/github/pico-sdk/src/rp2_common/hardware_gpio/gpio.c.obj
                0x10005a3c                gpio_init
 *fill*         0x10005a52        0x2 
 .text.hw_claim_lock
                0x10005a54       0x18 CMakeFiles/main_full.dir/C_/repo/github/pico-sdk/src/rp2_common/hardware_claim/claim.c.obj
                0x10005a54                hw_claim_lock
 .text.hw_claim_unlock
                0x10005a6c       0x14 CMakeFiles/main_full.dir/C_/repo/github/pico-sdk/src/rp2_common/hardware_claim/claim.c.obj
                0x10005a6c                hw_claim_unlock
 .text.hw_claim_or_assert
                0x10005a80       0x32 CMakeFiles/main_full.dir/C_/repo/github/pico-sdk/src/rp2_common/hardware_claim/claim.c.obj
                0x10005a80                hw_claim_or_assert
 *fill*         0x10005ab2        0x2 
 .text.running_on_fpga
                0x10005ab4       0x14 CMakeFiles/main_full.dir/C_/repo/github/pico-sdk/src/rp2_common/pico_platform/platform.c.obj
                0x10005ab4                running_on_fpga
 .text.spin_locks_reset
                0x10005ac8       0x20 CMakeFiles/main_full.dir/C_/repo/github/pico-sdk/src/rp2_common/hardware_sync/sync.c.obj
                0x10005ac8                spin_locks_reset
 .text.next_striped_spin_lock_num
                0x10005ae8       0x1c CMakeFiles/main_full.dir/C_/repo/github/pico-sdk/src/rp2_common/hardware_sync/sync.c.obj
                0x10005ae8                next_striped_spin_lock_num
 .text.uart_set_baudrate
                0x10005b04       0x5c CMakeFiles/main_full.dir/C_/repo/github/pico-sdk/src/rp2_common/hardware_uart/uart.c.obj
                0x10005b04                uart_set_baudrate
 .text.uart_set_translate_crlf
                0x10005b60       0x28 CMakeFiles/main_full.dir/C_/repo/github/pico-sdk/src/rp2_common/hardware_uart/uart.c.obj
                0x10005b60                uart_set_translate_crlf
 .text.uart_init
                0x10005b88       0x80 CMakeFiles/main_full.dir/C_/repo/github/pico-sdk/src/rp2_common/hardware_uart/uart.c.obj
                0x10005b88                uart_init
 .text.alarm_pool_post_alloc_init
                0x10005c08       0x40 CMakeFiles/main_full.dir/C_/repo/github/pico-sdk/src/common/pico_time/time.c.obj
 .text.timer_pool_entry_comparator
                0x10005c48       0x7c CMakeFiles/main_full.dir/C_/repo/github/pico-sdk/src/common/pico_time/time.c.obj
                0x10005c48                timer_pool_entry_comparator
 .text.ph_add_child_node
                0x10005cc4       0xa4 CMakeFiles/main_full.dir/C_/repo/github/pico-sdk/src/common/pico_time/time.c.obj
 .text.ph_merge_nodes
                0x10005d68       0x3e CMakeFiles/main_full.dir/C_/repo/github/pico-sdk/src/common/pico_time/time.c.obj
 *fill*         0x10005da6        0x2 
 .text.add_alarm_under_lock
                0x10005da8      0x174 CMakeFiles/main_full.dir/C_/repo/github/pico-sdk/src/common/pico_time/time.c.obj
 .text.alarm_pool_alarm_callback
                0x10005f1c      0x328 CMakeFiles/main_full.dir/C_/repo/github/pico-sdk/src/common/pico_time/time.c.obj
 .text.alarm_pool_init_default
                0x10006244       0x38 CMakeFiles/main_full.dir/C_/repo/github/pico-sdk/src/common/pico_time/time.c.obj
                0x10006244                alarm_pool_init_default
 .text.hardware_alarm_irq_handler
                0x1000627c       0x8c CMakeFiles/main_full.dir/C_/repo/github/pico-sdk/src/rp2_common/hardware_timer/timer.c.obj
 .text.hardware_alarm_claim
                0x10006308       0x18 CMakeFiles/main_full.dir/C_/repo/github/pico-sdk/src/rp2_common/hardware_timer/timer.c.obj
                0x10006308                hardware_alarm_claim
 .text.time_us_64
                0x10006320       0x18 CMakeFiles/main_full.dir/C_/repo/github/pico-sdk/src/rp2_common/hardware_timer/timer.c.obj
                0x10006320                time_us_64
 .text.hardware_alarm_set_callback
                0x10006338       0x90 CMakeFiles/main_full.dir/C_/repo/github/pico-sdk/src/rp2_common/hardware_timer/timer.c.obj
                0x10006338                hardware_alarm_set_callback
 .text.hardware_alarm_set_target
                0x100063c8       0xe8 CMakeFiles/main_full.dir/C_/repo/github/pico-sdk/src/rp2_common/hardware_timer/timer.c.obj
                0x100063c8                hardware_alarm_set_target
 .text.hardware_alarm_cancel
                0x100064b0       0x40 CMakeFiles/main_full.dir/C_/repo/github/pico-sdk/src/rp2_common/hardware_timer/timer.c.obj
                0x100064b0                hardware_alarm_cancel
 .text.lock_init
                0x100064f0       0x10 CMakeFiles/main_full.dir/C_/repo/github/pico-sdk/src/common/pico_sync/lock_core.c.obj
                0x100064f0                lock_init
 .text.mutex_init
                0x10006500       0x1c CMakeFiles/main_full.dir/C_/repo/github/pico-sdk/src/common/pico_sync/mutex.c.obj
                0x10006500                mutex_init
 .text.recursive_mutex_init
                0x1000651c       0x20 CMakeFiles/main_full.dir/C_/repo/github/pico-sdk/src/common/pico_sync/mutex.c.obj
                0x1000651c                recursive_mutex_init
 .text.ph_add_child_node
                0x1000653c       0xa4 CMakeFiles/main_full.dir/C_/repo/github/pico-sdk/src/common/pico_util/pheap.c.obj
 .text.ph_merge_nodes
                0x100065e0       0x3e CMakeFiles/main_full.dir/C_/repo/github/pico-sdk/src/common/pico_util/pheap.c.obj
 *fill*         0x1000661e        0x2 
 .text.ph_clear
                0x10006620       0x70 CMakeFiles/main_full.dir/C_/repo/github/pico-sdk/src/common/pico_util/pheap.c.obj
                0x10006620                ph_clear
 .text.ph_post_alloc_init
                0x10006690        0xe CMakeFiles/main_full.dir/C_/repo/github/pico-sdk/src/common/pico_util/pheap.c.obj
                0x10006690                ph_post_alloc_init
 *fill*         0x1000669e        0x2 
 .text.ph_merge_two_pass
                0x100066a0       0xa8 CMakeFiles/main_full.dir/C_/repo/github/pico-sdk/src/common/pico_util/pheap.c.obj
                0x100066a0                ph_merge_two_pass
 .text.ph_remove_any_head
                0x10006748      0x108 CMakeFiles/main_full.dir/C_/repo/github/pico-sdk/src/common/pico_util/pheap.c.obj
 .text.ph_remove_head
                0x10006850       0x14 CMakeFiles/main_full.dir/C_/repo/github/pico-sdk/src/common/pico_util/pheap.c.obj
                0x10006850                ph_remove_head
 .text.ph_remove_and_free_node
                0x10006864       0xf8 CMakeFiles/main_full.dir/C_/repo/github/pico-sdk/src/common/pico_util/pheap.c.obj
                0x10006864                ph_remove_and_free_node
 .text._exit    0x1000695c        0x4 CMakeFiles/main_full.dir/C_/repo/github/pico-sdk/src/rp2_common/pico_runtime/runtime.c.obj
                0x1000695c                _exit
 .text.exit     0x10006960        0x6 CMakeFiles/main_full.dir/C_/repo/github/pico-sdk/src/rp2_common/pico_runtime/runtime.c.obj
                0x10006960                exit
 *fill*         0x10006966        0x2 
 .text.__assert_func
                0x10006968       0x3c CMakeFiles/main_full.dir/C_/repo/github/pico-sdk/src/rp2_common/pico_runtime/runtime.c.obj
                0x10006968                __assert_func
 .text.runtime_init
                0x100069a4       0xf8 CMakeFiles/main_full.dir/C_/repo/github/pico-sdk/src/rp2_common/pico_runtime/runtime.c.obj
                0x100069a4                runtime_init
 .text.panic    0x10006a9c       0x30 CMakeFiles/main_full.dir/C_/repo/github/pico-sdk/src/rp2_common/pico_runtime/runtime.c.obj
                0x10006a9c                panic
 .text.panic_unsupported
                0x10006acc        0xc CMakeFiles/main_full.dir/C_/repo/github/pico-sdk/src/rp2_common/pico_runtime/runtime.c.obj
                0x10006acc                panic_unsupported
 .text.clock_configure
                0x10006ad8      0x104 CMakeFiles/main_full.dir/C_/repo/github/pico-sdk/src/rp2_common/hardware_clocks/clocks.c.obj
                0x10006ad8                clock_configure
 .text.clocks_init
                0x10006bdc      0x100 CMakeFiles/main_full.dir/C_/repo/github/pico-sdk/src/rp2_common/hardware_clocks/clocks.c.obj
                0x10006bdc                clocks_init
 .text.clock_get_hz
                0x10006cdc        0xc CMakeFiles/main_full.dir/C_/repo/github/pico-sdk/src/rp2_common/hardware_clocks/clocks.c.obj
                0x10006cdc                clock_get_hz
 .text.set_raw_irq_handler_and_unlock
                0x10006ce8       0x28 CMakeFiles/main_full.dir/C_/repo/github/pico-sdk/src/rp2_common/hardware_irq/irq.c.obj
 .text.make_branch
                0x10006d10       0x48 CMakeFiles/main_full.dir/C_/repo/github/pico-sdk/src/rp2_common/hardware_irq/irq.c.obj
 .text.insert_branch_and_link
                0x10006d58       0x40 CMakeFiles/main_full.dir/C_/repo/github/pico-sdk/src/rp2_common/hardware_irq/irq.c.obj
 .text.irq_is_enabled
                0x10006d98       0x18 CMakeFiles/main_full.dir/C_/repo/github/pico-sdk/src/rp2_common/hardware_irq/irq.c.obj
                0x10006d98                irq_is_enabled
 .text.irq_set_mask_enabled
                0x10006db0       0x20 CMakeFiles/main_full.dir/C_/repo/github/pico-sdk/src/rp2_common/hardware_irq/irq.c.obj
                0x10006db0                irq_set_mask_enabled
 .text.irq_set_enabled
                0x10006dd0        0xe CMakeFiles/main_full.dir/C_/repo/github/pico-sdk/src/rp2_common/hardware_irq/irq.c.obj
                0x10006dd0                irq_set_enabled
 *fill*         0x10006dde        0x2 
 .text.irq_get_vtable_handler
                0x10006de0       0x10 CMakeFiles/main_full.dir/C_/repo/github/pico-sdk/src/rp2_common/hardware_irq/irq.c.obj
                0x10006de0                irq_get_vtable_handler
 .text.irq_set_exclusive_handler
                0x10006df0       0x54 CMakeFiles/main_full.dir/C_/repo/github/pico-sdk/src/rp2_common/hardware_irq/irq.c.obj
                0x10006df0                irq_set_exclusive_handler
 .text.irq_remove_handler
                0x10006e44      0x1a8 CMakeFiles/main_full.dir/C_/repo/github/pico-sdk/src/rp2_common/hardware_irq/irq.c.obj
                0x10006e44                irq_remove_handler
 .text.irq_set_priority
                0x10006fec       0x28 CMakeFiles/main_full.dir/C_/repo/github/pico-sdk/src/rp2_common/hardware_irq/irq.c.obj
                0x10006fec                irq_set_priority
 .text.irq_add_tail_to_free_list
                0x10007014       0xf0 CMakeFiles/main_full.dir/C_/repo/github/pico-sdk/src/rp2_common/hardware_irq/irq.c.obj
                0x10007014                irq_add_tail_to_free_list
 .text.irq_init_priorities
                0x10007104       0x1c CMakeFiles/main_full.dir/C_/repo/github/pico-sdk/src/rp2_common/hardware_irq/irq.c.obj
                0x10007104                irq_init_priorities
 .text.pll_init
                0x10007120      0x120 CMakeFiles/main_full.dir/C_/repo/github/pico-sdk/src/rp2_common/hardware_pll/pll.c.obj
                0x10007120                pll_init
 .text.watchdog_start_tick
                0x10007240       0x10 CMakeFiles/main_full.dir/C_/repo/github/pico-sdk/src/rp2_common/hardware_watchdog/watchdog.c.obj
                0x10007240                watchdog_start_tick
 .text.xosc_init
                0x10007250       0x28 CMakeFiles/main_full.dir/C_/repo/github/pico-sdk/src/rp2_common/hardware_xosc/xosc.c.obj
                0x10007250                xosc_init
 .text._out_null
                0x10007278        0x2 CMakeFiles/main_full.dir/C_/repo/github/pico-sdk/src/rp2_common/pico_printf/printf.c.obj
 .text._out_fct
                0x1000727a        0xe CMakeFiles/main_full.dir/C_/repo/github/pico-sdk/src/rp2_common/pico_printf/printf.c.obj
 .text._atoi    0x10007288       0x24 CMakeFiles/main_full.dir/C_/repo/github/pico-sdk/src/rp2_common/pico_printf/printf.c.obj
 .text._out_rev
                0x100072ac       0xae CMakeFiles/main_full.dir/C_/repo/github/pico-sdk/src/rp2_common/pico_printf/printf.c.obj
 .text._ntoa_format
                0x1000735a      0x112 CMakeFiles/main_full.dir/C_/repo/github/pico-sdk/src/rp2_common/pico_printf/printf.c.obj
 .text._ntoa_long
                0x1000746c       0xbc CMakeFiles/main_full.dir/C_/repo/github/pico-sdk/src/rp2_common/pico_printf/printf.c.obj
 .text._ntoa_long_long
                0x10007528       0xe2 CMakeFiles/main_full.dir/C_/repo/github/pico-sdk/src/rp2_common/pico_printf/printf.c.obj
 *fill*         0x1000760a        0x2 
 .text._etoa    0x1000760c      0x414 CMakeFiles/main_full.dir/C_/repo/github/pico-sdk/src/rp2_common/pico_printf/printf.c.obj
 .text._ftoa    0x10007a20      0x354 CMakeFiles/main_full.dir/C_/repo/github/pico-sdk/src/rp2_common/pico_printf/printf.c.obj
 .text._vsnprintf
                0x10007d74      0x624 CMakeFiles/main_full.dir/C_/repo/github/pico-sdk/src/rp2_common/pico_printf/printf.c.obj
 .text.vfctprintf
                0x10008398       0x20 CMakeFiles/main_full.dir/C_/repo/github/pico-sdk/src/rp2_common/pico_printf/printf.c.obj
                0x10008398                vfctprintf
 .text          0x100083b8       0x10 CMakeFiles/main_full.dir/C_/repo/github/pico-sdk/src/rp2_common/pico_bit_ops/bit_ops_aeabi.S.obj
 .text.rom_func_lookup
                0x100083c8       0x10 CMakeFiles/main_full.dir/C_/repo/github/pico-sdk/src/rp2_common/pico_bootrom/bootrom.c.obj
                0x100083c8                rom_func_lookup
 .text.rom_data_lookup
                0x100083d8       0x10 CMakeFiles/main_full.dir/C_/repo/github/pico-sdk/src/rp2_common/pico_bootrom/bootrom.c.obj
                0x100083d8                rom_data_lookup
 .text.rom_funcs_lookup
                0x100083e8       0x36 CMakeFiles/main_full.dir/C_/repo/github/pico-sdk/src/rp2_common/pico_bootrom/bootrom.c.obj
                0x100083e8                rom_funcs_lookup
 *fill*         0x1000841e        0x2 
 .text.__wrap___aeabi_idiv
                0x10008420       0x50 CMakeFiles/main_full.dir/C_/repo/github/pico-sdk/src/rp2_common/pico_divider/divider.S.obj
                0x10008420                __wrap___aeabi_idivmod
                0x10008420                divmod_s32s32
                0x10008420                div_s32s32
                0x10008420                __wrap___aeabi_idiv
                0x10008428                divmod_s32s32_unsafe
                0x10008454                divmod_s32s32_savestate
 .text.__wrap___aeabi_uidiv
                0x10008470       0x4c CMakeFiles/main_full.dir/C_/repo/github/pico-sdk/src/rp2_common/pico_divider/divider.S.obj
                0x10008470                __wrap___aeabi_uidiv
                0x10008470                __wrap___aeabi_uidivmod
                0x10008470                div_u32u32
                0x10008470                divmod_u32u32
                0x10008478                divmod_u32u32_unsafe
                0x100084a0                divmod_u32u32_savestate
 .text.__wrap___aeabi_ldiv
                0x100084bc      0x434 CMakeFiles/main_full.dir/C_/repo/github/pico-sdk/src/rp2_common/pico_divider/divider.S.obj
                0x100084bc                div_s64s64
                0x100084bc                divmod_s64s64
                0x100084bc                __wrap___aeabi_ldivmod
                0x100084f4                divmod_u64u64
                0x100084f4                div_u64u64
                0x100084f4                __wrap___aeabi_uldivmod
                0x10008504                divmod_u64u64_savestate
                0x1000852c                divmod_s64s64_unsafe
                0x100085b4                divmod_u64u64_unsafe
 .text.__wrap___aeabi_darithmetic
                0x100088f0       0x80 CMakeFiles/main_full.dir/C_/repo/github/pico-sdk/src/rp2_common/pico_double/double_aeabi.S.obj
                0x100088f0                __wrap___aeabi_drsub
                0x100088f6                __wrap___aeabi_dsub
                0x10008908                __wrap___aeabi_dadd
                0x1000891a                __wrap___aeabi_ddiv
                0x10008956                __wrap___aeabi_dmul
 .text.__wrap___aeabi_cdcmple
                0x10008970       0x6c CMakeFiles/main_full.dir/C_/repo/github/pico-sdk/src/rp2_common/pico_double/double_aeabi.S.obj
                0x10008970                __wrap___aeabi_cdrcmple
                0x10008980                __wrap___aeabi_cdcmpeq
                0x10008980                __wrap___aeabi_cdcmple
 .text.__wrap___aeabi_dcmplt
                0x100089dc        0xc CMakeFiles/main_full.dir/C_/repo/github/pico-sdk/src/rp2_common/pico_double/double_aeabi.S.obj
                0x100089dc                __wrap___aeabi_dcmplt
 .text.__wrap___aeabi_dcmple
                0x100089e8       0x10 CMakeFiles/main_full.dir/C_/repo/github/pico-sdk/src/rp2_common/pico_double/double_aeabi.S.obj
                0x100089e8                __wrap___aeabi_dcmple
 .text.__wrap___aeabi_dcmpge
                0x100089f8       0x10 CMakeFiles/main_full.dir/C_/repo/github/pico-sdk/src/rp2_common/pico_double/double_aeabi.S.obj
                0x100089f8                __wrap___aeabi_dcmpge
 .text.__wrap___aeabi_dcmpgt
                0x10008a08        0xa CMakeFiles/main_full.dir/C_/repo/github/pico-sdk/src/rp2_common/pico_double/double_aeabi.S.obj
                0x10008a08                __wrap___aeabi_dcmpgt
 .text.__wrap___aeabi_dcmpun
                0x10008a12       0x1c CMakeFiles/main_full.dir/C_/repo/github/pico-sdk/src/rp2_common/pico_double/double_aeabi.S.obj
                0x10008a12                __wrap___aeabi_dcmpun
 *fill*         0x10008a2e        0x2 
 .text.__wrap___aeabi_i2d
                0x10008a30       0x38 CMakeFiles/main_full.dir/C_/repo/github/pico-sdk/src/rp2_common/pico_double/double_aeabi.S.obj
                0x10008a30                __wrap___aeabi_ui2d
                0x10008a38                __wrap___aeabi_i2d
 .text.__wrap___aeabi_d2iz
                0x10008a68       0x48 CMakeFiles/main_full.dir/C_/repo/github/pico-sdk/src/rp2_common/pico_double/double_aeabi.S.obj
                0x10008a68                double2int_z
                0x10008a68                __wrap___aeabi_d2iz
 .text.__wrap___aeabi_d2uiz
                0x10008ab0       0x18 CMakeFiles/main_full.dir/C_/repo/github/pico-sdk/src/rp2_common/pico_double/double_aeabi.S.obj
                0x10008ab0                __wrap___aeabi_d2uiz
                0x10008ab0                double2uint
 .text.__aeabi_double_init
                0x10008ac8       0xc8 CMakeFiles/main_full.dir/C_/repo/github/pico-sdk/src/rp2_common/pico_double/double_init_rom.c.obj
                0x10008ac8                __aeabi_double_init
 .text.double_table_shim_on_use_helper
                0x10008b90       0x34 CMakeFiles/main_full.dir/C_/repo/github/pico-sdk/src/rp2_common/pico_double/double_v1_rom_shim.S.obj
                0x10008b90                double_table_shim_on_use_helper
 .text.__wrap___aeabi_dsub
                0x10008bc4       0x10 CMakeFiles/main_full.dir/C_/repo/github/pico-sdk/src/rp2_common/pico_double/double_v1_rom_shim.S.obj
                0x10008bc4                drsub_shim
                0x10008bca                dsub_shim
 .text.dadd_shim
                0x10008bd4      0x15c CMakeFiles/main_full.dir/C_/repo/github/pico-sdk/src/rp2_common/pico_double/double_v1_rom_shim.S.obj
                0x10008bd4                dadd_shim
 .text.dmul_shim
                0x10008d30      0x15c CMakeFiles/main_full.dir/C_/repo/github/pico-sdk/src/rp2_common/pico_double/double_v1_rom_shim.S.obj
                0x10008d30                dmul_shim
 .text.ddiv_shim
                0x10008e8c      0x1b0 CMakeFiles/main_full.dir/C_/repo/github/pico-sdk/src/rp2_common/pico_double/double_v1_rom_shim.S.obj
                0x10008e8c                ddiv_shim
 .text.double2uint_shim
                0x1000903c        0xe CMakeFiles/main_full.dir/C_/repo/github/pico-sdk/src/rp2_common/pico_double/double_v1_rom_shim.S.obj
                0x1000903c                double2uint_shim
                0x1000903e                double2ufix_shim
 *fill*         0x1000904a        0x2 
 .text.double2uint64_shim
                0x1000904c       0x70 CMakeFiles/main_full.dir/C_/repo/github/pico-sdk/src/rp2_common/pico_double/double_v1_rom_shim.S.obj
                0x1000904c                double2uint64_shim
                0x1000904e                double2ufix64_shim
                0x1000906e                d2fix_a
 .text.dunpacks
                0x100090bc       0x3c CMakeFiles/main_full.dir/C_/repo/github/pico-sdk/src/rp2_common/pico_double/double_v1_rom_shim.S.obj
                0x100090bc                dunpacks
 .text.__aeabi_float_init
                0x100090f8       0xfc CMakeFiles/main_full.dir/C_/repo/github/pico-sdk/src/rp2_common/pico_float/float_init_rom.c.obj
                0x100090f8                __aeabi_float_init
 .text.float_table_shim_on_use_helper
                0x100091f4       0x34 CMakeFiles/main_full.dir/C_/repo/github/pico-sdk/src/rp2_common/pico_float/float_v1_rom_shim.S.obj
                0x100091f4                float_table_shim_on_use_helper
 .text          0x10009228       0x10 CMakeFiles/main_full.dir/C_/repo/github/pico-sdk/src/rp2_common/pico_mem_ops/mem_ops_aeabi.S.obj
                0x10009228                __aeabi_mem_init
 .text.memset   0x10009238        0xc CMakeFiles/main_full.dir/C_/repo/github/pico-sdk/src/rp2_common/pico_mem_ops/mem_ops_aeabi.S.obj
                0x10009238                __wrap_memset
 .text.memcpy   0x10009244        0xc CMakeFiles/main_full.dir/C_/repo/github/pico-sdk/src/rp2_common/pico_mem_ops/mem_ops_aeabi.S.obj
                0x10009244                __wrap_memcpy
                0x10009244                __wrap___aeabi_memcpy
 .text.stdio_out_chars_no_crlf
                0x10009250        0xe CMakeFiles/main_full.dir/C_/repo/github/pico-sdk/src/rp2_common/pico_stdio/stdio.c.obj
 *fill*         0x1000925e        0x2 
 .text.stdio_out_chars_crlf
                0x10009260       0x80 CMakeFiles/main_full.dir/C_/repo/github/pico-sdk/src/rp2_common/pico_stdio/stdio.c.obj
 .text.stdio_stack_buffer_flush
                0x100092e0       0x44 CMakeFiles/main_full.dir/C_/repo/github/pico-sdk/src/rp2_common/pico_stdio/stdio.c.obj
 .text.stdio_buffered_printer
                0x10009324       0x20 CMakeFiles/main_full.dir/C_/repo/github/pico-sdk/src/rp2_common/pico_stdio/stdio.c.obj
 .text.stdout_serialize_begin
                0x10009344       0x2c CMakeFiles/main_full.dir/C_/repo/github/pico-sdk/src/rp2_common/pico_stdio/stdio.c.obj
                0x10009344                stdout_serialize_begin
 .text.stdout_serialize_end
                0x10009370       0x10 CMakeFiles/main_full.dir/C_/repo/github/pico-sdk/src/rp2_common/pico_stdio/stdio.c.obj
                0x10009370                stdout_serialize_end
 .text.stdio_put_string
                0x10009380       0x98 CMakeFiles/main_full.dir/C_/repo/github/pico-sdk/src/rp2_common/pico_stdio/stdio.c.obj
 .text.stdio_set_driver_enabled
                0x10009418       0x2c CMakeFiles/main_full.dir/C_/repo/github/pico-sdk/src/rp2_common/pico_stdio/stdio.c.obj
                0x10009418                stdio_set_driver_enabled
 .text.stdio_flush
                0x10009444       0x20 CMakeFiles/main_full.dir/C_/repo/github/pico-sdk/src/rp2_common/pico_stdio/stdio.c.obj
                0x10009444                stdio_flush
 .text.__wrap_puts
                0x10009464       0x1e CMakeFiles/main_full.dir/C_/repo/github/pico-sdk/src/rp2_common/pico_stdio/stdio.c.obj
                0x10009464                __wrap_puts
 *fill*         0x10009482        0x2 
 .text.__wrap_vprintf
                0x10009484       0x44 CMakeFiles/main_full.dir/C_/repo/github/pico-sdk/src/rp2_common/pico_stdio/stdio.c.obj
                0x10009484                __wrap_vprintf
 .text.__wrap_printf
                0x100094c8       0x18 CMakeFiles/main_full.dir/C_/repo/github/pico-sdk/src/rp2_common/pico_stdio/stdio.c.obj
                0x100094c8                __wrap_printf
 .text.stdio_init_all
                0x100094e0        0x8 CMakeFiles/main_full.dir/C_/repo/github/pico-sdk/src/rp2_common/pico_stdio/stdio.c.obj
                0x100094e0                stdio_init_all
 .text.stdio_uart_out_chars
                0x100094e8       0x74 CMakeFiles/main_full.dir/C_/repo/github/pico-sdk/src/rp2_common/pico_stdio_uart/stdio_uart.c.obj
 .text.stdio_uart_in_chars
                0x1000955c       0x58 CMakeFiles/main_full.dir/C_/repo/github/pico-sdk/src/rp2_common/pico_stdio_uart/stdio_uart.c.obj
                0x1000955c                stdio_uart_in_chars
 .text.stdio_uart_init_full
                0x100095b4       0x3c CMakeFiles/main_full.dir/C_/repo/github/pico-sdk/src/rp2_common/pico_stdio_uart/stdio_uart.c.obj
                0x100095b4                stdio_uart_init_full
 .text.stdio_uart_init
                0x100095f0       0x28 CMakeFiles/main_full.dir/C_/repo/github/pico-sdk/src/rp2_common/pico_stdio_uart/stdio_uart.c.obj
                0x100095f0                stdio_uart_init
 .text.vPortSVCHandler
                0x10009618        0x2 CMakeFiles/main_full.dir/C_/repo/github/TDG-Keyboard/FreeRTOS/portable/ThirdParty/GCC/RP2040/port.c.obj
                0x10009618                vPortSVCHandler
 *fill*         0x1000961a        0x2 
 .text.vPortStartFirstTask
                0x1000961c       0x28 CMakeFiles/main_full.dir/C_/repo/github/TDG-Keyboard/FreeRTOS/portable/ThirdParty/GCC/RP2040/port.c.obj
 .text.xPortPendSVHandler
                0x10009644       0x60 CMakeFiles/main_full.dir/C_/repo/github/TDG-Keyboard/FreeRTOS/portable/ThirdParty/GCC/RP2040/port.c.obj
                0x10009644                xPortPendSVHandler
 .text.prvTaskExitError
                0x100096a4        0x6 CMakeFiles/main_full.dir/C_/repo/github/TDG-Keyboard/FreeRTOS/portable/ThirdParty/GCC/RP2040/port.c.obj
 *fill*         0x100096aa        0x2 
 .text.pxPortInitialiseStack
                0x100096ac       0x20 CMakeFiles/main_full.dir/C_/repo/github/TDG-Keyboard/FreeRTOS/portable/ThirdParty/GCC/RP2040/port.c.obj
                0x100096ac                pxPortInitialiseStack
 .text.vPortYield
                0x100096cc       0x40 CMakeFiles/main_full.dir/C_/repo/github/TDG-Keyboard/FreeRTOS/portable/ThirdParty/GCC/RP2040/port.c.obj
                0x100096cc                vPortYield
 .text.vPortEnterCritical
                0x1000970c       0x18 CMakeFiles/main_full.dir/C_/repo/github/TDG-Keyboard/FreeRTOS/portable/ThirdParty/GCC/RP2040/port.c.obj
                0x1000970c                vPortEnterCritical
 .text.vPortEnableInterrupts
                0x10009724       0x28 CMakeFiles/main_full.dir/C_/repo/github/TDG-Keyboard/FreeRTOS/portable/ThirdParty/GCC/RP2040/port.c.obj
                0x10009724                vPortEnableInterrupts
 .text.vPortExitCritical
                0x1000974c       0x3c CMakeFiles/main_full.dir/C_/repo/github/TDG-Keyboard/FreeRTOS/portable/ThirdParty/GCC/RP2040/port.c.obj
                0x1000974c                vPortExitCritical
 .text.ulSetInterruptMaskFromISR
                0x10009788        0x8 CMakeFiles/main_full.dir/C_/repo/github/TDG-Keyboard/FreeRTOS/portable/ThirdParty/GCC/RP2040/port.c.obj
                0x10009788                ulSetInterruptMaskFromISR
 .text.vClearInterruptMaskFromISR
                0x10009790        0x6 CMakeFiles/main_full.dir/C_/repo/github/TDG-Keyboard/FreeRTOS/portable/ThirdParty/GCC/RP2040/port.c.obj
                0x10009790                vClearInterruptMaskFromISR
 *fill*         0x10009796        0x2 
 .text.xPortSysTickHandler
                0x10009798       0x24 CMakeFiles/main_full.dir/C_/repo/github/TDG-Keyboard/FreeRTOS/portable/ThirdParty/GCC/RP2040/port.c.obj
                0x10009798                xPortSysTickHandler
 .text.vPortSetupTimerInterrupt
                0x100097bc       0x34 CMakeFiles/main_full.dir/C_/repo/github/TDG-Keyboard/FreeRTOS/portable/ThirdParty/GCC/RP2040/port.c.obj
                0x100097bc                vPortSetupTimerInterrupt
 .text.xPortStartScheduler
                0x100097f0       0x60 CMakeFiles/main_full.dir/C_/repo/github/TDG-Keyboard/FreeRTOS/portable/ThirdParty/GCC/RP2040/port.c.obj
                0x100097f0                xPortStartScheduler
 .text.ulPortLockGetCurrentOwnerId
                0x10009850       0x1c CMakeFiles/main_full.dir/C_/repo/github/TDG-Keyboard/FreeRTOS/portable/ThirdParty/GCC/RP2040/port.c.obj
                0x10009850                ulPortLockGetCurrentOwnerId
 .text.vPortLockInternalSpinUnlockWithWait
                0x1000986c       0xb4 CMakeFiles/main_full.dir/C_/repo/github/TDG-Keyboard/FreeRTOS/portable/ThirdParty/GCC/RP2040/port.c.obj
                0x1000986c                vPortLockInternalSpinUnlockWithWait
 .text.vPortLockInternalSpinUnlockWithNotify
                0x10009920       0x64 CMakeFiles/main_full.dir/C_/repo/github/TDG-Keyboard/FreeRTOS/portable/ThirdParty/GCC/RP2040/port.c.obj
                0x10009920                vPortLockInternalSpinUnlockWithNotify
 .text.prvRuntimeInitializer
                0x10009984       0x10 CMakeFiles/main_full.dir/C_/repo/github/TDG-Keyboard/FreeRTOS/portable/ThirdParty/GCC/RP2040/port.c.obj
 .text.prvTestWaitCondition
                0x10009994       0x1e CMakeFiles/main_full.dir/C_/repo/github/TDG-Keyboard/FreeRTOS/event_groups.c.obj
 .text.xEventGroupCreate
                0x100099b2       0x18 CMakeFiles/main_full.dir/C_/repo/github/TDG-Keyboard/FreeRTOS/event_groups.c.obj
                0x100099b2                xEventGroupCreate
 *fill*         0x100099ca        0x2 
 .text.xEventGroupWaitBits
                0x100099cc      0x124 CMakeFiles/main_full.dir/C_/repo/github/TDG-Keyboard/FreeRTOS/event_groups.c.obj
                0x100099cc                xEventGroupWaitBits
 .text.xEventGroupClearBits
                0x10009af0       0x50 CMakeFiles/main_full.dir/C_/repo/github/TDG-Keyboard/FreeRTOS/event_groups.c.obj
                0x10009af0                xEventGroupClearBits
 .text.vEventGroupClearBitsCallback
                0x10009b40        0x8 CMakeFiles/main_full.dir/C_/repo/github/TDG-Keyboard/FreeRTOS/event_groups.c.obj
                0x10009b40                vEventGroupClearBitsCallback
 .text.xEventGroupClearBitsFromISR
                0x10009b48       0x14 CMakeFiles/main_full.dir/C_/repo/github/TDG-Keyboard/FreeRTOS/event_groups.c.obj
                0x10009b48                xEventGroupClearBitsFromISR
 .text.xEventGroupGetBitsFromISR
                0x10009b5c       0x12 CMakeFiles/main_full.dir/C_/repo/github/TDG-Keyboard/FreeRTOS/event_groups.c.obj
                0x10009b5c                xEventGroupGetBitsFromISR
 *fill*         0x10009b6e        0x2 
 .text.xEventGroupSetBits
                0x10009b70       0x98 CMakeFiles/main_full.dir/C_/repo/github/TDG-Keyboard/FreeRTOS/event_groups.c.obj
                0x10009b70                xEventGroupSetBits
 .text.xEventGroupSync
                0x10009c08       0xe8 CMakeFiles/main_full.dir/C_/repo/github/TDG-Keyboard/FreeRTOS/event_groups.c.obj
                0x10009c08                xEventGroupSync
 .text.vEventGroupSetBitsCallback
                0x10009cf0        0x8 CMakeFiles/main_full.dir/C_/repo/github/TDG-Keyboard/FreeRTOS/event_groups.c.obj
                0x10009cf0                vEventGroupSetBitsCallback
 .text.vEventGroupDelete
                0x10009cf8       0x60 CMakeFiles/main_full.dir/C_/repo/github/TDG-Keyboard/FreeRTOS/event_groups.c.obj
                0x10009cf8                vEventGroupDelete
 .text.xEventGroupSetBitsFromISR
                0x10009d58       0x14 CMakeFiles/main_full.dir/C_/repo/github/TDG-Keyboard/FreeRTOS/event_groups.c.obj
                0x10009d58                xEventGroupSetBitsFromISR
 .text.vListInitialise
                0x10009d6c       0x16 CMakeFiles/main_full.dir/C_/repo/github/TDG-Keyboard/FreeRTOS/list.c.obj
                0x10009d6c                vListInitialise
 .text.vListInitialiseItem
                0x10009d82        0x6 CMakeFiles/main_full.dir/C_/repo/github/TDG-Keyboard/FreeRTOS/list.c.obj
                0x10009d82                vListInitialiseItem
 .text.vListInsertEnd
                0x10009d88       0x16 CMakeFiles/main_full.dir/C_/repo/github/TDG-Keyboard/FreeRTOS/list.c.obj
                0x10009d88                vListInsertEnd
 .text.vListInsert
                0x10009d9e       0x2e CMakeFiles/main_full.dir/C_/repo/github/TDG-Keyboard/FreeRTOS/list.c.obj
                0x10009d9e                vListInsert
 .text.uxListRemove
                0x10009dcc       0x26 CMakeFiles/main_full.dir/C_/repo/github/TDG-Keyboard/FreeRTOS/list.c.obj
                0x10009dcc                uxListRemove
 .text.prvGetDisinheritPriorityAfterTimeout
                0x10009df2       0x12 CMakeFiles/main_full.dir/C_/repo/github/TDG-Keyboard/FreeRTOS/queue.c.obj
 .text.prvIsQueueFull
                0x10009e04       0x1e CMakeFiles/main_full.dir/C_/repo/github/TDG-Keyboard/FreeRTOS/queue.c.obj
 .text.prvIsQueueEmpty
                0x10009e22       0x1c CMakeFiles/main_full.dir/C_/repo/github/TDG-Keyboard/FreeRTOS/queue.c.obj
 .text.prvCopyDataToQueue
                0x10009e3e       0x82 CMakeFiles/main_full.dir/C_/repo/github/TDG-Keyboard/FreeRTOS/queue.c.obj
 .text.prvNotifyQueueSetContainer
                0x10009ec0       0xa0 CMakeFiles/main_full.dir/C_/repo/github/TDG-Keyboard/FreeRTOS/queue.c.obj
 .text.prvCopyDataFromQueue
                0x10009f60       0x24 CMakeFiles/main_full.dir/C_/repo/github/TDG-Keyboard/FreeRTOS/queue.c.obj
 .text.prvUnlockQueue
                0x10009f84       0x88 CMakeFiles/main_full.dir/C_/repo/github/TDG-Keyboard/FreeRTOS/queue.c.obj
 .text.xQueueGenericReset
                0x1000a00c       0xd8 CMakeFiles/main_full.dir/C_/repo/github/TDG-Keyboard/FreeRTOS/queue.c.obj
                0x1000a00c                xQueueGenericReset
 .text.prvInitialiseNewQueue
                0x1000a0e4       0x26 CMakeFiles/main_full.dir/C_/repo/github/TDG-Keyboard/FreeRTOS/queue.c.obj
 *fill*         0x1000a10a        0x2 
 .text.xQueueGenericCreate
                0x1000a10c       0x8c CMakeFiles/main_full.dir/C_/repo/github/TDG-Keyboard/FreeRTOS/queue.c.obj
                0x1000a10c                xQueueGenericCreate
 .text.xQueueGetMutexHolder
                0x1000a198       0x38 CMakeFiles/main_full.dir/C_/repo/github/TDG-Keyboard/FreeRTOS/queue.c.obj
                0x1000a198                xQueueGetMutexHolder
 .text.xQueueGetMutexHolderFromISR
                0x1000a1d0       0x30 CMakeFiles/main_full.dir/C_/repo/github/TDG-Keyboard/FreeRTOS/queue.c.obj
                0x1000a1d0                xQueueGetMutexHolderFromISR
 .text.xQueueCreateCountingSemaphore
                0x1000a200       0x38 CMakeFiles/main_full.dir/C_/repo/github/TDG-Keyboard/FreeRTOS/queue.c.obj
                0x1000a200                xQueueCreateCountingSemaphore
 .text.xQueueGenericSend
                0x1000a238      0x190 CMakeFiles/main_full.dir/C_/repo/github/TDG-Keyboard/FreeRTOS/queue.c.obj
                0x1000a238                xQueueGenericSend
 .text.prvInitialiseMutex
                0x1000a3c8       0x18 CMakeFiles/main_full.dir/C_/repo/github/TDG-Keyboard/FreeRTOS/queue.c.obj
 .text.xQueueCreateMutex
                0x1000a3e0       0x16 CMakeFiles/main_full.dir/C_/repo/github/TDG-Keyboard/FreeRTOS/queue.c.obj
                0x1000a3e0                xQueueCreateMutex
 *fill*         0x1000a3f6        0x2 
 .text.xQueueGiveMutexRecursive
                0x1000a3f8       0x4c CMakeFiles/main_full.dir/C_/repo/github/TDG-Keyboard/FreeRTOS/queue.c.obj
                0x1000a3f8                xQueueGiveMutexRecursive
 .text.xQueueGenericSendFromISR
                0x1000a444      0x130 CMakeFiles/main_full.dir/C_/repo/github/TDG-Keyboard/FreeRTOS/queue.c.obj
                0x1000a444                xQueueGenericSendFromISR
 .text.xQueueGiveFromISR
                0x1000a574       0xfc CMakeFiles/main_full.dir/C_/repo/github/TDG-Keyboard/FreeRTOS/queue.c.obj
                0x1000a574                xQueueGiveFromISR
 .text.xQueueReceive
                0x1000a670      0x150 CMakeFiles/main_full.dir/C_/repo/github/TDG-Keyboard/FreeRTOS/queue.c.obj
                0x1000a670                xQueueReceive
 .text.xQueueSemaphoreTake
                0x1000a7c0      0x1a0 CMakeFiles/main_full.dir/C_/repo/github/TDG-Keyboard/FreeRTOS/queue.c.obj
                0x1000a7c0                xQueueSemaphoreTake
 .text.xQueueTakeMutexRecursive
                0x1000a960       0x50 CMakeFiles/main_full.dir/C_/repo/github/TDG-Keyboard/FreeRTOS/queue.c.obj
                0x1000a960                xQueueTakeMutexRecursive
 .text.xQueuePeek
                0x1000a9b0      0x14c CMakeFiles/main_full.dir/C_/repo/github/TDG-Keyboard/FreeRTOS/queue.c.obj
                0x1000a9b0                xQueuePeek
 .text.xQueueReceiveFromISR
                0x1000aafc       0xd0 CMakeFiles/main_full.dir/C_/repo/github/TDG-Keyboard/FreeRTOS/queue.c.obj
                0x1000aafc                xQueueReceiveFromISR
 .text.xQueuePeekFromISR
                0x1000abcc       0x84 CMakeFiles/main_full.dir/C_/repo/github/TDG-Keyboard/FreeRTOS/queue.c.obj
                0x1000abcc                xQueuePeekFromISR
 .text.uxQueueMessagesWaiting
                0x1000ac50       0x30 CMakeFiles/main_full.dir/C_/repo/github/TDG-Keyboard/FreeRTOS/queue.c.obj
                0x1000ac50                uxQueueMessagesWaiting
 .text.uxQueueSpacesAvailable
                0x1000ac80       0x34 CMakeFiles/main_full.dir/C_/repo/github/TDG-Keyboard/FreeRTOS/queue.c.obj
                0x1000ac80                uxQueueSpacesAvailable
 .text.xQueueIsQueueFullFromISR
                0x1000acb4       0x34 CMakeFiles/main_full.dir/C_/repo/github/TDG-Keyboard/FreeRTOS/queue.c.obj
                0x1000acb4                xQueueIsQueueFullFromISR
 .text.vQueueAddToRegistry
                0x1000ace8       0x64 CMakeFiles/main_full.dir/C_/repo/github/TDG-Keyboard/FreeRTOS/queue.c.obj
                0x1000ace8                vQueueAddToRegistry
 .text.vQueueWaitForMessageRestricted
                0x1000ad4c       0x50 CMakeFiles/main_full.dir/C_/repo/github/TDG-Keyboard/FreeRTOS/queue.c.obj
                0x1000ad4c                vQueueWaitForMessageRestricted
 .text.prvResetNextTaskUnblockTime
                0x1000ad9c       0x2c CMakeFiles/main_full.dir/C_/repo/github/TDG-Keyboard/FreeRTOS/tasks.c.obj
 .text.prvDeleteTCB
                0x1000adc8       0x12 CMakeFiles/main_full.dir/C_/repo/github/TDG-Keyboard/FreeRTOS/tasks.c.obj
 *fill*         0x1000adda        0x2 
 .text.prvTaskIsTaskSuspended
                0x1000addc       0x50 CMakeFiles/main_full.dir/C_/repo/github/TDG-Keyboard/FreeRTOS/tasks.c.obj
 .text.prvInitialiseNewTask
                0x1000ae2c       0xe4 CMakeFiles/main_full.dir/C_/repo/github/TDG-Keyboard/FreeRTOS/tasks.c.obj
 .text.prvInitialiseTaskLists
                0x1000af10       0x68 CMakeFiles/main_full.dir/C_/repo/github/TDG-Keyboard/FreeRTOS/tasks.c.obj
 .text.prvAddNewTaskToReadyList
                0x1000af78       0xc4 CMakeFiles/main_full.dir/C_/repo/github/TDG-Keyboard/FreeRTOS/tasks.c.obj
 .text.prvCheckTasksWaitingTermination
                0x1000b03c       0x44 CMakeFiles/main_full.dir/C_/repo/github/TDG-Keyboard/FreeRTOS/tasks.c.obj
 .text.prvIdleTask
                0x1000b080       0x18 CMakeFiles/main_full.dir/C_/repo/github/TDG-Keyboard/FreeRTOS/tasks.c.obj
 .text.prvAddCurrentTaskToDelayedList
                0x1000b098       0x9c CMakeFiles/main_full.dir/C_/repo/github/TDG-Keyboard/FreeRTOS/tasks.c.obj
 .text.xTaskCreate
                0x1000b134       0x60 CMakeFiles/main_full.dir/C_/repo/github/TDG-Keyboard/FreeRTOS/tasks.c.obj
                0x1000b134                xTaskCreate
 .text.vTaskDelete
                0x1000b194       0xc0 CMakeFiles/main_full.dir/C_/repo/github/TDG-Keyboard/FreeRTOS/tasks.c.obj
                0x1000b194                vTaskDelete
 .text.eTaskGetState
                0x1000b254       0xa8 CMakeFiles/main_full.dir/C_/repo/github/TDG-Keyboard/FreeRTOS/tasks.c.obj
                0x1000b254                eTaskGetState
 .text.uxTaskPriorityGet
                0x1000b2fc       0x20 CMakeFiles/main_full.dir/C_/repo/github/TDG-Keyboard/FreeRTOS/tasks.c.obj
                0x1000b2fc                uxTaskPriorityGet
 .text.vTaskPrioritySet
                0x1000b31c       0xf4 CMakeFiles/main_full.dir/C_/repo/github/TDG-Keyboard/FreeRTOS/tasks.c.obj
                0x1000b31c                vTaskPrioritySet
 .text.vTaskResume
                0x1000b410       0xa4 CMakeFiles/main_full.dir/C_/repo/github/TDG-Keyboard/FreeRTOS/tasks.c.obj
                0x1000b410                vTaskResume
 .text.vTaskStartScheduler
                0x1000b4b4       0x84 CMakeFiles/main_full.dir/C_/repo/github/TDG-Keyboard/FreeRTOS/tasks.c.obj
                0x1000b4b4                vTaskStartScheduler
 .text.vTaskSuspendAll
                0x1000b538       0x10 CMakeFiles/main_full.dir/C_/repo/github/TDG-Keyboard/FreeRTOS/tasks.c.obj
                0x1000b538                vTaskSuspendAll
 .text.xTaskGetTickCount
                0x1000b548        0xc CMakeFiles/main_full.dir/C_/repo/github/TDG-Keyboard/FreeRTOS/tasks.c.obj
                0x1000b548                xTaskGetTickCount
 .text.xTaskGetTickCountFromISR
                0x1000b554        0xc CMakeFiles/main_full.dir/C_/repo/github/TDG-Keyboard/FreeRTOS/tasks.c.obj
                0x1000b554                xTaskGetTickCountFromISR
 .text.uxTaskGetNumberOfTasks
                0x1000b560        0xc CMakeFiles/main_full.dir/C_/repo/github/TDG-Keyboard/FreeRTOS/tasks.c.obj
                0x1000b560                uxTaskGetNumberOfTasks
 .text.xTaskIncrementTick
                0x1000b56c      0x198 CMakeFiles/main_full.dir/C_/repo/github/TDG-Keyboard/FreeRTOS/tasks.c.obj
                0x1000b56c                xTaskIncrementTick
 .text.xTaskResumeAll
                0x1000b704      0x15c CMakeFiles/main_full.dir/C_/repo/github/TDG-Keyboard/FreeRTOS/tasks.c.obj
                0x1000b704                xTaskResumeAll
 .text.xTaskDelayUntil
                0x1000b860       0xb8 CMakeFiles/main_full.dir/C_/repo/github/TDG-Keyboard/FreeRTOS/tasks.c.obj
                0x1000b860                xTaskDelayUntil
 .text.vTaskDelay
                0x1000b918       0x48 CMakeFiles/main_full.dir/C_/repo/github/TDG-Keyboard/FreeRTOS/tasks.c.obj
                0x1000b918                vTaskDelay
 .text.xTaskCatchUpTicks
                0x1000b960       0x44 CMakeFiles/main_full.dir/C_/repo/github/TDG-Keyboard/FreeRTOS/tasks.c.obj
                0x1000b960                xTaskCatchUpTicks
 .text.xTaskAbortDelay
                0x1000b9a4       0xc8 CMakeFiles/main_full.dir/C_/repo/github/TDG-Keyboard/FreeRTOS/tasks.c.obj
                0x1000b9a4                xTaskAbortDelay
 .text.vTaskSwitchContext
                0x1000ba6c       0xd4 CMakeFiles/main_full.dir/C_/repo/github/TDG-Keyboard/FreeRTOS/tasks.c.obj
                0x1000ba6c                vTaskSwitchContext
 .text.vTaskSuspend
                0x1000bb40       0xd4 CMakeFiles/main_full.dir/C_/repo/github/TDG-Keyboard/FreeRTOS/tasks.c.obj
                0x1000bb40                vTaskSuspend
 .text.vTaskPlaceOnEventList
                0x1000bc14       0x3c CMakeFiles/main_full.dir/C_/repo/github/TDG-Keyboard/FreeRTOS/tasks.c.obj
                0x1000bc14                vTaskPlaceOnEventList
 .text.vTaskPlaceOnUnorderedEventList
                0x1000bc50       0x80 CMakeFiles/main_full.dir/C_/repo/github/TDG-Keyboard/FreeRTOS/tasks.c.obj
                0x1000bc50                vTaskPlaceOnUnorderedEventList
 .text.vTaskPlaceOnEventListRestricted
                0x1000bcd0       0x60 CMakeFiles/main_full.dir/C_/repo/github/TDG-Keyboard/FreeRTOS/tasks.c.obj
                0x1000bcd0                vTaskPlaceOnEventListRestricted
 .text.xTaskRemoveFromEventList
                0x1000bd30      0x100 CMakeFiles/main_full.dir/C_/repo/github/TDG-Keyboard/FreeRTOS/tasks.c.obj
                0x1000bd30                xTaskRemoveFromEventList
 .text.vTaskRemoveFromUnorderedEventList
                0x1000be30       0xf8 CMakeFiles/main_full.dir/C_/repo/github/TDG-Keyboard/FreeRTOS/tasks.c.obj
                0x1000be30                vTaskRemoveFromUnorderedEventList
 .text.vTaskInternalSetTimeOutState
                0x1000bf28       0x18 CMakeFiles/main_full.dir/C_/repo/github/TDG-Keyboard/FreeRTOS/tasks.c.obj
                0x1000bf28                vTaskInternalSetTimeOutState
 .text.xTaskCheckForTimeOut
                0x1000bf40       0xb4 CMakeFiles/main_full.dir/C_/repo/github/TDG-Keyboard/FreeRTOS/tasks.c.obj
                0x1000bf40                xTaskCheckForTimeOut
 .text.vTaskMissedYield
                0x1000bff4        0xc CMakeFiles/main_full.dir/C_/repo/github/TDG-Keyboard/FreeRTOS/tasks.c.obj
                0x1000bff4                vTaskMissedYield
 .text.xTaskGetCurrentTaskHandle
                0x1000c000        0xc CMakeFiles/main_full.dir/C_/repo/github/TDG-Keyboard/FreeRTOS/tasks.c.obj
                0x1000c000                xTaskGetCurrentTaskHandle
 .text.xTaskGetSchedulerState
                0x1000c00c       0x24 CMakeFiles/main_full.dir/C_/repo/github/TDG-Keyboard/FreeRTOS/tasks.c.obj
                0x1000c00c                xTaskGetSchedulerState
 .text.xTaskPriorityInherit
                0x1000c030       0xb4 CMakeFiles/main_full.dir/C_/repo/github/TDG-Keyboard/FreeRTOS/tasks.c.obj
                0x1000c030                xTaskPriorityInherit
 .text.xTaskPriorityDisinherit
                0x1000c0e4       0xc0 CMakeFiles/main_full.dir/C_/repo/github/TDG-Keyboard/FreeRTOS/tasks.c.obj
                0x1000c0e4                xTaskPriorityDisinherit
 .text.vTaskPriorityDisinheritAfterTimeout
                0x1000c1a4       0xcc CMakeFiles/main_full.dir/C_/repo/github/TDG-Keyboard/FreeRTOS/tasks.c.obj
                0x1000c1a4                vTaskPriorityDisinheritAfterTimeout
 .text.uxTaskResetEventItemValue
                0x1000c270       0x18 CMakeFiles/main_full.dir/C_/repo/github/TDG-Keyboard/FreeRTOS/tasks.c.obj
                0x1000c270                uxTaskResetEventItemValue
 .text.pvTaskIncrementMutexHeldCount
                0x1000c288       0x1c CMakeFiles/main_full.dir/C_/repo/github/TDG-Keyboard/FreeRTOS/tasks.c.obj
                0x1000c288                pvTaskIncrementMutexHeldCount
 .text.ulTaskGenericNotifyTake
                0x1000c2a4       0xac CMakeFiles/main_full.dir/C_/repo/github/TDG-Keyboard/FreeRTOS/tasks.c.obj
                0x1000c2a4                ulTaskGenericNotifyTake
 .text.xTaskGenericNotifyWait
                0x1000c350       0xc0 CMakeFiles/main_full.dir/C_/repo/github/TDG-Keyboard/FreeRTOS/tasks.c.obj
                0x1000c350                xTaskGenericNotifyWait
 .text.xTaskGenericNotify
                0x1000c410      0x17c CMakeFiles/main_full.dir/C_/repo/github/TDG-Keyboard/FreeRTOS/tasks.c.obj
                0x1000c410                xTaskGenericNotify
 .text.xTaskGenericNotifyFromISR
                0x1000c58c      0x1c0 CMakeFiles/main_full.dir/C_/repo/github/TDG-Keyboard/FreeRTOS/tasks.c.obj
                0x1000c58c                xTaskGenericNotifyFromISR
 .text.vTaskGenericNotifyGiveFromISR
                0x1000c74c      0x138 CMakeFiles/main_full.dir/C_/repo/github/TDG-Keyboard/FreeRTOS/tasks.c.obj
                0x1000c74c                vTaskGenericNotifyGiveFromISR
 .text.xTaskGenericNotifyStateClear
                0x1000c884       0x58 CMakeFiles/main_full.dir/C_/repo/github/TDG-Keyboard/FreeRTOS/tasks.c.obj
                0x1000c884                xTaskGenericNotifyStateClear
 .text.ulTaskGenericNotifyValueClear
                0x1000c8dc       0x30 CMakeFiles/main_full.dir/C_/repo/github/TDG-Keyboard/FreeRTOS/tasks.c.obj
                0x1000c8dc                ulTaskGenericNotifyValueClear
 .text.prvGetNextExpireTime
                0x1000c90c       0x24 CMakeFiles/main_full.dir/C_/repo/github/TDG-Keyboard/FreeRTOS/timers.c.obj
 .text.prvInsertTimerInActiveList
                0x1000c930       0x48 CMakeFiles/main_full.dir/C_/repo/github/TDG-Keyboard/FreeRTOS/timers.c.obj
 .text.prvReloadTimer
                0x1000c978       0x2a CMakeFiles/main_full.dir/C_/repo/github/TDG-Keyboard/FreeRTOS/timers.c.obj
 *fill*         0x1000c9a2        0x2 
 .text.prvProcessExpiredTimer
                0x1000c9a4       0x3c CMakeFiles/main_full.dir/C_/repo/github/TDG-Keyboard/FreeRTOS/timers.c.obj
 .text.prvSwitchTimerLists
                0x1000c9e0       0x30 CMakeFiles/main_full.dir/C_/repo/github/TDG-Keyboard/FreeRTOS/timers.c.obj
 .text.prvSampleTimeNow
                0x1000ca10       0x2c CMakeFiles/main_full.dir/C_/repo/github/TDG-Keyboard/FreeRTOS/timers.c.obj
 .text.prvProcessTimerOrBlockTask
                0x1000ca3c       0x70 CMakeFiles/main_full.dir/C_/repo/github/TDG-Keyboard/FreeRTOS/timers.c.obj
 .text.prvProcessReceivedCommands
                0x1000caac      0x108 CMakeFiles/main_full.dir/C_/repo/github/TDG-Keyboard/FreeRTOS/timers.c.obj
 .text.prvTimerTask
                0x1000cbb4       0x16 CMakeFiles/main_full.dir/C_/repo/github/TDG-Keyboard/FreeRTOS/timers.c.obj
 *fill*         0x1000cbca        0x2 
 .text.prvCheckForValidListAndQueue
                0x1000cbcc       0x60 CMakeFiles/main_full.dir/C_/repo/github/TDG-Keyboard/FreeRTOS/timers.c.obj
 .text.prvInitialiseNewTimer
                0x1000cc2c       0x58 CMakeFiles/main_full.dir/C_/repo/github/TDG-Keyboard/FreeRTOS/timers.c.obj
 .text.xTimerCreateTimerTask
                0x1000cc84       0x58 CMakeFiles/main_full.dir/C_/repo/github/TDG-Keyboard/FreeRTOS/timers.c.obj
                0x1000cc84                xTimerCreateTimerTask
 .text.xTimerCreate
                0x1000ccdc       0x34 CMakeFiles/main_full.dir/C_/repo/github/TDG-Keyboard/FreeRTOS/timers.c.obj
                0x1000ccdc                xTimerCreate
 .text.xTimerGenericCommand
                0x1000cd10       0x78 CMakeFiles/main_full.dir/C_/repo/github/TDG-Keyboard/FreeRTOS/timers.c.obj
                0x1000cd10                xTimerGenericCommand
 .text.vTimerSetReloadMode
                0x1000cd88       0x48 CMakeFiles/main_full.dir/C_/repo/github/TDG-Keyboard/FreeRTOS/timers.c.obj
                0x1000cd88                vTimerSetReloadMode
 .text.uxTimerGetReloadMode
                0x1000cdd0       0x3c CMakeFiles/main_full.dir/C_/repo/github/TDG-Keyboard/FreeRTOS/timers.c.obj
                0x1000cdd0                uxTimerGetReloadMode
 .text.pcTimerGetName
                0x1000ce0c       0x24 CMakeFiles/main_full.dir/C_/repo/github/TDG-Keyboard/FreeRTOS/timers.c.obj
                0x1000ce0c                pcTimerGetName
 .text.xTimerIsTimerActive
                0x1000ce30       0x3c CMakeFiles/main_full.dir/C_/repo/github/TDG-Keyboard/FreeRTOS/timers.c.obj
                0x1000ce30                xTimerIsTimerActive
 .text.pvTimerGetTimerID
                0x1000ce6c       0x30 CMakeFiles/main_full.dir/C_/repo/github/TDG-Keyboard/FreeRTOS/timers.c.obj
                0x1000ce6c                pvTimerGetTimerID
 .text.vTimerSetTimerID
                0x1000ce9c       0x34 CMakeFiles/main_full.dir/C_/repo/github/TDG-Keyboard/FreeRTOS/timers.c.obj
                0x1000ce9c                vTimerSetTimerID
 .text.xTimerPendFunctionCallFromISR
                0x1000ced0       0x28 CMakeFiles/main_full.dir/C_/repo/github/TDG-Keyboard/FreeRTOS/timers.c.obj
                0x1000ced0                xTimerPendFunctionCallFromISR
 .text.exception_is_compile_time_default
                0x1000cef8       0x20 CMakeFiles/main_full.dir/C_/repo/github/pico-sdk/src/rp2_common/hardware_exception/exception.c.obj
 .text.set_raw_exception_handler_and_restore_interrupts
                0x1000cf18       0x18 CMakeFiles/main_full.dir/C_/repo/github/pico-sdk/src/rp2_common/hardware_exception/exception.c.obj
 .text.exception_get_vtable_handler
                0x1000cf30       0x10 CMakeFiles/main_full.dir/C_/repo/github/pico-sdk/src/rp2_common/hardware_exception/exception.c.obj
                0x1000cf30                exception_get_vtable_handler
 .text.exception_set_exclusive_handler
                0x1000cf40       0x44 CMakeFiles/main_full.dir/C_/repo/github/pico-sdk/src/rp2_common/hardware_exception/exception.c.obj
                0x1000cf40                exception_set_exclusive_handler
 .text.prvHeapInit
                0x1000cf84       0x64 CMakeFiles/main_full.dir/C_/repo/github/TDG-Keyboard/FreeRTOS/portable/MemMang/heap_4.c.obj
 .text.prvInsertBlockIntoFreeList
                0x1000cfe8       0x54 CMakeFiles/main_full.dir/C_/repo/github/TDG-Keyboard/FreeRTOS/portable/MemMang/heap_4.c.obj
 .text.pvPortMalloc
                0x1000d03c      0x128 CMakeFiles/main_full.dir/C_/repo/github/TDG-Keyboard/FreeRTOS/portable/MemMang/heap_4.c.obj
                0x1000d03c                pvPortMalloc
 .text.vPortFree
                0x1000d164       0x84 CMakeFiles/main_full.dir/C_/repo/github/TDG-Keyboard/FreeRTOS/portable/MemMang/heap_4.c.obj
                0x1000d164                vPortFree
 .text          0x1000d1e8       0x88 c:/apps/gnu arm embedded toolchain/10 2021.10/bin/../lib/gcc/arm-none-eabi/10.3.1/../../../../arm-none-eabi/lib/thumb/v6-m/nofp\libg.a(lib_a-strcmp.o)
                0x1000d1e8                strcmp
 .text.strlen   0x1000d270       0x5c c:/apps/gnu arm embedded toolchain/10 2021.10/bin/../lib/gcc/arm-none-eabi/10.3.1/../../../../arm-none-eabi/lib/thumb/v6-m/nofp\libg.a(lib_a-strlen-stub.o)
                0x1000d270                strlen
 *(.fini)
 .fini          0x1000d2cc        0x4 c:/apps/gnu arm embedded toolchain/10 2021.10/bin/../lib/gcc/arm-none-eabi/10.3.1/thumb/v6-m/nofp/crti.o
                0x1000d2cc                _fini
 .fini.__stub   0x1000d2d0       0x50 linker stubs
 *crtbegin.o(.ctors)
 *crtbegin?.o(.ctors)
 *(EXCLUDE_FILE(*crtend.o *crtend?.o) .ctors)
 *(SORT_BY_NAME(.ctors.*))
 *(.ctors)
 *crtbegin.o(.dtors)
 *crtbegin?.o(.dtors)
 *(EXCLUDE_FILE(*crtend.o *crtend?.o) .dtors)
 *(SORT_BY_NAME(.dtors.*))
 *(.dtors)
 *(.eh_frame*)
 .eh_frame      0x1000d320        0x0 c:/apps/gnu arm embedded toolchain/10 2021.10/bin/../lib/gcc/arm-none-eabi/10.3.1/thumb/v6-m/nofp/crtbegin.o
                0x1000d320                . = ALIGN (0x4)

.glue_7         0x1000d320        0x0
 .glue_7        0x1000d320        0x0 linker stubs

.glue_7t        0x1000d320        0x0
 .glue_7t       0x1000d320        0x0 linker stubs

.vfp11_veneer   0x1000d320        0x0
 .vfp11_veneer  0x1000d320        0x0 linker stubs

.v4_bx          0x1000d320        0x0
 .v4_bx         0x1000d320        0x0 linker stubs

.iplt           0x1000d320        0x0
 .iplt          0x1000d320        0x0 c:/apps/gnu arm embedded toolchain/10 2021.10/bin/../lib/gcc/arm-none-eabi/10.3.1/thumb/v6-m/nofp/crtbegin.o

.rodata         0x1000d320     0x354c
 *(EXCLUDE_FILE(*libm.a: *libc.a:*lib_a-mem*.o *libgcc.a:) .rodata*)
 .rodata.main.str1.4
                0x1000d320       0x1b CMakeFiles/main_full.dir/main.c.obj
 *fill*         0x1000d33b        0x1 
 .rodata.vApplicationMallocFailedHook.str1.4
                0x1000d33c       0x47 CMakeFiles/main_full.dir/main.c.obj
 *fill*         0x1000d383        0x1 
 .rodata.__func__.0
                0x1000d384       0x1e CMakeFiles/main_full.dir/main.c.obj
 *fill*         0x1000d3a2        0x2 
 .rodata.__func__.1
                0x1000d3a4       0x1d CMakeFiles/main_full.dir/main.c.obj
 *fill*         0x1000d3c1        0x3 
 .rodata.prvCheckTask.str1.4
                0x1000d3c4       0x21 CMakeFiles/main_full.dir/main_full.c.obj
 *fill*         0x1000d3e5        0x3 
 .rodata.main_full.str1.4
                0x1000d3e8      0x132 CMakeFiles/main_full.dir/main_full.c.obj
 *fill*         0x1000d51a        0x2 
 .rodata.prvAlarm0Callback.str1.4
                0x1000d51c       0x9a CMakeFiles/main_full.dir/IntQueueTimer.c.obj
 *fill*         0x1000d5b6        0x2 
 .rodata.prvAlarm1Callback.str1.4
                0x1000d5b8        0xb CMakeFiles/main_full.dir/IntQueueTimer.c.obj
 *fill*         0x1000d5c3        0x1 
 .rodata.__func__.0
                0x1000d5c4       0x12 CMakeFiles/main_full.dir/IntQueueTimer.c.obj
 *fill*         0x1000d5d6        0x2 
 .rodata.__func__.1
                0x1000d5d8       0x15 CMakeFiles/main_full.dir/IntQueueTimer.c.obj
 *fill*         0x1000d5ed        0x3 
 .rodata.__func__.2
                0x1000d5f0       0x12 CMakeFiles/main_full.dir/IntQueueTimer.c.obj
 *fill*         0x1000d602        0x2 
 .rodata.vCreateBlockTimeTasks.str1.4
                0x1000d604       0x23 CMakeFiles/main_full.dir/C_/repo/github/TDG-Keyboard/Common/Minimal/blocktim.c.obj
 *fill*         0x1000d627        0x1 
 .rodata.prvIncrementSemaphoreCount.str1.4
                0x1000d628       0x7a CMakeFiles/main_full.dir/C_/repo/github/TDG-Keyboard/Common/Minimal/countsem.c.obj
 *fill*         0x1000d6a2        0x2 
 .rodata.prvDecrementSemaphoreCount.str1.4
                0x1000d6a4       0x90 CMakeFiles/main_full.dir/C_/repo/github/TDG-Keyboard/Common/Minimal/countsem.c.obj
 .rodata.vStartCountingSemaphoreTasks.str1.4
                0x1000d734       0x2d CMakeFiles/main_full.dir/C_/repo/github/TDG-Keyboard/Common/Minimal/countsem.c.obj
 *fill*         0x1000d761        0x3 
 .rodata.__func__.2
                0x1000d764       0x1b CMakeFiles/main_full.dir/C_/repo/github/TDG-Keyboard/Common/Minimal/countsem.c.obj
 *fill*         0x1000d77f        0x1 
 .rodata.__func__.3
                0x1000d780       0x1b CMakeFiles/main_full.dir/C_/repo/github/TDG-Keyboard/Common/Minimal/countsem.c.obj
 *fill*         0x1000d79b        0x1 
 .rodata.prvRecursiveMutexPollingTask.str1.4
                0x1000d79c      0x193 CMakeFiles/main_full.dir/C_/repo/github/TDG-Keyboard/Common/Minimal/recmutex.c.obj
 *fill*         0x1000d92f        0x1 
 .rodata.vStartRecursiveMutexTasks.str1.4
                0x1000d930       0x25 CMakeFiles/main_full.dir/C_/repo/github/TDG-Keyboard/Common/Minimal/recmutex.c.obj
 *fill*         0x1000d955        0x3 
 .rodata.__func__.3
                0x1000d958       0x1d CMakeFiles/main_full.dir/C_/repo/github/TDG-Keyboard/Common/Minimal/recmutex.c.obj
 *fill*         0x1000d975        0x3 
 .rodata.prvQueueOverwriteTask.str1.4
                0x1000d978       0x48 CMakeFiles/main_full.dir/C_/repo/github/TDG-Keyboard/Common/Minimal/QueueOverwrite.c.obj
 .rodata.vStartQueueOverwriteTask.str1.4
                0x1000d9c0        0x6 CMakeFiles/main_full.dir/C_/repo/github/TDG-Keyboard/Common/Minimal/QueueOverwrite.c.obj
 *fill*         0x1000d9c6        0x2 
 .rodata.vQueueOverwritePeriodicISRDemo.str1.4
                0x1000d9c8        0xa CMakeFiles/main_full.dir/C_/repo/github/TDG-Keyboard/Common/Minimal/QueueOverwrite.c.obj
 *fill*         0x1000d9d2        0x2 
 .rodata.__func__.1
                0x1000d9d4       0x1f CMakeFiles/main_full.dir/C_/repo/github/TDG-Keyboard/Common/Minimal/QueueOverwrite.c.obj
 *fill*         0x1000d9f3        0x1 
 .rodata.__func__.2
                0x1000d9f4       0x16 CMakeFiles/main_full.dir/C_/repo/github/TDG-Keyboard/Common/Minimal/QueueOverwrite.c.obj
 *fill*         0x1000da0a        0x2 
 .rodata.prvSyncTask.str1.4
                0x1000da0c      0x130 CMakeFiles/main_full.dir/C_/repo/github/TDG-Keyboard/Common/Minimal/EventGroupsDemo.c.obj
 .rodata.prvTestSlaveTask.str1.4
                0x1000db3c       0x1f CMakeFiles/main_full.dir/C_/repo/github/TDG-Keyboard/Common/Minimal/EventGroupsDemo.c.obj
 *fill*         0x1000db5b        0x1 
 .rodata.prvTestMasterTask.str1.4
                0x1000db5c        0xc CMakeFiles/main_full.dir/C_/repo/github/TDG-Keyboard/Common/Minimal/EventGroupsDemo.c.obj
 .rodata.vStartEventGroupTasks.str1.4
                0x1000db68       0x33 CMakeFiles/main_full.dir/C_/repo/github/TDG-Keyboard/Common/Minimal/EventGroupsDemo.c.obj
 *fill*         0x1000db9b        0x1 
 .rodata.__func__.5
                0x1000db9c       0x1f CMakeFiles/main_full.dir/C_/repo/github/TDG-Keyboard/Common/Minimal/EventGroupsDemo.c.obj
 *fill*         0x1000dbbb        0x1 
 .rodata.__func__.6
                0x1000dbbc       0x11 CMakeFiles/main_full.dir/C_/repo/github/TDG-Keyboard/Common/Minimal/EventGroupsDemo.c.obj
 *fill*         0x1000dbcd        0x3 
 .rodata.__func__.7
                0x1000dbd0       0x12 CMakeFiles/main_full.dir/C_/repo/github/TDG-Keyboard/Common/Minimal/EventGroupsDemo.c.obj
 *fill*         0x1000dbe2        0x2 
 .rodata.__func__.8
                0x1000dbe4        0xc CMakeFiles/main_full.dir/C_/repo/github/TDG-Keyboard/Common/Minimal/EventGroupsDemo.c.obj
 .rodata.__func__.9
                0x1000dbf0       0x16 CMakeFiles/main_full.dir/C_/repo/github/TDG-Keyboard/Common/Minimal/EventGroupsDemo.c.obj
 *fill*         0x1000dc06        0x2 
 .rodata.prvTakeAndGiveInTheSameOrder.str1.4
                0x1000dc08       0x8e CMakeFiles/main_full.dir/C_/repo/github/TDG-Keyboard/Common/Minimal/IntSemTest.c.obj
 *fill*         0x1000dc96        0x2 
 .rodata.vStartInterruptSemaphoreTasks.str1.4
                0x1000dc98       0x4f CMakeFiles/main_full.dir/C_/repo/github/TDG-Keyboard/Common/Minimal/IntSemTest.c.obj
 *fill*         0x1000dce7        0x1 
 .rodata.vInterruptSemaphorePeriodicTest.str1.4
                0x1000dce8       0x70 CMakeFiles/main_full.dir/C_/repo/github/TDG-Keyboard/Common/Minimal/IntSemTest.c.obj
 .rodata.__func__.2
                0x1000dd58       0x20 CMakeFiles/main_full.dir/C_/repo/github/TDG-Keyboard/Common/Minimal/IntSemTest.c.obj
 .rodata.__func__.4
                0x1000dd78       0x21 CMakeFiles/main_full.dir/C_/repo/github/TDG-Keyboard/Common/Minimal/IntSemTest.c.obj
 *fill*         0x1000dd99        0x3 
 .rodata.__func__.5
                0x1000dd9c       0x1d CMakeFiles/main_full.dir/C_/repo/github/TDG-Keyboard/Common/Minimal/IntSemTest.c.obj
 *fill*         0x1000ddb9        0x3 
 .rodata.__func__.6
                0x1000ddbc       0x1e CMakeFiles/main_full.dir/C_/repo/github/TDG-Keyboard/Common/Minimal/IntSemTest.c.obj
 *fill*         0x1000ddda        0x2 
 .rodata.vStartInterruptQueueTasks.str1.4
                0x1000dddc       0x4e CMakeFiles/main_full.dir/C_/repo/github/TDG-Keyboard/Common/Minimal/IntQueue.c.obj
 *fill*         0x1000de2a        0x2 
 .rodata.prvSingleTaskTests.str1.4
                0x1000de2c      0x5c1 CMakeFiles/main_full.dir/C_/repo/github/TDG-Keyboard/Common/Minimal/TaskNotify.c.obj
 *fill*         0x1000e3ed        0x3 
 .rodata.prvNotifiedTask.str1.4
                0x1000e3f0        0x9 CMakeFiles/main_full.dir/C_/repo/github/TDG-Keyboard/Common/Minimal/TaskNotify.c.obj
 *fill*         0x1000e3f9        0x3 
 .rodata.prvSuspendedTaskTimerTestCallback.str1.4
                0x1000e3fc       0x2d CMakeFiles/main_full.dir/C_/repo/github/TDG-Keyboard/Common/Minimal/TaskNotify.c.obj
 *fill*         0x1000e429        0x3 
 .rodata.vStartTaskNotifyTask.str1.4
                0x1000e42c        0x9 CMakeFiles/main_full.dir/C_/repo/github/TDG-Keyboard/Common/Minimal/TaskNotify.c.obj
 *fill*         0x1000e435        0x3 
 .rodata.xNotifyTaskFromISR.str1.4
                0x1000e438       0x35 CMakeFiles/main_full.dir/C_/repo/github/TDG-Keyboard/Common/Minimal/TaskNotify.c.obj
 *fill*         0x1000e46d        0x3 
 .rodata.__func__.3
                0x1000e470       0x13 CMakeFiles/main_full.dir/C_/repo/github/TDG-Keyboard/Common/Minimal/TaskNotify.c.obj
 *fill*         0x1000e483        0x1 
 .rodata.__func__.4
                0x1000e484       0x22 CMakeFiles/main_full.dir/C_/repo/github/TDG-Keyboard/Common/Minimal/TaskNotify.c.obj
 *fill*         0x1000e4a6        0x2 
 .rodata.__func__.6
                0x1000e4a8       0x13 CMakeFiles/main_full.dir/C_/repo/github/TDG-Keyboard/Common/Minimal/TaskNotify.c.obj
 *fill*         0x1000e4bb        0x1 
 .rodata.prvOneShotTimerCallback.str1.4
                0x1000e4bc       0x57 CMakeFiles/main_full.dir/C_/repo/github/TDG-Keyboard/Common/Minimal/TimerDemo.c.obj
 *fill*         0x1000e513        0x1 
 .rodata.prvTest2_CheckTaskAndTimersInitialState.str1.4
                0x1000e514        0xc CMakeFiles/main_full.dir/C_/repo/github/TDG-Keyboard/Common/Minimal/TimerDemo.c.obj
 .rodata.prvTimerTestTask.str1.4
                0x1000e520       0x8e CMakeFiles/main_full.dir/C_/repo/github/TDG-Keyboard/Common/Minimal/TimerDemo.c.obj
 *fill*         0x1000e5ae        0x2 
 .rodata.prvTest1_CreateTimersWithoutSchedulerRunning.str1.4
                0x1000e5b0       0x67 CMakeFiles/main_full.dir/C_/repo/github/TDG-Keyboard/Common/Minimal/TimerDemo.c.obj
 *fill*         0x1000e617        0x1 
 .rodata.vStartTimerDemoTask.str1.4
                0x1000e618        0x8 CMakeFiles/main_full.dir/C_/repo/github/TDG-Keyboard/Common/Minimal/TimerDemo.c.obj
 .rodata.__func__.0
                0x1000e620       0x17 CMakeFiles/main_full.dir/C_/repo/github/TDG-Keyboard/Common/Minimal/TimerDemo.c.obj
 *fill*         0x1000e637        0x1 
 .rodata.__func__.10
                0x1000e638       0x29 CMakeFiles/main_full.dir/C_/repo/github/TDG-Keyboard/Common/Minimal/TimerDemo.c.obj
 *fill*         0x1000e661        0x3 
 .rodata.__func__.11
                0x1000e664       0x2b CMakeFiles/main_full.dir/C_/repo/github/TDG-Keyboard/Common/Minimal/TimerDemo.c.obj
 *fill*         0x1000e68f        0x1 
 .rodata.__func__.12
                0x1000e690       0x24 CMakeFiles/main_full.dir/C_/repo/github/TDG-Keyboard/Common/Minimal/TimerDemo.c.obj
 .rodata.__func__.13
                0x1000e6b4       0x28 CMakeFiles/main_full.dir/C_/repo/github/TDG-Keyboard/Common/Minimal/TimerDemo.c.obj
 .rodata.__func__.14
                0x1000e6dc       0x18 CMakeFiles/main_full.dir/C_/repo/github/TDG-Keyboard/Common/Minimal/TimerDemo.c.obj
 .rodata.__func__.16
                0x1000e6f4       0x11 CMakeFiles/main_full.dir/C_/repo/github/TDG-Keyboard/Common/Minimal/TimerDemo.c.obj
 *fill*         0x1000e705        0x3 
 .rodata.__func__.5
                0x1000e708       0x1b CMakeFiles/main_full.dir/C_/repo/github/TDG-Keyboard/Common/Minimal/TimerDemo.c.obj
 *fill*         0x1000e723        0x1 
 .rodata.__func__.6
                0x1000e724       0x2d CMakeFiles/main_full.dir/C_/repo/github/TDG-Keyboard/Common/Minimal/TimerDemo.c.obj
 *fill*         0x1000e751        0x3 
 .rodata.__func__.7
                0x1000e754       0x28 CMakeFiles/main_full.dir/C_/repo/github/TDG-Keyboard/Common/Minimal/TimerDemo.c.obj
 .rodata.__func__.8
                0x1000e77c       0x1f CMakeFiles/main_full.dir/C_/repo/github/TDG-Keyboard/Common/Minimal/TimerDemo.c.obj
 *fill*         0x1000e79b        0x1 
 .rodata.__func__.9
                0x1000e79c       0x27 CMakeFiles/main_full.dir/C_/repo/github/TDG-Keyboard/Common/Minimal/TimerDemo.c.obj
 *fill*         0x1000e7c3        0x1 
 .rodata.prvTakeTwoMutexesReturnInSameOrder.str1.4
                0x1000e7c4       0x6a CMakeFiles/main_full.dir/C_/repo/github/TDG-Keyboard/Common/Minimal/GenQTest.c.obj
 *fill*         0x1000e82e        0x2 
 .rodata.prvHighPriorityTimeout.str1.4
                0x1000e830       0x27 CMakeFiles/main_full.dir/C_/repo/github/TDG-Keyboard/Common/Minimal/GenQTest.c.obj
 *fill*         0x1000e857        0x1 
 .rodata.prvLowPriorityMutexTask.str1.4
                0x1000e858        0xc CMakeFiles/main_full.dir/C_/repo/github/TDG-Keyboard/Common/Minimal/GenQTest.c.obj
 .rodata.vStartGenericQueueTasks.str1.4
                0x1000e864       0x48 CMakeFiles/main_full.dir/C_/repo/github/TDG-Keyboard/Common/Minimal/GenQTest.c.obj
 .rodata.__func__.2
                0x1000e8ac       0x17 CMakeFiles/main_full.dir/C_/repo/github/TDG-Keyboard/Common/Minimal/GenQTest.c.obj
 *fill*         0x1000e8c3        0x1 
 .rodata.__func__.4
                0x1000e8c4       0x23 CMakeFiles/main_full.dir/C_/repo/github/TDG-Keyboard/Common/Minimal/GenQTest.c.obj
 *fill*         0x1000e8e7        0x1 
 .rodata.__func__.5
                0x1000e8e8       0x28 CMakeFiles/main_full.dir/C_/repo/github/TDG-Keyboard/Common/Minimal/GenQTest.c.obj
 .rodata.__func__.6
                0x1000e910       0x18 CMakeFiles/main_full.dir/C_/repo/github/TDG-Keyboard/Common/Minimal/GenQTest.c.obj
 .rodata.vCreateTasks.str1.4
                0x1000e928       0x10 CMakeFiles/main_full.dir/C_/repo/github/TDG-Keyboard/Common/Minimal/death.c.obj
 .rodata.vCreateSuicidalTasks.str1.4
                0x1000e938        0x8 CMakeFiles/main_full.dir/C_/repo/github/TDG-Keyboard/Common/Minimal/death.c.obj
 .rodata.vStartSemaphoreTasks.str1.4
                0x1000e940       0x20 CMakeFiles/main_full.dir/C_/repo/github/TDG-Keyboard/Common/Minimal/semtest.c.obj
                                 0x3f (size before relaxing)
 .rodata.vStartBlockingQueueTasks.str1.4
                0x1000e960       0x30 CMakeFiles/main_full.dir/C_/repo/github/TDG-Keyboard/Common/Minimal/BlockQ.c.obj
 .rodata.vStartMathTasks.str1.4
                0x1000e990       0x1e CMakeFiles/main_full.dir/C_/repo/github/TDG-Keyboard/Common/Minimal/flop.c.obj
 *fill*         0x1000e9ae        0x2 
 .rodata.repeating_timer_callback.str1.4
                0x1000e9b0       0x48 CMakeFiles/main_full.dir/C_/repo/github/pico-sdk/src/common/pico_time/time.c.obj